ARM Linker, 4.1 [Build 894] [Standard]

==============================================================================

Section Cross References

    startup_stm32f4xx.o(RESET) refers to startup_stm32f4xx.o(STACK) for __initial_sp
    startup_stm32f4xx.o(RESET) refers to startup_stm32f4xx.o(.text) for Reset_Handler
    startup_stm32f4xx.o(RESET) refers to stm32f4xx_it.o(i.NMI_Handler) for NMI_Handler
    startup_stm32f4xx.o(RESET) refers to stm32f4xx_it.o(i.HardFault_Handler) for HardFault_Handler
    startup_stm32f4xx.o(RESET) refers to stm32f4xx_it.o(i.MemManage_Handler) for MemManage_Handler
    startup_stm32f4xx.o(RESET) refers to stm32f4xx_it.o(i.BusFault_Handler) for BusFault_Handler
    startup_stm32f4xx.o(RESET) refers to stm32f4xx_it.o(i.UsageFault_Handler) for UsageFault_Handler
    startup_stm32f4xx.o(RESET) refers to stm32f4xx_it.o(i.SVC_Handler) for SVC_Handler
    startup_stm32f4xx.o(RESET) refers to stm32f4xx_it.o(i.DebugMon_Handler) for DebugMon_Handler
    startup_stm32f4xx.o(RESET) refers to stm32f4xx_it.o(i.SysTick_Handler) for SysTick_Handler
    startup_stm32f4xx.o(RESET) refers to imu_adis16xxx.o(i.EXTI0_IRQHandler) for EXTI0_IRQHandler
    startup_stm32f4xx.o(RESET) refers to timer.o(i.TIM2_IRQHandler) for TIM2_IRQHandler
    startup_stm32f4xx.o(RESET) refers to timer.o(i.TIM3_IRQHandler) for TIM3_IRQHandler
    startup_stm32f4xx.o(RESET) refers to gps.o(i.USART1_IRQHandler) for USART1_IRQHandler
    startup_stm32f4xx.o(RESET) refers to usart.o(i.USART2_IRQHandler) for USART2_IRQHandler
    startup_stm32f4xx.o(.text) refers to system_stm32f4xx.o(i.SystemInit) for SystemInit
    startup_stm32f4xx.o(.text) refers to entry.o(.ARM.Collect$$$$00000000) for __main
    main.o(i.Delay) refers to main.o(.data) for .data
    main.o(i.TimingDelay_Decrement) refers to main.o(.data) for .data
    main.o(i.main) refers to stm32f4xx_rcc.o(i.RCC_GetClocksFreq) for RCC_GetClocksFreq
    main.o(i.main) refers to misc.o(i.NVIC_PriorityGroupConfig) for NVIC_PriorityGroupConfig
    main.o(i.main) refers to usart.o(i.usart2_init) for usart2_init
    main.o(i.main) refers to printfa.o(i.__0printf) for __2printf
    main.o(i.main) refers to key.o(i.KEY_init) for KEY_init
    main.o(i.main) refers to imu_adis16xxx.o(i.IMU_init) for IMU_init
    main.o(i.main) refers to main.o(i.Delay) for Delay
    main.o(i.main) refers to gps.o(i.GPS_init) for GPS_init
    main.o(i.main) refers to timer.o(i.TIM2_Configuration) for TIM2_Configuration
    stm32f4xx_it.o(i.SysTick_Handler) refers to main.o(i.TimingDelay_Decrement) for TimingDelay_Decrement
    system_stm32f4xx.o(i.SystemCoreClockUpdate) refers to system_stm32f4xx.o(.data) for .data
    system_stm32f4xx.o(i.SystemInit) refers to system_stm32f4xx.o(i.SetSysClock) for SetSysClock
    timer.o(i.TIM2_Configuration) refers to stm32f4xx_rcc.o(i.RCC_GetClocksFreq) for RCC_GetClocksFreq
    timer.o(i.TIM2_Configuration) refers to stm32f4xx_rcc.o(i.RCC_APB1PeriphClockCmd) for RCC_APB1PeriphClockCmd
    timer.o(i.TIM2_Configuration) refers to stm32f4xx_tim.o(i.TIM_DeInit) for TIM_DeInit
    timer.o(i.TIM2_Configuration) refers to stm32f4xx_tim.o(i.TIM_TimeBaseInit) for TIM_TimeBaseInit
    timer.o(i.TIM2_Configuration) refers to stm32f4xx_tim.o(i.TIM_ClearFlag) for TIM_ClearFlag
    timer.o(i.TIM2_Configuration) refers to stm32f4xx_tim.o(i.TIM_ITConfig) for TIM_ITConfig
    timer.o(i.TIM2_Configuration) refers to stm32f4xx_tim.o(i.TIM_Cmd) for TIM_Cmd
    timer.o(i.TIM2_Configuration) refers to misc.o(i.NVIC_Init) for NVIC_Init
    timer.o(i.TIM2_IRQHandler) refers to stm32f4xx_tim.o(i.TIM_GetITStatus) for TIM_GetITStatus
    timer.o(i.TIM2_IRQHandler) refers to f2d.o(.text) for __aeabi_f2d
    timer.o(i.TIM2_IRQHandler) refers to printfa.o(i.__0printf) for __2printf
    timer.o(i.TIM2_IRQHandler) refers to stm32f4xx_tim.o(i.TIM_ClearITPendingBit) for TIM_ClearITPendingBit
    timer.o(i.TIM2_IRQHandler) refers to imu_adis16xxx.o(.data) for yaw
    timer.o(i.TIM2_IRQHandler) refers to gps.o(.bss) for GPSMsg
    timer.o(i.TIM3_IRQHandler) refers to stm32f4xx_tim.o(i.TIM_GetITStatus) for TIM_GetITStatus
    timer.o(i.TIM3_IRQHandler) refers to stm32f4xx_tim.o(i.TIM_ClearITPendingBit) for TIM_ClearITPendingBit
    timer.o(i.TIM3_Init) refers to stm32f4xx_rcc.o(i.RCC_APB1PeriphClockCmd) for RCC_APB1PeriphClockCmd
    timer.o(i.TIM3_Init) refers to misc.o(i.NVIC_Init) for NVIC_Init
    timer.o(i.TIM3_Init) refers to stm32f4xx_tim.o(i.TIM_TimeBaseInit) for TIM_TimeBaseInit
    timer.o(i.TIM3_Init) refers to stm32f4xx_tim.o(i.TIM_PrescalerConfig) for TIM_PrescalerConfig
    timer.o(i.TIM3_Init) refers to stm32f4xx_tim.o(i.TIM_ITConfig) for TIM_ITConfig
    timer.o(i.TIM3_Init) refers to stm32f4xx_tim.o(i.TIM_Cmd) for TIM_Cmd
    usart.o(i.USART2_IRQHandler) refers to stm32f4xx_usart.o(i.USART_GetITStatus) for USART_GetITStatus
    usart.o(i.USART2_IRQHandler) refers to stm32f4xx_usart.o(i.USART_ReceiveData) for USART_ReceiveData
[...]
    Removing stm32f4xx_rtc.o(i.RTC_TamperSamplingFreqConfig), (24 bytes).
    Removing stm32f4xx_rtc.o(i.RTC_TamperTriggerConfig), (28 bytes).
    Removing stm32f4xx_rtc.o(i.RTC_TimeStampCmd), (48 bytes).
    Removing stm32f4xx_rtc.o(i.RTC_TimeStampOnTamperDetectionCmd), (28 bytes).
    Removing stm32f4xx_rtc.o(i.RTC_TimeStampPinSelection), (24 bytes).
    Removing stm32f4xx_rtc.o(i.RTC_TimeStructInit), (12 bytes).
    Removing stm32f4xx_rtc.o(i.RTC_WaitForSynchro), (68 bytes).
    Removing stm32f4xx_rtc.o(i.RTC_WakeUpClockConfig), (40 bytes).
    Removing stm32f4xx_rtc.o(i.RTC_WakeUpCmd), (84 bytes).
    Removing stm32f4xx_rtc.o(i.RTC_WriteBackupRegister), (12 bytes).
    Removing stm32f4xx_rtc.o(i.RTC_WriteProtectionCmd), (24 bytes).
    Removing stm32f4xx_sdio.o(.rev16_text), (4 bytes).
    Removing stm32f4xx_sdio.o(.revsh_text), (4 bytes).
    Removing stm32f4xx_sdio.o(i.SDIO_CEATAITCmd), (16 bytes).
    Removing stm32f4xx_sdio.o(i.SDIO_ClearFlag), (12 bytes).
    Removing stm32f4xx_sdio.o(i.SDIO_ClearITPendingBit), (12 bytes).
    Removing stm32f4xx_sdio.o(i.SDIO_ClockCmd), (12 bytes).
    Removing stm32f4xx_sdio.o(i.SDIO_CmdStructInit), (14 bytes).
    Removing stm32f4xx_sdio.o(i.SDIO_CommandCompletionCmd), (12 bytes).
    Removing stm32f4xx_sdio.o(i.SDIO_DMACmd), (12 bytes).
    Removing stm32f4xx_sdio.o(i.SDIO_DataConfig), (48 bytes).
    Removing stm32f4xx_sdio.o(i.SDIO_DataStructInit), (20 bytes).
    Removing stm32f4xx_sdio.o(i.SDIO_DeInit), (24 bytes).
    Removing stm32f4xx_sdio.o(i.SDIO_GetCommandResponse), (12 bytes).
    Removing stm32f4xx_sdio.o(i.SDIO_GetDataCounter), (12 bytes).
    Removing stm32f4xx_sdio.o(i.SDIO_GetFIFOCount), (12 bytes).
    Removing stm32f4xx_sdio.o(i.SDIO_GetFlagStatus), (20 bytes).
    Removing stm32f4xx_sdio.o(i.SDIO_GetITStatus), (20 bytes).
    Removing stm32f4xx_sdio.o(i.SDIO_GetPowerState), (16 bytes).
    Removing stm32f4xx_sdio.o(i.SDIO_GetResponse), (12 bytes).
    Removing stm32f4xx_sdio.o(i.SDIO_ITConfig), (24 bytes).
    Removing stm32f4xx_sdio.o(i.SDIO_Init), (44 bytes).
    Removing stm32f4xx_sdio.o(i.SDIO_ReadData), (12 bytes).
    Removing stm32f4xx_sdio.o(i.SDIO_SendCEATACmd), (12 bytes).
    Removing stm32f4xx_sdio.o(i.SDIO_SendCommand), (40 bytes).
    Removing stm32f4xx_sdio.o(i.SDIO_SendSDIOSuspendCmd), (12 bytes).
    Removing stm32f4xx_sdio.o(i.SDIO_SetPowerState), (12 bytes).
    Removing stm32f4xx_sdio.o(i.SDIO_SetSDIOOperation), (12 bytes).
    Removing stm32f4xx_sdio.o(i.SDIO_SetSDIOReadWaitMode), (12 bytes).
    Removing stm32f4xx_sdio.o(i.SDIO_StartSDIOReadWait), (12 bytes).
    Removing stm32f4xx_sdio.o(i.SDIO_StopSDIOReadWait), (12 bytes).
    Removing stm32f4xx_sdio.o(i.SDIO_StructInit), (16 bytes).
    Removing stm32f4xx_sdio.o(i.SDIO_WriteData), (12 bytes).
    Removing stm32f4xx_spi.o(.rev16_text), (4 bytes).
    Removing stm32f4xx_spi.o(.revsh_text), (4 bytes).
    Removing stm32f4xx_spi.o(i.I2S_Cmd), (20 bytes).
    Removing stm32f4xx_spi.o(i.I2S_FullDuplexConfig), (62 bytes).
    Removing stm32f4xx_spi.o(i.I2S_Init), (192 bytes).
    Removing stm32f4xx_spi.o(i.I2S_StructInit), (18 bytes).
    Removing stm32f4xx_spi.o(i.SPI_BiDirectionalLineConfig), (22 bytes).
    Removing stm32f4xx_spi.o(i.SPI_CalculateCRC), (20 bytes).
    Removing stm32f4xx_spi.o(i.SPI_DataSizeConfig), (16 bytes).
    Removing stm32f4xx_spi.o(i.SPI_GetCRC), (12 bytes).
    Removing stm32f4xx_spi.o(i.SPI_GetCRCPolynomial), (4 bytes).
    Removing stm32f4xx_spi.o(i.SPI_I2S_ClearFlag), (6 bytes).
    Removing stm32f4xx_spi.o(i.SPI_I2S_ClearITPendingBit), (14 bytes).
    Removing stm32f4xx_spi.o(i.SPI_I2S_DMACmd), (16 bytes).
    Removing stm32f4xx_spi.o(i.SPI_I2S_GetITStatus), (40 bytes).
    Removing stm32f4xx_spi.o(i.SPI_I2S_ITConfig), (24 bytes).
    Removing stm32f4xx_spi.o(i.SPI_NSSInternalSoftwareConfig), (24 bytes).
    Removing stm32f4xx_spi.o(i.SPI_SSOutputCmd), (20 bytes).
    Removing stm32f4xx_spi.o(i.SPI_TIModeCmd), (20 bytes).
    Removing stm32f4xx_spi.o(i.SPI_TransmitCRC), (10 bytes).
    Removing stm32f4xx_syscfg.o(.rev16_text), (4 bytes).
    Removing stm32f4xx_syscfg.o(.revsh_text), (4 bytes).
    Removing stm32f4xx_syscfg.o(i.SYSCFG_CompensationCellCmd), (12 bytes).
    Removing stm32f4xx_syscfg.o(i.SYSCFG_DeInit), (24 bytes).
    Removing stm32f4xx_syscfg.o(i.SYSCFG_ETH_MediaInterfaceConfig), (12 bytes).
    Removing stm32f4xx_syscfg.o(i.SYSCFG_GetCompensationCellStatus), (20 bytes).
    Removing stm32f4xx_syscfg.o(i.SYSCFG_MemoryRemapConfig), (12 bytes).
    Removing stm32f4xx_tim.o(.rev16_text), (4 bytes).
    Removing stm32f4xx_tim.o(.revsh_text), (4 bytes).
    Removing stm32f4xx_tim.o(i.TI1_Config), (44 bytes).
    Removing stm32f4xx_tim.o(i.TI2_Config), (46 bytes).
    Removing stm32f4xx_tim.o(i.TIM_ARRPreloadConfig), (20 bytes).
    Removing stm32f4xx_tim.o(i.TIM_BDTRConfig), (34 bytes).
    Removing stm32f4xx_tim.o(i.TIM_BDTRStructInit), (18 bytes).
    Removing stm32f4xx_tim.o(i.TIM_CCPreloadControl), (20 bytes).
    Removing stm32f4xx_tim.o(i.TIM_CCxCmd), (22 bytes).
    Removing stm32f4xx_tim.o(i.TIM_CCxNCmd), (22 bytes).
    Removing stm32f4xx_tim.o(i.TIM_ClearOC1Ref), (12 bytes).
    Removing stm32f4xx_tim.o(i.TIM_ClearOC2Ref), (14 bytes).
    Removing stm32f4xx_tim.o(i.TIM_ClearOC3Ref), (12 bytes).
    Removing stm32f4xx_tim.o(i.TIM_ClearOC4Ref), (14 bytes).
    Removing stm32f4xx_tim.o(i.TIM_CounterModeConfig), (12 bytes).
    Removing stm32f4xx_tim.o(i.TIM_CtrlPWMOutputs), (22 bytes).
    Removing stm32f4xx_tim.o(i.TIM_DMACmd), (16 bytes).
    Removing stm32f4xx_tim.o(i.TIM_DMAConfig), (8 bytes).
    Removing stm32f4xx_tim.o(i.TIM_ETRClockMode1Config), (18 bytes).
    Removing stm32f4xx_tim.o(i.TIM_ETRClockMode2Config), (18 bytes).
    Removing stm32f4xx_tim.o(i.TIM_ETRConfig), (22 bytes).
    Removing stm32f4xx_tim.o(i.TIM_EncoderInterfaceConfig), (44 bytes).
    Removing stm32f4xx_tim.o(i.TIM_ForcedOC1Config), (12 bytes).
    Removing stm32f4xx_tim.o(i.TIM_ForcedOC2Config), (14 bytes).
    Removing stm32f4xx_tim.o(i.TIM_ForcedOC3Config), (12 bytes).
    Removing stm32f4xx_tim.o(i.TIM_ForcedOC4Config), (14 bytes).
    Removing stm32f4xx_tim.o(i.TIM_GenerateEvent), (4 bytes).
    Removing stm32f4xx_tim.o(i.TIM_GetCapture1), (4 bytes).
    Removing stm32f4xx_tim.o(i.TIM_GetCapture2), (4 bytes).
    Removing stm32f4xx_tim.o(i.TIM_GetCapture3), (4 bytes).
    Removing stm32f4xx_tim.o(i.TIM_GetCapture4), (4 bytes).
    Removing stm32f4xx_tim.o(i.TIM_GetCounter), (4 bytes).
    Removing stm32f4xx_tim.o(i.TIM_GetFlagStatus), (14 bytes).
    Removing stm32f4xx_tim.o(i.TIM_GetPrescaler), (4 bytes).
    Removing stm32f4xx_tim.o(i.TIM_ICInit), (160 bytes).
    Removing stm32f4xx_tim.o(i.TIM_ICStructInit), (16 bytes).
    Removing stm32f4xx_tim.o(i.TIM_ITRxExternalClockConfig), (18 bytes).
    Removing stm32f4xx_tim.o(i.TIM_InternalClockConfig), (10 bytes).
    Removing stm32f4xx_tim.o(i.TIM_OC1FastConfig), (12 bytes).
    Removing stm32f4xx_tim.o(i.TIM_OC1Init), (96 bytes).
    Removing stm32f4xx_tim.o(i.TIM_OC1NPolarityConfig), (12 bytes).
    Removing stm32f4xx_tim.o(i.TIM_OC1PolarityConfig), (12 bytes).
    Removing stm32f4xx_tim.o(i.TIM_OC1PreloadConfig), (12 bytes).
    Removing stm32f4xx_tim.o(i.TIM_OC2FastConfig), (14 bytes).
    Removing stm32f4xx_tim.o(i.TIM_OC2Init), (124 bytes).
    Removing stm32f4xx_tim.o(i.TIM_OC2NPolarityConfig), (14 bytes).
    Removing stm32f4xx_tim.o(i.TIM_OC2PolarityConfig), (14 bytes).
    Removing stm32f4xx_tim.o(i.TIM_OC2PreloadConfig), (14 bytes).
    Removing stm32f4xx_tim.o(i.TIM_OC3FastConfig), (12 bytes).
    Removing stm32f4xx_tim.o(i.TIM_OC3Init), (120 bytes).
    Removing stm32f4xx_tim.o(i.TIM_OC3NPolarityConfig), (14 bytes).
    Removing stm32f4xx_tim.o(i.TIM_OC3PolarityConfig), (14 bytes).
    Removing stm32f4xx_tim.o(i.TIM_OC3PreloadConfig), (12 bytes).
    Removing stm32f4xx_tim.o(i.TIM_OC4FastConfig), (14 bytes).
    Removing stm32f4xx_tim.o(i.TIM_OC4Init), (92 bytes).
    Removing stm32f4xx_tim.o(i.TIM_OC4PolarityConfig), (14 bytes).
    Removing stm32f4xx_tim.o(i.TIM_OC4PreloadConfig), (14 bytes).
    Removing stm32f4xx_tim.o(i.TIM_OCStructInit), (20 bytes).
    Removing stm32f4xx_tim.o(i.TIM_PWMIConfig), (108 bytes).
    Removing stm32f4xx_tim.o(i.TIM_PrescalerConfig), (6 bytes).
    Removing stm32f4xx_tim.o(i.TIM_RemapConfig), (6 bytes).
    Removing stm32f4xx_tim.o(i.TIM_SelectCCDMA), (20 bytes).
    Removing stm32f4xx_tim.o(i.TIM_SelectCOM), (20 bytes).
    Removing stm32f4xx_tim.o(i.TIM_SelectHallSensor), (20 bytes).
    Removing stm32f4xx_tim.o(i.TIM_SelectInputTrigger), (12 bytes).
    Removing stm32f4xx_tim.o(i.TIM_SelectMasterSlaveMode), (16 bytes).
    Removing stm32f4xx_tim.o(i.TIM_SelectOCxM), (70 bytes).
    Removing stm32f4xx_tim.o(i.TIM_SelectOnePulseMode), (16 bytes).
    Removing stm32f4xx_tim.o(i.TIM_SelectOutputTrigger), (16 bytes).
    Removing stm32f4xx_tim.o(i.TIM_SelectSlaveMode), (16 bytes).
    Removing stm32f4xx_tim.o(i.TIM_SetAutoreload), (4 bytes).
    Removing stm32f4xx_tim.o(i.TIM_SetClockDivision), (16 bytes).
    Removing stm32f4xx_tim.o(i.TIM_SetCompare1), (4 bytes).
    Removing stm32f4xx_tim.o(i.TIM_SetCompare2), (4 bytes).
    Removing stm32f4xx_tim.o(i.TIM_SetCompare3), (4 bytes).
    Removing stm32f4xx_tim.o(i.TIM_SetCompare4), (4 bytes).
    Removing stm32f4xx_tim.o(i.TIM_SetCounter), (4 bytes).
    Removing stm32f4xx_tim.o(i.TIM_SetIC1Prescaler), (16 bytes).
    Removing stm32f4xx_tim.o(i.TIM_SetIC2Prescaler), (18 bytes).
    Removing stm32f4xx_tim.o(i.TIM_SetIC3Prescaler), (16 bytes).
    Removing stm32f4xx_tim.o(i.TIM_SetIC4Prescaler), (18 bytes).
    Removing stm32f4xx_tim.o(i.TIM_TIxExternalClockConfig), (44 bytes).
    Removing stm32f4xx_tim.o(i.TIM_TimeBaseStructInit), (18 bytes).
    Removing stm32f4xx_tim.o(i.TIM_UpdateDisableConfig), (20 bytes).
    Removing stm32f4xx_tim.o(i.TIM_UpdateRequestConfig), (20 bytes).
    Removing stm32f4xx_usart.o(.rev16_text), (4 bytes).
    Removing stm32f4xx_usart.o(.revsh_text), (4 bytes).
    Removing stm32f4xx_usart.o(i.USART_ClearFlag), (6 bytes).
    Removing stm32f4xx_usart.o(i.USART_ClearITPendingBit), (12 bytes).
    Removing stm32f4xx_usart.o(i.USART_ClockInit), (28 bytes).
    Removing stm32f4xx_usart.o(i.USART_ClockStructInit), (12 bytes).
    Removing stm32f4xx_usart.o(i.USART_DMACmd), (16 bytes).
    Removing stm32f4xx_usart.o(i.USART_DeInit), (140 bytes).
    Removing stm32f4xx_usart.o(i.USART_HalfDuplexCmd), (20 bytes).
    Removing stm32f4xx_usart.o(i.USART_IrDACmd), (20 bytes).
    Removing stm32f4xx_usart.o(i.USART_IrDAConfig), (16 bytes).
    Removing stm32f4xx_usart.o(i.USART_LINBreakDetectLengthConfig), (16 bytes).
    Removing stm32f4xx_usart.o(i.USART_LINCmd), (20 bytes).
    Removing stm32f4xx_usart.o(i.USART_OneBitMethodCmd), (20 bytes).
    Removing stm32f4xx_usart.o(i.USART_OverSampling8Cmd), (20 bytes).
    Removing stm32f4xx_usart.o(i.USART_ReceiverWakeUpCmd), (20 bytes).
    Removing stm32f4xx_usart.o(i.USART_SendBreak), (10 bytes).
    Removing stm32f4xx_usart.o(i.USART_SetAddress), (16 bytes).
    Removing stm32f4xx_usart.o(i.USART_SetGuardTime), (16 bytes).
    Removing stm32f4xx_usart.o(i.USART_SetPrescaler), (16 bytes).
    Removing stm32f4xx_usart.o(i.USART_SmartCardCmd), (20 bytes).
    Removing stm32f4xx_usart.o(i.USART_SmartCardNACKCmd), (20 bytes).
    Removing stm32f4xx_usart.o(i.USART_StructInit), (22 bytes).
    Removing stm32f4xx_usart.o(i.USART_WakeUpConfig), (16 bytes).
    Removing stm32f4xx_wwdg.o(.rev16_text), (4 bytes).
    Removing stm32f4xx_wwdg.o(.revsh_text), (4 bytes).
    Removing stm32f4xx_wwdg.o(i.WWDG_ClearFlag), (12 bytes).
    Removing stm32f4xx_wwdg.o(i.WWDG_DeInit), (24 bytes).
    Removing stm32f4xx_wwdg.o(i.WWDG_Enable), (16 bytes).
    Removing stm32f4xx_wwdg.o(i.WWDG_EnableIT), (12 bytes).
    Removing stm32f4xx_wwdg.o(i.WWDG_GetFlagStatus), (20 bytes).
    Removing stm32f4xx_wwdg.o(i.WWDG_SetCounter), (16 bytes).
    Removing stm32f4xx_wwdg.o(i.WWDG_SetPrescaler), (20 bytes).
    Removing stm32f4xx_wwdg.o(i.WWDG_SetWindowValue), (24 bytes).
    Removing arm_abs_f32.o(.rev16_text), (4 bytes).
    Removing arm_abs_f32.o(.revsh_text), (4 bytes).
    Removing arm_abs_f32.o(i.arm_abs_f32), (80 bytes).
    Removing arm_cos_f32.o(.rev16_text), (4 bytes).
    Removing arm_cos_f32.o(.revsh_text), (4 bytes).
    Removing arm_sin_f32.o(.rev16_text), (4 bytes).
    Removing arm_sin_f32.o(.revsh_text), (4 bytes).
    Removing arm_var_f32.o(.rev16_text), (4 bytes).
    Removing arm_var_f32.o(.revsh_text), (4 bytes).
    Removing dneg.o(.text), (6 bytes).

668 unused section(s) (total 23737 bytes) removed from the image.

==============================================================================

Image Symbol Table

    Local Symbols

    Symbol Name                              Value     Ov Type        Size  Object(Section)

    ../../asin.c                             0x00000000   Number         0  asin.o ABSOLUTE
    ../../asin.c                             0x00000000   Number         0  asin_x.o ABSOLUTE
    ../../atan.c                             0x00000000   Number         0  atan_x.o ABSOLUTE
    ../../atan.c                             0x00000000   Number         0  atan.o ABSOLUTE
    ../../atan2.c                            0x00000000   Number         0  atan2.o ABSOLUTE
    ../../atan2.c                            0x00000000   Number         0  atan2_x.o ABSOLUTE
    ../../dunder.c                           0x00000000   Number         0  dunder.o ABSOLUTE
    ../../fabs.c                             0x00000000   Number         0  fabs.o ABSOLUTE
    ../../fpclassify.c                       0x00000000   Number         0  fpclassify.o ABSOLUTE
    ../../microlib/d2f.c                     0x00000000   Number         0  d2f.o ABSOLUTE
    ../../microlib/division.c                0x00000000   Number         0  uidiv.o ABSOLUTE
    ../../microlib/division.c                0x00000000   Number         0  uldiv.o ABSOLUTE
    ../../microlib/errno.c                   0x00000000   Number         0  errno.o ABSOLUTE
    ../../microlib/f2d.c                     0x00000000   Number         0  f2d.o ABSOLUTE
    ../../microlib/fpadd.c                   0x00000000   Number         0  dadd.o ABSOLUTE
    ../../microlib/fpdiv.c                   0x00000000   Number         0  ddiv.o ABSOLUTE
    ../../microlib/fpepilogue.c              0x00000000   Number         0  fepilogue.o ABSOLUTE
    ../../microlib/fpepilogue.c              0x00000000   Number         0  depilogue.o ABSOLUTE
    ../../microlib/fpfix.c                   0x00000000   Number         0  dfixul.o ABSOLUTE
    ../../microlib/fpmul.c                   0x00000000   Number         0  dmul.o ABSOLUTE
    ../../microlib/fpneg.c                   0x00000000   Number         0  dneg.o ABSOLUTE
    ../../microlib/fpsqrt.c                  0x00000000   Number         0  dsqrt.o ABSOLUTE
    ../../microlib/init/entry.s              0x00000000   Number         0  entry8.o ABSOLUTE
    ../../microlib/init/entry.s              0x00000000   Number         0  entry7a.o ABSOLUTE
    ../../microlib/init/entry.s              0x00000000   Number         0  entry2.o ABSOLUTE
    ../../microlib/init/entry.s              0x00000000   Number         0  entry.o ABSOLUTE
    ../../microlib/init/entry.s              0x00000000   Number         0  entry5.o ABSOLUTE
    ../../microlib/init/entry.s              0x00000000   Number         0  entry7b.o ABSOLUTE
    ../../microlib/longlong.c                0x00000000   Number         0  llushr.o ABSOLUTE
    ../../microlib/longlong.c                0x00000000   Number         0  llsshr.o ABSOLUTE
    ../../microlib/longlong.c                0x00000000   Number         0  llshl.o ABSOLUTE
    ../../microlib/printf/printf.c           0x00000000   Number         0  printf8.o ABSOLUTE
    ../../microlib/printf/printf.c           0x00000000   Number         0  printf2.o ABSOLUTE
    ../../microlib/printf/printf.c           0x00000000   Number         0  printf1.o ABSOLUTE
    ../../microlib/printf/printf.c           0x00000000   Number         0  printf0.o ABSOLUTE
    ../../microlib/printf/printf.c           0x00000000   Number         0  printfb.o ABSOLUTE
    ../../microlib/printf/printf.c           0x00000000   Number         0  printf4.o ABSOLUTE
    ../../microlib/printf/printf.c           0x00000000   Number         0  printf5.o ABSOLUTE
    ../../microlib/printf/printf.c           0x00000000   Number         0  printf6.o ABSOLUTE
    ../../microlib/printf/printf.c           0x00000000   Number         0  printf3.o ABSOLUTE
    ../../microlib/printf/printf.c           0x00000000   Number         0  printf7.o ABSOLUTE
    ../../microlib/printf/printf.c           0x00000000   Number         0  printfa.o ABSOLUTE
    ../../microlib/printf/stubs.s            0x00000000   Number         0  stubs.o ABSOLUTE
    ../../microlib/stdio/streams.c           0x00000000   Number         0  stdout.o ABSOLUTE
    ../../microlib/stdlib/abs.c              0x00000000   Number         0  ilabs.o ABSOLUTE
    ../../microlib/stdlib/abs.c              0x00000000   Number         0  siabs.o ABSOLUTE
    ../../microlib/string/memcpy.c           0x00000000   Number         0  memcpya.o ABSOLUTE
    ../../microlib/string/memcpy.c           0x00000000   Number         0  memcpyb.o ABSOLUTE
    ../../microlib/stubs.s                   0x00000000   Number         0  iusefp.o ABSOLUTE
    ../../poly.c                             0x00000000   Number         0  poly.o ABSOLUTE
    ../../qnan.c                             0x00000000   Number         0  qnan.o ABSOLUTE
    ../../sqrt.c                             0x00000000   Number         0  sqrt_x.o ABSOLUTE
    ../../sqrt.c                             0x00000000   Number         0  sqrt.o ABSOLUTE
    ..\CMSIS\startup_stm32f4xx.s             0x00000000   Number         0  startup_stm32f4xx.o ABSOLUTE
    ..\DSP_lib\BasicMathFunctions\arm_abs_f32.c 0x00000000   Number         0  arm_abs_f32.o ABSOLUTE
    ..\DSP_lib\FastMathFunctions\arm_cos_f32.c 0x00000000   Number         0  arm_cos_f32.o ABSOLUTE
    ..\DSP_lib\FastMathFunctions\arm_sin_f32.c 0x00000000   Number         0  arm_sin_f32.o ABSOLUTE
    ..\DSP_lib\StatisticsFunctions\arm_var_f32.c 0x00000000   Number         0  arm_var_f32.o ABSOLUTE
    ..\STM32F4xx_StdPeriph_Driver\src\misc.c 0x00000000   Number         0  misc.o ABSOLUTE
    ..\STM32F4xx_StdPeriph_Driver\src\stm32f4xx_adc.c 0x00000000   Number         0  stm32f4xx_adc.o ABSOLUTE
    ..\STM32F4xx_StdPeriph_Driver\src\stm32f4xx_can.c 0x00000000   Number         0  stm32f4xx_can.o ABSOLUTE
    ..\STM32F4xx_StdPeriph_Driver\src\stm32f4xx_crc.c 0x00000000   Number         0  stm32f4xx_crc.o ABSOLUTE
    ..\STM32F4xx_StdPeriph_Driver\src\stm32f4xx_cryp.c 0x00000000   Number         0  stm32f4xx_cryp.o ABSOLUTE
    ..\STM32F4xx_StdPeriph_Driver\src\stm32f4xx_cryp_aes.c 0x00000000   Number         0  stm32f4xx_cryp_aes.o ABSOLUTE
    ..\STM32F4xx_StdPeriph_Driver\src\stm32f4xx_cryp_des.c 0x00000000   Number         0  stm32f4xx_cryp_des.o ABSOLUTE
    ..\STM32F4xx_StdPeriph_Driver\src\stm32f4xx_cryp_tdes.c 0x00000000   Number         0  stm32f4xx_cryp_tdes.o ABSOLUTE
    ..\STM32F4xx_StdPeriph_Driver\src\stm32f4xx_dac.c 0x00000000   Number         0  stm32f4xx_dac.o ABSOLUTE
    ..\STM32F4xx_StdPeriph_Driver\src\stm32f4xx_dbgmcu.c 0x00000000   Number         0  stm32f4xx_dbgmcu.o ABSOLUTE
    ..\STM32F4xx_StdPeriph_Driver\src\stm32f4xx_dcmi.c 0x00000000   Number         0  stm32f4xx_dcmi.o ABSOLUTE
    ..\STM32F4xx_StdPeriph_Driver\src\stm32f4xx_dma.c 0x00000000   Number         0  stm32f4xx_dma.o ABSOLUTE
    ..\STM32F4xx_StdPeriph_Driver\src\stm32f4xx_exti.c 0x00000000   Number         0  stm32f4xx_exti.o ABSOLUTE
    ..\STM32F4xx_StdPeriph_Driver\src\stm32f4xx_flash.c 0x00000000   Number         0  stm32f4xx_flash.o ABSOLUTE
    ..\STM32F4xx_StdPeriph_Driver\src\stm32f4xx_fsmc.c 0x00000000   Number         0  stm32f4xx_fsmc.o ABSOLUTE
    ..\STM32F4xx_StdPeriph_Driver\src\stm32f4xx_gpio.c 0x00000000   Number         0  stm32f4xx_gpio.o ABSOLUTE
    ..\STM32F4xx_StdPeriph_Driver\src\stm32f4xx_hash.c 0x00000000   Number         0  stm32f4xx_hash.o ABSOLUTE
    ..\STM32F4xx_StdPeriph_Driver\src\stm32f4xx_hash_md5.c 0x00000000   Number         0  stm32f4xx_hash_md5.o ABSOLUTE
    ..\STM32F4xx_StdPeriph_Driver\src\stm32f4xx_hash_sha1.c 0x00000000   Number         0  stm32f4xx_hash_sha1.o ABSOLUTE
    ..\STM32F4xx_StdPeriph_Driver\src\stm32f4xx_i2c.c 0x00000000   Number         0  stm32f4xx_i2c.o ABSOLUTE
    ..\STM32F4xx_StdPeriph_Driver\src\stm32f4xx_iwdg.c 0x00000000   Number         0  stm32f4xx_iwdg.o ABSOLUTE
    ..\STM32F4xx_StdPeriph_Driver\src\stm32f4xx_pwr.c 0x00000000   Number         0  stm32f4xx_pwr.o ABSOLUTE
    ..\STM32F4xx_StdPeriph_Driver\src\stm32f4xx_rcc.c 0x00000000   Number         0  stm32f4xx_rcc.o ABSOLUTE
    ..\STM32F4xx_StdPeriph_Driver\src\stm32f4xx_rng.c 0x00000000   Number         0  stm32f4xx_rng.o ABSOLUTE
    ..\STM32F4xx_StdPeriph_Driver\src\stm32f4xx_rtc.c 0x00000000   Number         0  stm32f4xx_rtc.o ABSOLUTE
    ..\STM32F4xx_StdPeriph_Driver\src\stm32f4xx_sdio.c 0x00000000   Number         0  stm32f4xx_sdio.o ABSOLUTE
    ..\STM32F4xx_StdPeriph_Driver\src\stm32f4xx_spi.c 0x00000000   Number         0  stm32f4xx_spi.o ABSOLUTE
    ..\STM32F4xx_StdPeriph_Driver\src\stm32f4xx_syscfg.c 0x00000000   Number         0  stm32f4xx_syscfg.o ABSOLUTE
    ..\STM32F4xx_StdPeriph_Driver\src\stm32f4xx_tim.c 0x00000000   Number         0  stm32f4xx_tim.o ABSOLUTE
    ..\STM32F4xx_StdPeriph_Driver\src\stm32f4xx_usart.c 0x00000000   Number         0  stm32f4xx_usart.o ABSOLUTE
    ..\STM32F4xx_StdPeriph_Driver\src\stm32f4xx_wwdg.c 0x00000000   Number         0  stm32f4xx_wwdg.o ABSOLUTE
    ..\\DSP_lib\\BasicMathFunctions\\arm_abs_f32.c 0x00000000   Number         0  arm_abs_f32.o ABSOLUTE
    ..\\DSP_lib\\FastMathFunctions\\arm_cos_f32.c 0x00000000   Number         0  arm_cos_f32.o ABSOLUTE
    ..\\DSP_lib\\FastMathFunctions\\arm_sin_f32.c 0x00000000   Number         0  arm_sin_f32.o ABSOLUTE
    ..\\DSP_lib\\StatisticsFunctions\\arm_var_f32.c 0x00000000   Number         0  arm_var_f32.o ABSOLUTE
    ..\\STM32F4xx_StdPeriph_Driver\\src\\misc.c 0x00000000   Number         0  misc.o ABSOLUTE
    ..\\STM32F4xx_StdPeriph_Driver\\src\\stm32f4xx_adc.c 0x00000000   Number         0  stm32f4xx_adc.o ABSOLUTE
    ..\\STM32F4xx_StdPeriph_Driver\\src\\stm32f4xx_can.c 0x00000000   Number         0  stm32f4xx_can.o ABSOLUTE
    ..\\STM32F4xx_StdPeriph_Driver\\src\\stm32f4xx_crc.c 0x00000000   Number         0  stm32f4xx_crc.o ABSOLUTE
    ..\\STM32F4xx_StdPeriph_Driver\\src\\stm32f4xx_cryp.c 0x00000000   Number         0  stm32f4xx_cryp.o ABSOLUTE
    ..\\STM32F4xx_StdPeriph_Driver\\src\\stm32f4xx_cryp_aes.c 0x00000000   Number         0  stm32f4xx_cryp_aes.o ABSOLUTE
    ..\\STM32F4xx_StdPeriph_Driver\\src\\stm32f4xx_cryp_des.c 0x00000000   Number         0  stm32f4xx_cryp_des.o ABSOLUTE
    ..\\STM32F4xx_StdPeriph_Driver\\src\\stm32f4xx_cryp_tdes.c 0x00000000   Number         0  stm32f4xx_cryp_tdes.o ABSOLUTE
    ..\\STM32F4xx_StdPeriph_Driver\\src\\stm32f4xx_dac.c 0x00000000   Number         0  stm32f4xx_dac.o ABSOLUTE
    ..\\STM32F4xx_StdPeriph_Driver\\src\\stm32f4xx_dbgmcu.c 0x00000000   Number         0  stm32f4xx_dbgmcu.o ABSOLUTE
    ..\\STM32F4xx_StdPeriph_Driver\\src\\stm32f4xx_dcmi.c 0x00000000   Number         0  stm32f4xx_dcmi.o ABSOLUTE
    ..\\STM32F4xx_StdPeriph_Driver\\src\\stm32f4xx_dma.c 0x00000000   Number         0  stm32f4xx_dma.o ABSOLUTE
    ..\\STM32F4xx_StdPeriph_Driver\\src\\stm32f4xx_exti.c 0x00000000   Number         0  stm32f4xx_exti.o ABSOLUTE
    ..\\STM32F4xx_StdPeriph_Driver\\src\\stm32f4xx_flash.c 0x00000000   Number         0  stm32f4xx_flash.o ABSOLUTE
    ..\\STM32F4xx_StdPeriph_Driver\\src\\stm32f4xx_fsmc.c 0x00000000   Number         0  stm32f4xx_fsmc.o ABSOLUTE
    ..\\STM32F4xx_StdPeriph_Driver\\src\\stm32f4xx_gpio.c 0x00000000   Number         0  stm32f4xx_gpio.o ABSOLUTE
    ..\\STM32F4xx_StdPeriph_Driver\\src\\stm32f4xx_hash.c 0x00000000   Number         0  stm32f4xx_hash.o ABSOLUTE
    ..\\STM32F4xx_StdPeriph_Driver\\src\\stm32f4xx_hash_md5.c 0x00000000   Number         0  stm32f4xx_hash_md5.o ABSOLUTE
    ..\\STM32F4xx_StdPeriph_Driver\\src\\stm32f4xx_hash_sha1.c 0x00000000   Number         0  stm32f4xx_hash_sha1.o ABSOLUTE
    ..\\STM32F4xx_StdPeriph_Driver\\src\\stm32f4xx_i2c.c 0x00000000   Number         0  stm32f4xx_i2c.o ABSOLUTE
    ..\\STM32F4xx_StdPeriph_Driver\\src\\stm32f4xx_iwdg.c 0x00000000   Number         0  stm32f4xx_iwdg.o ABSOLUTE
    ..\\STM32F4xx_StdPeriph_Driver\\src\\stm32f4xx_pwr.c 0x00000000   Number         0  stm32f4xx_pwr.o ABSOLUTE
    ..\\STM32F4xx_StdPeriph_Driver\\src\\stm32f4xx_rcc.c 0x00000000   Number         0  stm32f4xx_rcc.o ABSOLUTE
    ..\\STM32F4xx_StdPeriph_Driver\\src\\stm32f4xx_rng.c 0x00000000   Number         0  stm32f4xx_rng.o ABSOLUTE
    ..\\STM32F4xx_StdPeriph_Driver\\src\\stm32f4xx_rtc.c 0x00000000   Number         0  stm32f4xx_rtc.o ABSOLUTE
    ..\\STM32F4xx_StdPeriph_Driver\\src\\stm32f4xx_sdio.c 0x00000000   Number         0  stm32f4xx_sdio.o ABSOLUTE
    ..\\STM32F4xx_StdPeriph_Driver\\src\\stm32f4xx_spi.c 0x00000000   Number         0  stm32f4xx_spi.o ABSOLUTE
    ..\\STM32F4xx_StdPeriph_Driver\\src\\stm32f4xx_syscfg.c 0x00000000   Number         0  stm32f4xx_syscfg.o ABSOLUTE
    ..\\STM32F4xx_StdPeriph_Driver\\src\\stm32f4xx_tim.c 0x00000000   Number         0  stm32f4xx_tim.o ABSOLUTE
    ..\\STM32F4xx_StdPeriph_Driver\\src\\stm32f4xx_usart.c 0x00000000   Number         0  stm32f4xx_usart.o ABSOLUTE
    ..\\STM32F4xx_StdPeriph_Driver\\src\\stm32f4xx_wwdg.c 0x00000000   Number         0  stm32f4xx_wwdg.o ABSOLUTE
    ..\\board\\GPS.c                         0x00000000   Number         0  gps.o ABSOLUTE
    ..\\board\\IMU_ADIS16xxx.c               0x00000000   Number         0  imu_adis16xxx.o ABSOLUTE
    ..\\board\\ReportIMU.c                   0x00000000   Number         0  reportimu.o ABSOLUTE
    ..\\board\\key.c                         0x00000000   Number         0  key.o ABSOLUTE
    ..\\board\\led.c                         0x00000000   Number         0  led.o ABSOLUTE
    ..\\board\\timer.c                       0x00000000   Number         0  timer.o ABSOLUTE
    ..\\board\\usart.c                       0x00000000   Number         0  usart.o ABSOLUTE
    ..\board\CRC_GPS.c                       0x00000000   Number         0  crc_gps.o ABSOLUTE
    ..\board\GPS.c                           0x00000000   Number         0  gps.o ABSOLUTE
    ..\board\IMU_ADIS16xxx.c                 0x00000000   Number         0  imu_adis16xxx.o ABSOLUTE
    ..\board\MadgwickAHRS.c                  0x00000000   Number         0  madgwickahrs.o ABSOLUTE
    ..\board\ReportIMU.c                     0x00000000   Number         0  reportimu.o ABSOLUTE
    ..\board\key.c                           0x00000000   Number         0  key.o ABSOLUTE
    ..\board\led.c                           0x00000000   Number         0  led.o ABSOLUTE
    ..\board\timer.c                         0x00000000   Number         0  timer.o ABSOLUTE
    ..\board\usart.c                         0x00000000   Number         0  usart.o ABSOLUTE
    cdcmple.s                                0x00000000   Number         0  cdcmple.o ABSOLUTE
    cdrcmple.s                               0x00000000   Number         0  cdrcmple.o ABSOLUTE
    dc.s                                     0x00000000   Number         0  dc.o ABSOLUTE
    handlers.s                               0x00000000   Number         0  handlers.o ABSOLUTE
    init.s                                   0x00000000   Number         0  init.o ABSOLUTE
    main.c                                   0x00000000   Number         0  main.o ABSOLUTE
    main.c                                   0x00000000   Number         0  main.o ABSOLUTE
    stm32f4xx_it.c                           0x00000000   Number         0  stm32f4xx_it.o ABSOLUTE
    stm32f4xx_it.c                           0x00000000   Number         0  stm32f4xx_it.o ABSOLUTE
    system_stm32f4xx.c                       0x00000000   Number         0  system_stm32f4xx.o ABSOLUTE
    system_stm32f4xx.c                       0x00000000   Number         0  system_stm32f4xx.o ABSOLUTE
    RESET                                    0x08000000   Section      392  startup_stm32f4xx.o(RESET)
    .ARM.Collect$$$$00000000                 0x08000188   Section        0  entry.o(.ARM.Collect$$$$00000000)
    .ARM.Collect$$$$00000001                 0x08000188   Section        4  entry2.o(.ARM.Collect$$$$00000001)
    .ARM.Collect$$$$00000004                 0x0800018c   Section        4  entry5.o(.ARM.Collect$$$$00000004)
    .ARM.Collect$$$$00000008                 0x08000190   Section        0  entry7b.o(.ARM.Collect$$$$00000008)
    .ARM.Collect$$$$00000009                 0x08000190   Section        8  entry8.o(.ARM.Collect$$$$00000009)
    .ARM.Collect$$$$00002712                 0x08000198   Section        4  entry2.o(.ARM.Collect$$$$00002712)
    __lit__00000000                          0x08000198   Data           4  entry2.o(.ARM.Collect$$$$00002712)
    .text                                    0x0800019c   Section       52  startup_stm32f4xx.o(.text)
    $v0                                      0x0800019c   Number         0  startup_stm32f4xx.o(.text)
    .text                                    0x080001d0   Section        0  siabs.o(.text)
    .text                                    0x080001d8   Section        0  memcpya.o(.text)
    .text                                    0x080001fc   Section        0  dadd.o(.text)
    .text                                    0x08000348   Section        0  dmul.o(.text)
    .text                                    0x08000428   Section        0  ddiv.o(.text)
    .text                                    0x08000506   Section        0  f2d.o(.text)
    .text                                    0x08000534   Section       40  cdcmple.o(.text)
    .text                                    0x0800055c   Section        0  d2f.o(.text)
    .text                                    0x08000594   Section        0  uidiv.o(.text)
    .text                                    0x080005c0   Section        0  uldiv.o(.text)
    .text                                    0x08000622   Section        0  llshl.o(.text)
    .text                                    0x08000640   Section        0  llsshr.o(.text)
    .text                                    0x08000664   Section        0  iusefp.o(.text)
    .text                                    0x08000664   Section        0  fepilogue.o(.text)
    .text                                    0x080006d0   Section        0  depilogue.o(.text)
    .text                                    0x0800078e   Section        0  dsqrt.o(.text)
    .text                                    0x08000830   Section        0  dfixul.o(.text)
    .text                                    0x08000860   Section       40  cdrcmple.o(.text)
    .text                                    0x08000888   Section       36  init.o(.text)
    .text                                    0x080008ac   Section        0  llushr.o(.text)
    i.ADI_BurstReadMode                      0x080008cc   Section        0  imu_adis16xxx.o(i.ADI_BurstReadMode)
    i.BusFault_Handler                       0x08000988   Section        0  stm32f4xx_it.o(i.BusFault_Handler)
    i.CRC32Value                             0x0800098c   Section        0  crc_gps.o(i.CRC32Value)
    i.CalculateBlockCRC32                    0x080009a8   Section        0  crc_gps.o(i.CalculateBlockCRC32)
    i.DebugMon_Handler                       0x080009c8   Section        0  stm32f4xx_it.o(i.DebugMon_Handler)
    i.Delay                                  0x080009cc   Section        0  main.o(i.Delay)
    i.EXTI0_IRQHandler                       0x080009dc   Section        0  imu_adis16xxx.o(i.EXTI0_IRQHandler)
    i.EXTI_ClearITPendingBit                 0x08000e8c   Section        0  stm32f4xx_exti.o(i.EXTI_ClearITPendingBit)
    i.EXTI_GetITStatus                       0x08000e98   Section        0  stm32f4xx_exti.o(i.EXTI_GetITStatus)
    i.EXTI_Init                              0x08000eb8   Section        0  stm32f4xx_exti.o(i.EXTI_Init)
    i.EXTI_init                              0x08000f2c   Section        0  imu_adis16xxx.o(i.EXTI_init)
    i.GPIO_Init                              0x08000f98   Section        0  stm32f4xx_gpio.o(i.GPIO_Init)
    i.GPIO_PinAFConfig                       0x08001014   Section        0  stm32f4xx_gpio.o(i.GPIO_PinAFConfig)
    i.GPIO_ReadInputDataBit                  0x08001034   Section        0  stm32f4xx_gpio.o(i.GPIO_ReadInputDataBit)
    i.GPIO_ResetBits                         0x08001042   Section        0  stm32f4xx_gpio.o(i.GPIO_ResetBits)
    i.GPIO_SetBits                           0x08001046   Section        0  stm32f4xx_gpio.o(i.GPIO_SetBits)
    i.GPS_init                               0x0800104c   Section        0  gps.o(i.GPS_init)
    i.HardFault_Handler                      0x08001174   Section        0  stm32f4xx_it.o(i.HardFault_Handler)
    i.IMU_init                               0x08001178   Section        0  imu_adis16xxx.o(i.IMU_init)
    i.KEY_init                               0x080011f0   Section        0  key.o(i.KEY_init)
    i.MadgwickAHRSupdateIMU                  0x08001238   Section        0  madgwickahrs.o(i.MadgwickAHRSupdateIMU)
    i.MemManage_Handler                      0x080014dc   Section        0  stm32f4xx_it.o(i.MemManage_Handler)
    i.NMI_Handler                            0x080014de   Section        0  stm32f4xx_it.o(i.NMI_Handler)
    i.NVIC_Init                              0x080014e0   Section        0  misc.o(i.NVIC_Init)
    i.NVIC_PriorityGroupConfig               0x08001544   Section        0  misc.o(i.NVIC_PriorityGroupConfig)
    i.RCC_AHB1PeriphClockCmd                 0x08001558   Section        0  stm32f4xx_rcc.o(i.RCC_AHB1PeriphClockCmd)
    i.RCC_APB1PeriphClockCmd                 0x08001570   Section        0  stm32f4xx_rcc.o(i.RCC_APB1PeriphClockCmd)
    i.RCC_APB1PeriphResetCmd                 0x08001588   Section        0  stm32f4xx_rcc.o(i.RCC_APB1PeriphResetCmd)
    i.RCC_APB2PeriphClockCmd                 0x080015a0   Section        0  stm32f4xx_rcc.o(i.RCC_APB2PeriphClockCmd)
    i.RCC_APB2PeriphResetCmd                 0x080015b8   Section        0  stm32f4xx_rcc.o(i.RCC_APB2PeriphResetCmd)
    i.RCC_GetClocksFreq                      0x080015d0   Section        0  stm32f4xx_rcc.o(i.RCC_GetClocksFreq)
    i.RST_IMU                                0x08001668   Section        0  imu_adis16xxx.o(i.RST_IMU)
    i.RST_init                               0x0800168c   Section        0  imu_adis16xxx.o(i.RST_init)
    i.SPI_Cmd                                0x080016c8   Section        0  stm32f4xx_spi.o(i.SPI_Cmd)
    i.SPI_I2S_DeInit                         0x080016dc   Section        0  stm32f4xx_spi.o(i.SPI_I2S_DeInit)
    i.SPI_I2S_GetFlagStatus                  0x08001730   Section        0  stm32f4xx_spi.o(i.SPI_I2S_GetFlagStatus)
    i.SPI_I2S_ReceiveData                    0x0800173e   Section        0  stm32f4xx_spi.o(i.SPI_I2S_ReceiveData)
    i.SPI_I2S_SendData                       0x08001742   Section        0  stm32f4xx_spi.o(i.SPI_I2S_SendData)
    i.SPI_Init                               0x08001746   Section        0  stm32f4xx_spi.o(i.SPI_Init)
    i.SPI_StructInit                         0x0800177e   Section        0  stm32f4xx_spi.o(i.SPI_StructInit)
    i.SVC_Handler                            0x08001796   Section        0  stm32f4xx_it.o(i.SVC_Handler)
    i.SYSCFG_EXTILineConfig                  0x08001798   Section        0  stm32f4xx_syscfg.o(i.SYSCFG_EXTILineConfig)
    i.SetSysClock                            0x080017c0   Section        0  system_stm32f4xx.o(i.SetSysClock)
    SetSysClock                              0x080017c1   Thumb Code   140  system_stm32f4xx.o(i.SetSysClock)
    i.SysTick_Handler                        0x0800185c   Section        0  stm32f4xx_it.o(i.SysTick_Handler)
    i.SystemInit                             0x08001860   Section        0  system_stm32f4xx.o(i.SystemInit)
    i.TIM2_Configuration                     0x080018bc   Section        0  timer.o(i.TIM2_Configuration)
    i.TIM2_IRQHandler                        0x0800193c   Section        0  timer.o(i.TIM2_IRQHandler)
    i.TIM3_IRQHandler                        0x080019c4   Section        0  timer.o(i.TIM3_IRQHandler)
    i.TIM_ClearFlag                          0x080019e8   Section        0  stm32f4xx_tim.o(i.TIM_ClearFlag)
    i.TIM_ClearITPendingBit                  0x080019ee   Section        0  stm32f4xx_tim.o(i.TIM_ClearITPendingBit)
    i.TIM_Cmd                                0x080019f4   Section        0  stm32f4xx_tim.o(i.TIM_Cmd)
    i.TIM_DeInit                             0x08001a08   Section        0  stm32f4xx_tim.o(i.TIM_DeInit)
    i.TIM_GetITStatus                        0x08001b58   Section        0  stm32f4xx_tim.o(i.TIM_GetITStatus)
    i.TIM_ITConfig                           0x08001b6e   Section        0  stm32f4xx_tim.o(i.TIM_ITConfig)
    i.TIM_TimeBaseInit                       0x08001b80   Section        0  stm32f4xx_tim.o(i.TIM_TimeBaseInit)
    i.TimingDelay_Decrement                  0x08001c00   Section        0  main.o(i.TimingDelay_Decrement)
    i.USART1_IRQHandler                      0x08001c14   Section        0  gps.o(i.USART1_IRQHandler)
    i.USART2_IRQHandler                      0x08001d6c   Section        0  usart.o(i.USART2_IRQHandler)
    i.USART_Cmd                              0x08001d88   Section        0  stm32f4xx_usart.o(i.USART_Cmd)
    i.USART_GetFlagStatus                    0x08001d9c   Section        0  stm32f4xx_usart.o(i.USART_GetFlagStatus)
    i.USART_GetITStatus                      0x08001daa   Section        0  stm32f4xx_usart.o(i.USART_GetITStatus)
    i.USART_ITConfig                         0x08001de8   Section        0  stm32f4xx_usart.o(i.USART_ITConfig)
    i.USART_Init                             0x08001e18   Section        0  stm32f4xx_usart.o(i.USART_Init)
    i.USART_ReceiveData                      0x08001ed0   Section        0  stm32f4xx_usart.o(i.USART_ReceiveData)
    i.USART_SendData                         0x08001ed8   Section        0  stm32f4xx_usart.o(i.USART_SendData)
    i.UsageFault_Handler                     0x08001ee0   Section        0  stm32f4xx_it.o(i.UsageFault_Handler)
    i.__0printf                              0x08001ee4   Section        0  printfa.o(i.__0printf)
    i.__ARM_fpclassify                       0x08001f04   Section        0  fpclassify.o(i.__ARM_fpclassify)
    i.__hardfp_asin                          0x08001f38   Section        0  asin.o(i.__hardfp_asin)
    i.__hardfp_atan                          0x080022a8   Section        0  atan.o(i.__hardfp_atan)
    i.__hardfp_atan2                         0x08002590   Section        0  atan2.o(i.__hardfp_atan2)
    i.__kernel_poly                          0x08002778   Section        0  poly.o(i.__kernel_poly)
    i.__mathlib_dbl_underflow                0x08002870   Section        0  dunder.o(i.__mathlib_dbl_underflow)
    i.__scatterload_copy                     0x08002890   Section       14  handlers.o(i.__scatterload_copy)
    i.__scatterload_null                     0x0800289e   Section        2  handlers.o(i.__scatterload_null)
    i.__scatterload_zeroinit                 0x080028a0   Section       14  handlers.o(i.__scatterload_zeroinit)
    i.__set_errno                            0x080028b0   Section        0  errno.o(i.__set_errno)
    i._fp_digits                             0x080028bc   Section        0  printfa.o(i._fp_digits)
    _fp_digits                               0x080028bd   Thumb Code   324  printfa.o(i._fp_digits)
    i._printf_core                           0x08002a14   Section        0  printfa.o(i._printf_core)
    _printf_core                             0x08002a15   Thumb Code  1782  printfa.o(i._printf_core)
    i._printf_post_padding                   0x08003118   Section        0  printfa.o(i._printf_post_padding)
    _printf_post_padding                     0x08003119   Thumb Code    38  printfa.o(i._printf_post_padding)
    i._printf_pre_padding                    0x0800313e   Section        0  printfa.o(i._printf_pre_padding)
    _printf_pre_padding                      0x0800313f   Thumb Code    48  printfa.o(i._printf_pre_padding)
    i.arm_cos_f32                            0x08003170   Section        0  arm_cos_f32.o(i.arm_cos_f32)
    i.arm_sin_f32                            0x08003254   Section        0  arm_sin_f32.o(i.arm_sin_f32)
    i.arm_var_f32                            0x08003338   Section        0  arm_var_f32.o(i.arm_var_f32)
    i.atan                                   0x080033e0   Section        0  atan.o(i.atan)
    i.fabs                                   0x080033f0   Section        0  fabs.o(i.fabs)
    i.fputc                                  0x08003410   Section        0  usart.o(i.fputc)
    i.get_PV                                 0x08003434   Section        0  key.o(i.get_PV)
    i.invSqrt                                0x08003440   Section        0  madgwickahrs.o(i.invSqrt)
    i.main                                   0x0800346c   Section        0  main.o(i.main)
    i.map_14bits_to_16bits                   0x080034e4   Section        0  imu_adis16xxx.o(i.map_14bits_to_16bits)
    i.spi2_init                              0x080034f8   Section        0  imu_adis16xxx.o(i.spi2_init)
    i.sqrt                                   0x080035a0   Section        0  sqrt.o(i.sqrt)
    i.usart1_init                            0x0800360c   Section        0  usart.o(i.usart1_init)
    i.usart2_init                            0x080036b8   Section        0  usart.o(i.usart2_init)
    .constdata                               0x08003778   Section     1040  arm_cos_f32.o(.constdata)
    cosTable                                 0x08003778   Data        1040  arm_cos_f32.o(.constdata)
    .constdata                               0x08003b88   Section     1036  arm_sin_f32.o(.constdata)
    sinTable                                 0x08003b88   Data        1036  arm_sin_f32.o(.constdata)
    .constdata                               0x08003f98   Section       80  asin.o(.constdata)
    pS                                       0x08003f98   Data          48  asin.o(.constdata)
    qS                                       0x08003fc8   Data          32  asin.o(.constdata)
    .constdata                               0x08003fe8   Section      152  atan.o(.constdata)
    atanhi                                   0x08003fe8   Data          32  atan.o(.constdata)
    atanlo                                   0x08004008   Data          32  atan.o(.constdata)
    aTodd                                    0x08004028   Data          40  atan.o(.constdata)
    aTeven                                   0x08004050   Data          48  atan.o(.constdata)
    .constdata                               0x08004080   Section        8  qnan.o(.constdata)
    .data                                    0x20000000   Section        4  main.o(.data)
    TimingDelay                              0x20000000   Data           4  main.o(.data)
    .data                                    0x20000004   Section       36  imu_adis16xxx.o(.data)
    count                                    0x20000004   Data           2  imu_adis16xxx.o(.data)
    .data                                    0x20000028   Section        4  gps.o(.data)
    .data                                    0x2000002c   Section       20  madgwickahrs.o(.data)
    .data                                    0x20000040   Section       16  stm32f4xx_rcc.o(.data)
    APBAHBPrescTable                         0x20000040   Data          16  stm32f4xx_rcc.o(.data)
    .data                                    0x20000050   Section        4  stdout.o(.data)
    .data                                    0x20000054   Section        4  errno.o(.data)
    _errno                                   0x20000054   Data           4  errno.o(.data)
    .bss                                     0x20000058   Section       30  imu_adis16xxx.o(.bss)
    data                                     0x20000058   Data          30  imu_adis16xxx.o(.bss)
    .bss                                     0x20000078   Section      392  gps.o(.bss)
    STACK                                    0x20000200   Section     1024  startup_stm32f4xx.o(STACK)

    Global Symbols

    Symbol Name                              Value     Ov Type        Size  Object(Section)

    BuildAttributes$$THM_ISAv4$E$P$D$K$B$S$7EM$VFPi3$EXTD16$VFPS$VFMA$PE$A:L22UL41UL21$X:L11$S22US41US21$IEEE1$IW$USESV6$~STKCKD$USESV7$~SHL$OTIME$ROPI$IEEEX$EBA8$MICROLIB$REQ8$PRES8$EABIv2 0x00000000   Number         0  anon$$obj.o ABSOLUTE
    __ARM_use_no_argv                        0x00000000   Number         0  main.o ABSOLUTE
    _printf_a                                0x00000000   Number         0  stubs.o ABSOLUTE
    _printf_c                                0x00000000   Number         0  stubs.o ABSOLUTE
    _printf_charcount                        0x00000000   Number         0  stubs.o ABSOLUTE
    _printf_d                                0x00000000   Number         0  stubs.o ABSOLUTE
    _printf_e                                0x00000000   Number         0  stubs.o ABSOLUTE
    _printf_f                                0x00000000   Number         0  stubs.o ABSOLUTE
    _printf_flags                            0x00000000   Number         0  stubs.o ABSOLUTE
    _printf_fp_dec                           0x00000000   Number         0  stubs.o ABSOLUTE
    _printf_fp_hex                           0x00000000   Number         0  stubs.o ABSOLUTE
    _printf_g                                0x00000000   Number         0  stubs.o ABSOLUTE
    _printf_i                                0x00000000   Number         0  stubs.o ABSOLUTE
    _printf_int_dec                          0x00000000   Number         0  stubs.o ABSOLUTE
    _printf_l                                0x00000000   Number         0  stubs.o ABSOLUTE
    _printf_lc                               0x00000000   Number         0  stubs.o ABSOLUTE
    _printf_ll                               0x00000000   Number         0  stubs.o ABSOLUTE
    _printf_lld                              0x00000000   Number         0  stubs.o ABSOLUTE
    _printf_lli                              0x00000000   Number         0  stubs.o ABSOLUTE
    _printf_llo                              0x00000000   Number         0  stubs.o ABSOLUTE
    _printf_llu                              0x00000000   Number         0  stubs.o ABSOLUTE
    _printf_llx                              0x00000000   Number         0  stubs.o ABSOLUTE
    _printf_longlong_dec                     0x00000000   Number         0  stubs.o ABSOLUTE
    _printf_longlong_hex                     0x00000000   Number         0  stubs.o ABSOLUTE
    _printf_longlong_oct                     0x00000000   Number         0  stubs.o ABSOLUTE
    _printf_ls                               0x00000000   Number         0  stubs.o ABSOLUTE
    _printf_mbtowc                           0x00000000   Number         0  stubs.o ABSOLUTE
    _printf_n                                0x00000000   Number         0  stubs.o ABSOLUTE
    _printf_o                                0x00000000   Number         0  stubs.o ABSOLUTE
    _printf_p                                0x00000000   Number         0  stubs.o ABSOLUTE
    _printf_percent                          0x00000000   Number         0  stubs.o ABSOLUTE
    _printf_pre_padding                      0x00000000   Number         0  stubs.o ABSOLUTE
    _printf_return_value                     0x00000000   Number         0  stubs.o ABSOLUTE
    _printf_s                                0x00000000   Number         0  stubs.o ABSOLUTE
    _printf_sizespec                         0x00000000   Number         0  stubs.o ABSOLUTE
    _printf_str                              0x00000000   Number         0  stubs.o ABSOLUTE
    _printf_truncate_signed                  0x00000000   Number         0  stubs.o ABSOLUTE
    _printf_truncate_unsigned                0x00000000   Number         0  stubs.o ABSOLUTE
    _printf_u                                0x00000000   Number         0  stubs.o ABSOLUTE
    _printf_wc                               0x00000000   Number         0  stubs.o ABSOLUTE
    _printf_wctomb                           0x00000000   Number         0  stubs.o ABSOLUTE
    _printf_widthprec                        0x00000000   Number         0  stubs.o ABSOLUTE
    _printf_x                                0x00000000   Number         0  stubs.o ABSOLUTE
    __decompress                              - Undefined Weak Reference
    _clock_init                               - Undefined Weak Reference
    __Vectors_Size                           0x00000188   Number         0  startup_stm32f4xx.o ABSOLUTE
    __Vectors                                0x08000000   Data           4  startup_stm32f4xx.o(RESET)
    __Vectors_End                            0x08000188   Data           0  startup_stm32f4xx.o(RESET)
    __main                                   0x08000189   Thumb Code     0  entry.o(.ARM.Collect$$$$00000000)
    _main_stk                                0x08000189   Thumb Code     0  entry2.o(.ARM.Collect$$$$00000001)
    _main_scatterload                        0x0800018d   Thumb Code     0  entry5.o(.ARM.Collect$$$$00000004)
    __main_after_scatterload                 0x08000191   Thumb Code     0  entry5.o(.ARM.Collect$$$$00000004)
    _main_clock                              0x08000191   Thumb Code     0  entry7b.o(.ARM.Collect$$$$00000008)
    _main_init                               0x08000191   Thumb Code     0  entry8.o(.ARM.Collect$$$$00000009)
    Reset_Handler                            0x0800019d   Thumb Code    18  startup_stm32f4xx.o(.text)
    OSPendSV                                 0x080001bd   Thumb Code     2  startup_stm32f4xx.o(.text)
    ADC_IRQHandler                           0x080001c1   Thumb Code     0  startup_stm32f4xx.o(.text)
    CAN1_RX0_IRQHandler                      0x080001c1   Thumb Code     0  startup_stm32f4xx.o(.text)
    CAN1_RX1_IRQHandler                      0x080001c1   Thumb Code     0  startup_stm32f4xx.o(.text)
    CAN1_SCE_IRQHandler                      0x080001c1   Thumb Code     0  startup_stm32f4xx.o(.text)
    CAN1_TX_IRQHandler                       0x080001c1   Thumb Code     0  startup_stm32f4xx.o(.text)
    CAN2_RX0_IRQHandler                      0x080001c1   Thumb Code     0  startup_stm32f4xx.o(.text)
    CAN2_RX1_IRQHandler                      0x080001c1   Thumb Code     0  startup_stm32f4xx.o(.text)
    CAN2_SCE_IRQHandler                      0x080001c1   Thumb Code     0  startup_stm32f4xx.o(.text)
    CAN2_TX_IRQHandler                       0x080001c1   Thumb Code     0  startup_stm32f4xx.o(.text)
    CRYP_IRQHandler                          0x080001c1   Thumb Code     0  startup_stm32f4xx.o(.text)
    DCMI_IRQHandler                          0x080001c1   Thumb Code     0  startup_stm32f4xx.o(.text)
    DMA1_Stream0_IRQHandler                  0x080001c1   Thumb Code     0  startup_stm32f4xx.o(.text)
    DMA1_Stream1_IRQHandler                  0x080001c1   Thumb Code     0  startup_stm32f4xx.o(.text)
    DMA1_Stream2_IRQHandler                  0x080001c1   Thumb Code     0  startup_stm32f4xx.o(.text)
    DMA1_Stream3_IRQHandler                  0x080001c1   Thumb Code     0  startup_stm32f4xx.o(.text)
    DMA1_Stream4_IRQHandler                  0x080001c1   Thumb Code     0  startup_stm32f4xx.o(.text)
    DMA1_Stream5_IRQHandler                  0x080001c1   Thumb Code     0  startup_stm32f4xx.o(.text)
    DMA1_Stream6_IRQHandler                  0x080001c1   Thumb Code     0  startup_stm32f4xx.o(.text)
    DMA1_Stream7_IRQHandler                  0x080001c1   Thumb Code     0  startup_stm32f4xx.o(.text)
    DMA2_Stream0_IRQHandler                  0x080001c1   Thumb Code     0  startup_stm32f4xx.o(.text)
    DMA2_Stream1_IRQHandler                  0x080001c1   Thumb Code     0  startup_stm32f4xx.o(.text)
    DMA2_Stream2_IRQHandler                  0x080001c1   Thumb Code     0  startup_stm32f4xx.o(.text)
    DMA2_Stream3_IRQHandler                  0x080001c1   Thumb Code     0  startup_stm32f4xx.o(.text)
    DMA2_Stream4_IRQHandler                  0x080001c1   Thumb Code     0  startup_stm32f4xx.o(.text)
    DMA2_Stream5_IRQHandler                  0x080001c1   Thumb Code     0  startup_stm32f4xx.o(.text)
    DMA2_Stream6_IRQHandler                  0x080001c1   Thumb Code     0  startup_stm32f4xx.o(.text)
    DMA2_Stream7_IRQHandler                  0x080001c1   Thumb Code     0  startup_stm32f4xx.o(.text)
    ETH_IRQHandler                           0x080001c1   Thumb Code     0  startup_stm32f4xx.o(.text)
    ETH_WKUP_IRQHandler                      0x080001c1   Thumb Code     0  startup_stm32f4xx.o(.text)
    EXTI15_10_IRQHandler                     0x080001c1   Thumb Code     0  startup_stm32f4xx.o(.text)
    EXTI1_IRQHandler                         0x080001c1   Thumb Code     0  startup_stm32f4xx.o(.text)
    EXTI2_IRQHandler                         0x080001c1   Thumb Code     0  startup_stm32f4xx.o(.text)
    EXTI3_IRQHandler                         0x080001c1   Thumb Code     0  startup_stm32f4xx.o(.text)
    EXTI4_IRQHandler                         0x080001c1   Thumb Code     0  startup_stm32f4xx.o(.text)
    EXTI9_5_IRQHandler                       0x080001c1   Thumb Code     0  startup_stm32f4xx.o(.text)
    FLASH_IRQHandler                         0x080001c1   Thumb Code     0  startup_stm32f4xx.o(.text)
    FPU_IRQHandler                           0x080001c1   Thumb Code     0  startup_stm32f4xx.o(.text)
    FSMC_IRQHandler                          0x080001c1   Thumb Code     0  startup_stm32f4xx.o(.text)
    HASH_RNG_IRQHandler                      0x080001c1   Thumb Code     0  startup_stm32f4xx.o(.text)
    I2C1_ER_IRQHandler                       0x080001c1   Thumb Code     0  startup_stm32f4xx.o(.text)
    I2C1_EV_IRQHandler                       0x080001c1   Thumb Code     0  startup_stm32f4xx.o(.text)
    I2C2_ER_IRQHandler                       0x080001c1   Thumb Code     0  startup_stm32f4xx.o(.text)
    I2C2_EV_IRQHandler                       0x080001c1   Thumb Code     0  startup_stm32f4xx.o(.text)
    I2C3_ER_IRQHandler                       0x080001c1   Thumb Code     0  startup_stm32f4xx.o(.text)
    I2C3_EV_IRQHandler                       0x080001c1   Thumb Code     0  startup_stm32f4xx.o(.text)
    OTG_FS_IRQHandler                        0x080001c1   Thumb Code     0  startup_stm32f4xx.o(.text)
    OTG_FS_WKUP_IRQHandler                   0x080001c1   Thumb Code     0  startup_stm32f4xx.o(.text)
    OTG_HS_EP1_IN_IRQHandler                 0x080001c1   Thumb Code     0  startup_stm32f4xx.o(.text)
    OTG_HS_EP1_OUT_IRQHandler                0x080001c1   Thumb Code     0  startup_stm32f4xx.o(.text)
    OTG_HS_IRQHandler                        0x080001c1   Thumb Code     0  startup_stm32f4xx.o(.text)
    OTG_HS_WKUP_IRQHandler                   0x080001c1   Thumb Code     0  startup_stm32f4xx.o(.text)
    PVD_IRQHandler                           0x080001c1   Thumb Code     0  startup_stm32f4xx.o(.text)
    RCC_IRQHandler                           0x080001c1   Thumb Code     0  startup_stm32f4xx.o(.text)
    RTC_Alarm_IRQHandler                     0x080001c1   Thumb Code     0  startup_stm32f4xx.o(.text)
    RTC_WKUP_IRQHandler                      0x080001c1   Thumb Code     0  startup_stm32f4xx.o(.text)
    SDIO_IRQHandler                          0x080001c1   Thumb Code     0  startup_stm32f4xx.o(.text)
    SPI1_IRQHandler                          0x080001c1   Thumb Code     0  startup_stm32f4xx.o(.text)
    SPI2_IRQHandler                          0x080001c1   Thumb Code     0  startup_stm32f4xx.o(.text)
    SPI3_IRQHandler                          0x080001c1   Thumb Code     0  startup_stm32f4xx.o(.text)
    TAMP_STAMP_IRQHandler                    0x080001c1   Thumb Code     0  startup_stm32f4xx.o(.text)
    TIM1_BRK_TIM9_IRQHandler                 0x080001c1   Thumb Code     0  startup_stm32f4xx.o(.text)
    TIM1_CC_IRQHandler                       0x080001c1   Thumb Code     0  startup_stm32f4xx.o(.text)
    TIM1_TRG_COM_TIM11_IRQHandler            0x080001c1   Thumb Code     0  startup_stm32f4xx.o(.text)
    TIM1_UP_TIM10_IRQHandler                 0x080001c1   Thumb Code     0  startup_stm32f4xx.o(.text)
    TIM4_IRQHandler                          0x080001c1   Thumb Code     0  startup_stm32f4xx.o(.text)
    TIM5_IRQHandler                          0x080001c1   Thumb Code     0  startup_stm32f4xx.o(.text)
    TIM6_DAC_IRQHandler                      0x080001c1   Thumb Code     0  startup_stm32f4xx.o(.text)
    TIM7_IRQHandler                          0x080001c1   Thumb Code     0  startup_stm32f4xx.o(.text)
    TIM8_BRK_TIM12_IRQHandler                0x080001c1   Thumb Code     0  startup_stm32f4xx.o(.text)
    TIM8_CC_IRQHandler                       0x080001c1   Thumb Code     0  startup_stm32f4xx.o(.text)
    TIM8_TRG_COM_TIM14_IRQHandler            0x080001c1   Thumb Code     0  startup_stm32f4xx.o(.text)
    TIM8_UP_TIM13_IRQHandler                 0x080001c1   Thumb Code     0  startup_stm32f4xx.o(.text)
    UART4_IRQHandler                         0x080001c1   Thumb Code     0  startup_stm32f4xx.o(.text)
    UART5_IRQHandler                         0x080001c1   Thumb Code     0  startup_stm32f4xx.o(.text)
    USART3_IRQHandler                        0x080001c1   Thumb Code     0  startup_stm32f4xx.o(.text)
    USART6_IRQHandler                        0x080001c1   Thumb Code     0  startup_stm32f4xx.o(.text)
    WWDG_IRQHandler                          0x080001c1   Thumb Code     0  startup_stm32f4xx.o(.text)
    abs                                      0x080001d1   Thumb Code     8  siabs.o(.text)
    __aeabi_memcpy                           0x080001d9   Thumb Code    36  memcpya.o(.text)
    __aeabi_memcpy4                          0x080001d9   Thumb Code     0  memcpya.o(.text)
    __aeabi_memcpy8                          0x080001d9   Thumb Code     0  memcpya.o(.text)
    __aeabi_dadd                             0x080001fd   Thumb Code   320  dadd.o(.text)
    __aeabi_dsub                             0x0800033d   Thumb Code     6  dadd.o(.text)
    __aeabi_drsub                            0x08000343   Thumb Code     6  dadd.o(.text)
    __aeabi_dmul                             0x08000349   Thumb Code   224  dmul.o(.text)
    __aeabi_ddiv                             0x08000429   Thumb Code   222  ddiv.o(.text)
    __aeabi_f2d                              0x08000507   Thumb Code    44  f2d.o(.text)
    __aeabi_cdcmpeq                          0x08000535   Thumb Code     0  cdcmple.o(.text)
    __aeabi_cdcmple                          0x08000535   Thumb Code    38  cdcmple.o(.text)
    __aeabi_d2f                              0x0800055d   Thumb Code    56  d2f.o(.text)
    __aeabi_uidiv                            0x08000595   Thumb Code     0  uidiv.o(.text)
    __aeabi_uidivmod                         0x08000595   Thumb Code    44  uidiv.o(.text)
    __aeabi_uldivmod                         0x080005c1   Thumb Code    98  uldiv.o(.text)
    __aeabi_llsl                             0x08000623   Thumb Code    30  llshl.o(.text)
    _ll_shift_l                              0x08000623   Thumb Code     0  llshl.o(.text)
    __aeabi_lasr                             0x08000641   Thumb Code    36  llsshr.o(.text)
    _ll_sshift_r                             0x08000641   Thumb Code     0  llsshr.o(.text)
    __I$use$fp                               0x08000665   Thumb Code     0  iusefp.o(.text)
    _float_round                             0x08000665   Thumb Code    18  fepilogue.o(.text)
    _float_epilogue                          0x08000677   Thumb Code    90  fepilogue.o(.text)
    _double_round                            0x080006d1   Thumb Code    26  depilogue.o(.text)
    _double_epilogue                         0x080006eb   Thumb Code   164  depilogue.o(.text)
    _dsqrt                                   0x0800078f   Thumb Code   162  dsqrt.o(.text)
    __aeabi_d2ulz                            0x08000831   Thumb Code    48  dfixul.o(.text)
    __aeabi_cdrcmple                         0x08000861   Thumb Code    38  cdrcmple.o(.text)
    __scatterload                            0x08000889   Thumb Code    28  init.o(.text)
    __scatterload_rt2                        0x08000889   Thumb Code     0  init.o(.text)
    __aeabi_llsr                             0x080008ad   Thumb Code    32  llushr.o(.text)
    _ll_ushift_r                             0x080008ad   Thumb Code     0  llushr.o(.text)
    ADI_BurstReadMode                        0x080008cd   Thumb Code   176  imu_adis16xxx.o(i.ADI_BurstReadMode)
    BusFault_Handler                         0x08000989   Thumb Code     2  stm32f4xx_it.o(i.BusFault_Handler)
    CRC32Value                               0x0800098d   Thumb Code    24  crc_gps.o(i.CRC32Value)
    CalculateBlockCRC32                      0x080009a9   Thumb Code    32  crc_gps.o(i.CalculateBlockCRC32)
    DebugMon_Handler                         0x080009c9   Thumb Code     2  stm32f4xx_it.o(i.DebugMon_Handler)
    Delay                                    0x080009cd   Thumb Code    12  main.o(i.Delay)
    EXTI0_IRQHandler                         0x080009dd   Thumb Code  1198  imu_adis16xxx.o(i.EXTI0_IRQHandler)
    EXTI_ClearITPendingBit                   0x08000e8d   Thumb Code     6  stm32f4xx_exti.o(i.EXTI_ClearITPendingBit)
    EXTI_GetITStatus                         0x08000e99   Thumb Code    28  stm32f4xx_exti.o(i.EXTI_GetITStatus)
    EXTI_Init                                0x08000eb9   Thumb Code   112  stm32f4xx_exti.o(i.EXTI_Init)
    EXTI_init                                0x08000f2d   Thumb Code   104  imu_adis16xxx.o(i.EXTI_init)
    GPIO_Init                                0x08000f99   Thumb Code   124  stm32f4xx_gpio.o(i.GPIO_Init)
    GPIO_PinAFConfig                         0x08001015   Thumb Code    32  stm32f4xx_gpio.o(i.GPIO_PinAFConfig)
    GPIO_ReadInputDataBit                    0x08001035   Thumb Code    14  stm32f4xx_gpio.o(i.GPIO_ReadInputDataBit)
    GPIO_ResetBits                           0x08001043   Thumb Code     4  stm32f4xx_gpio.o(i.GPIO_ResetBits)
    GPIO_SetBits                             0x08001047   Thumb Code     4  stm32f4xx_gpio.o(i.GPIO_SetBits)
    GPS_init                                 0x0800104d   Thumb Code   214  gps.o(i.GPS_init)
    HardFault_Handler                        0x08001175   Thumb Code     2  stm32f4xx_it.o(i.HardFault_Handler)
    IMU_init                                 0x08001179   Thumb Code   116  imu_adis16xxx.o(i.IMU_init)
    KEY_init                                 0x080011f1   Thumb Code    66  key.o(i.KEY_init)
    MadgwickAHRSupdateIMU                    0x08001239   Thumb Code   668  madgwickahrs.o(i.MadgwickAHRSupdateIMU)
    MemManage_Handler                        0x080014dd   Thumb Code     2  stm32f4xx_it.o(i.MemManage_Handler)
    NMI_Handler                              0x080014df   Thumb Code     2  stm32f4xx_it.o(i.NMI_Handler)
    NVIC_Init                                0x080014e1   Thumb Code    92  misc.o(i.NVIC_Init)
    NVIC_PriorityGroupConfig                 0x08001545   Thumb Code    10  misc.o(i.NVIC_PriorityGroupConfig)
    RCC_AHB1PeriphClockCmd                   0x08001559   Thumb Code    18  stm32f4xx_rcc.o(i.RCC_AHB1PeriphClockCmd)
    RCC_APB1PeriphClockCmd                   0x08001571   Thumb Code    18  stm32f4xx_rcc.o(i.RCC_APB1PeriphClockCmd)
    RCC_APB1PeriphResetCmd                   0x08001589   Thumb Code    18  stm32f4xx_rcc.o(i.RCC_APB1PeriphResetCmd)
    RCC_APB2PeriphClockCmd                   0x080015a1   Thumb Code    18  stm32f4xx_rcc.o(i.RCC_APB2PeriphClockCmd)
    RCC_APB2PeriphResetCmd                   0x080015b9   Thumb Code    18  stm32f4xx_rcc.o(i.RCC_APB2PeriphResetCmd)
    RCC_GetClocksFreq                        0x080015d1   Thumb Code   138  stm32f4xx_rcc.o(i.RCC_GetClocksFreq)
    RST_IMU                                  0x08001669   Thumb Code    30  imu_adis16xxx.o(i.RST_IMU)
    RST_init                                 0x0800168d   Thumb Code    54  imu_adis16xxx.o(i.RST_init)
    SPI_Cmd                                  0x080016c9   Thumb Code    20  stm32f4xx_spi.o(i.SPI_Cmd)
    SPI_I2S_DeInit                           0x080016dd   Thumb Code    72  stm32f4xx_spi.o(i.SPI_I2S_DeInit)
    SPI_I2S_GetFlagStatus                    0x08001731   Thumb Code    14  stm32f4xx_spi.o(i.SPI_I2S_GetFlagStatus)
    SPI_I2S_ReceiveData                      0x0800173f   Thumb Code     4  stm32f4xx_spi.o(i.SPI_I2S_ReceiveData)
    SPI_I2S_SendData                         0x08001743   Thumb Code     4  stm32f4xx_spi.o(i.SPI_I2S_SendData)
    SPI_Init                                 0x08001747   Thumb Code    56  stm32f4xx_spi.o(i.SPI_Init)
    SPI_StructInit                           0x0800177f   Thumb Code    24  stm32f4xx_spi.o(i.SPI_StructInit)
    SVC_Handler                              0x08001797   Thumb Code     2  stm32f4xx_it.o(i.SVC_Handler)
    SYSCFG_EXTILineConfig                    0x08001799   Thumb Code    34  stm32f4xx_syscfg.o(i.SYSCFG_EXTILineConfig)
    SysTick_Handler                          0x0800185d   Thumb Code     4  stm32f4xx_it.o(i.SysTick_Handler)
    SystemInit                               0x08001861   Thumb Code    74  system_stm32f4xx.o(i.SystemInit)
    TIM2_Configuration                       0x080018bd   Thumb Code   124  timer.o(i.TIM2_Configuration)
    TIM2_IRQHandler                          0x0800193d   Thumb Code    94  timer.o(i.TIM2_IRQHandler)
    TIM3_IRQHandler                          0x080019c5   Thumb Code    30  timer.o(i.TIM3_IRQHandler)
    TIM_ClearFlag                            0x080019e9   Thumb Code     6  stm32f4xx_tim.o(i.TIM_ClearFlag)
    TIM_ClearITPendingBit                    0x080019ef   Thumb Code     6  stm32f4xx_tim.o(i.TIM_ClearITPendingBit)
    TIM_Cmd                                  0x080019f5   Thumb Code    20  stm32f4xx_tim.o(i.TIM_Cmd)
    TIM_DeInit                               0x08001a09   Thumb Code   284  stm32f4xx_tim.o(i.TIM_DeInit)
    TIM_GetITStatus                          0x08001b59   Thumb Code    22  stm32f4xx_tim.o(i.TIM_GetITStatus)
    TIM_ITConfig                             0x08001b6f   Thumb Code    16  stm32f4xx_tim.o(i.TIM_ITConfig)
    TIM_TimeBaseInit                         0x08001b81   Thumb Code   100  stm32f4xx_tim.o(i.TIM_TimeBaseInit)
    TimingDelay_Decrement                    0x08001c01   Thumb Code    16  main.o(i.TimingDelay_Decrement)
    USART1_IRQHandler                        0x08001c15   Thumb Code   322  gps.o(i.USART1_IRQHandler)
    USART2_IRQHandler                        0x08001d6d   Thumb Code    24  usart.o(i.USART2_IRQHandler)
    USART_Cmd                                0x08001d89   Thumb Code    20  stm32f4xx_usart.o(i.USART_Cmd)
    USART_GetFlagStatus                      0x08001d9d   Thumb Code    14  stm32f4xx_usart.o(i.USART_GetFlagStatus)
    USART_GetITStatus                        0x08001dab   Thumb Code    62  stm32f4xx_usart.o(i.USART_GetITStatus)
    USART_ITConfig                           0x08001de9   Thumb Code    48  stm32f4xx_usart.o(i.USART_ITConfig)
    USART_Init                               0x08001e19   Thumb Code   174  stm32f4xx_usart.o(i.USART_Init)
    USART_ReceiveData                        0x08001ed1   Thumb Code     8  stm32f4xx_usart.o(i.USART_ReceiveData)
    USART_SendData                           0x08001ed9   Thumb Code     8  stm32f4xx_usart.o(i.USART_SendData)
    UsageFault_Handler                       0x08001ee1   Thumb Code     2  stm32f4xx_it.o(i.UsageFault_Handler)
    __0printf                                0x08001ee5   Thumb Code    22  printfa.o(i.__0printf)
    __1printf                                0x08001ee5   Thumb Code     0  printfa.o(i.__0printf)
    __2printf                                0x08001ee5   Thumb Code     0  printfa.o(i.__0printf)
    __c89printf                              0x08001ee5   Thumb Code     0  printfa.o(i.__0printf)
    printf                                   0x08001ee5   Thumb Code     0  printfa.o(i.__0printf)
    __ARM_fpclassify                         0x08001f05   Thumb Code    48  fpclassify.o(i.__ARM_fpclassify)
    __hardfp_asin                            0x08001f39   Thumb Code   774  asin.o(i.__hardfp_asin)
    __hardfp_atan                            0x080022a9   Thumb Code   636  atan.o(i.__hardfp_atan)
    __hardfp_atan2                           0x08002591   Thumb Code   422  atan2.o(i.__hardfp_atan2)
    __kernel_poly                            0x08002779   Thumb Code   248  poly.o(i.__kernel_poly)
    __mathlib_dbl_underflow                  0x08002871   Thumb Code    24  dunder.o(i.__mathlib_dbl_underflow)
    __scatterload_copy                       0x08002891   Thumb Code    14  handlers.o(i.__scatterload_copy)
    __scatterload_null                       0x0800289f   Thumb Code     2  handlers.o(i.__scatterload_null)
    __scatterload_zeroinit                   0x080028a1   Thumb Code    14  handlers.o(i.__scatterload_zeroinit)
    __set_errno                              0x080028b1   Thumb Code     6  errno.o(i.__set_errno)
    arm_cos_f32                              0x08003171   Thumb Code   206  arm_cos_f32.o(i.arm_cos_f32)
    arm_sin_f32                              0x08003255   Thumb Code   206  arm_sin_f32.o(i.arm_sin_f32)
    arm_var_f32                              0x08003339   Thumb Code   164  arm_var_f32.o(i.arm_var_f32)
    atan                                     0x080033e1   Thumb Code    16  atan.o(i.atan)
    fabs                                     0x080033f1   Thumb Code    32  fabs.o(i.fabs)
    fputc                                    0x08003411   Thumb Code    30  usart.o(i.fputc)
    get_PV                                   0x08003435   Thumb Code     8  key.o(i.get_PV)
    invSqrt                                  0x08003441   Thumb Code    40  madgwickahrs.o(i.invSqrt)
    main                                     0x0800346d   Thumb Code    92  main.o(i.main)
    map_14bits_to_16bits                     0x080034e5   Thumb Code    18  imu_adis16xxx.o(i.map_14bits_to_16bits)
    spi2_init                                0x080034f9   Thumb Code   160  imu_adis16xxx.o(i.spi2_init)
    sqrt                                     0x080035a1   Thumb Code   108  sqrt.o(i.sqrt)
    usart1_init                              0x0800360d   Thumb Code   162  usart.o(i.usart1_init)
    usart2_init                              0x080036b9   Thumb Code   184  usart.o(i.usart2_init)
    __mathlib_zero                           0x08004080   Data           8  qnan.o(.constdata)
    Region$$Table$$Base                      0x08004088   Number         0  anon$$obj.o(Region$$Table)
    Region$$Table$$Limit                     0x080040a8   Number         0  anon$$obj.o(Region$$Table)
    ax                                       0x20000006   Data           2  imu_adis16xxx.o(.data)
    ay                                       0x20000008   Data           2  imu_adis16xxx.o(.data)
    az                                       0x2000000a   Data           2  imu_adis16xxx.o(.data)
    gx                                       0x2000000c   Data           2  imu_adis16xxx.o(.data)
    gy                                       0x2000000e   Data           2  imu_adis16xxx.o(.data)
    gz                                       0x20000010   Data           2  imu_adis16xxx.o(.data)
    mx                                       0x20000012   Data           2  imu_adis16xxx.o(.data)
    my                                       0x20000014   Data           2  imu_adis16xxx.o(.data)
    mz                                       0x20000016   Data           2  imu_adis16xxx.o(.data)
    roll                                     0x20000018   Data           4  imu_adis16xxx.o(.data)
    pitch                                    0x2000001c   Data           4  imu_adis16xxx.o(.data)
    yaw                                      0x20000020   Data           4  imu_adis16xxx.o(.data)
    gps_dir_rad                              0x20000024   Data           4  imu_adis16xxx.o(.data)
    gps_dir_num                              0x20000028   Data           1  gps.o(.data)
    GPS_Buff_ptr                             0x20000029   Data           1  gps.o(.data)
    GPS_pos_flag                             0x2000002a   Data           1  gps.o(.data)
    GPS_dir_flag                             0x2000002b   Data           1  gps.o(.data)
    beta                                     0x2000002c   Data           4  madgwickahrs.o(.data)
    q0                                       0x20000030   Data           4  madgwickahrs.o(.data)
    q1                                       0x20000034   Data           4  madgwickahrs.o(.data)
    q2                                       0x20000038   Data           4  madgwickahrs.o(.data)
    q3                                       0x2000003c   Data           4  madgwickahrs.o(.data)
    __stdout                                 0x20000050   Data           4  stdout.o(.data)
    GPS_Buff                                 0x20000078   Data         256  gps.o(.bss)
    gps_dir                                  0x20000178   Data          84  gps.o(.bss)
    GPSMsg                                   0x200001d0   Data          48  gps.o(.bss)
    __initial_sp                             0x20000600   Data           0  startup_stm32f4xx.o(STACK)



==============================================================================

Memory Map of the image

  Image Entry point : 0x08000189

  Load Region LR_IROM1 (Base: 0x08000000, Size: 0x00004100, Max: 0x00100000, ABSOLUTE)

    Execution Region ER_IROM1 (Base: 0x08000000, Size: 0x000040a8, Max: 0x00100000, ABSOLUTE)

    Base Addr    Size         Type   Attr      Idx    E Section Name        Object

    0x08000000   0x00000188   Data   RO            3    RESET               startup_stm32f4xx.o
    0x08000188   0x00000000   Code   RO         4794  * .ARM.Collect$$$$00000000  mc_w.l(entry.o)
    0x08000188   0x00000004   Code   RO         5105    .ARM.Collect$$$$00000001  mc_w.l(entry2.o)
    0x0800018c   0x00000004   Code   RO         5108    .ARM.Collect$$$$00000004  mc_w.l(entry5.o)
    0x08000190   0x00000000   Code   RO         5110    .ARM.Collect$$$$00000008  mc_w.l(entry7b.o)
    0x08000190   0x00000008   Code   RO         5111    .ARM.Collect$$$$00000009  mc_w.l(entry8.o)
    0x08000198   0x00000004   Code   RO         5106    .ARM.Collect$$$$00002712  mc_w.l(entry2.o)
    0x0800019c   0x00000034   Code   RO            4    .text               startup_stm32f4xx.o
    0x080001d0   0x00000008   Code   RO         4797    .text               mc_w.l(siabs.o)
    0x080001d8   0x00000024   Code   RO         4801    .text               mc_w.l(memcpya.o)
    0x080001fc   0x0000014c   Code   RO         5066    .text               mf_w.l(dadd.o)
    0x08000348   0x000000e0   Code   RO         5068    .text               mf_w.l(dmul.o)
    0x08000428   0x000000de   Code   RO         5070    .text               mf_w.l(ddiv.o)
    0x08000506   0x0000002c   Code   RO         5072    .text               mf_w.l(f2d.o)
    0x08000532   0x00000002   PAD
    0x08000534   0x00000028   Code   RO         5074    .text               mf_w.l(cdcmple.o)
    0x0800055c   0x00000038   Code   RO         5076    .text               mf_w.l(d2f.o)
    0x08000594   0x0000002c   Code   RO         5113    .text               mc_w.l(uidiv.o)
    0x080005c0   0x00000062   Code   RO         5115    .text               mc_w.l(uldiv.o)
    0x08000622   0x0000001e   Code   RO         5117    .text               mc_w.l(llshl.o)
    0x08000640   0x00000024   Code   RO         5119    .text               mc_w.l(llsshr.o)
    0x08000664   0x00000000   Code   RO         5128    .text               mc_w.l(iusefp.o)
    0x08000664   0x0000006c   Code   RO         5129    .text               mf_w.l(fepilogue.o)
    0x080006d0   0x000000be   Code   RO         5131    .text               mf_w.l(depilogue.o)
    0x0800078e   0x000000a2   Code   RO         5135    .text               mf_w.l(dsqrt.o)
    0x08000830   0x00000030   Code   RO         5137    .text               mf_w.l(dfixul.o)
    0x08000860   0x00000028   Code   RO         5139    .text               mf_w.l(cdrcmple.o)
    0x08000888   0x00000024   Code   RO         5141    .text               mc_w.l(init.o)
    0x080008ac   0x00000020   Code   RO         5143    .text               mc_w.l(llushr.o)
    0x080008cc   0x000000bc   Code   RO          379    i.ADI_BurstReadMode  imu_adis16xxx.o
    0x08000988   0x00000002   Code   RO          185    i.BusFault_Handler  stm32f4xx_it.o
    0x0800098a   0x00000002   PAD
    0x0800098c   0x0000001c   Code   RO          574    i.CRC32Value        crc_gps.o
    0x080009a8   0x00000020   Code   RO          575    i.CalculateBlockCRC32  crc_gps.o
    0x080009c8   0x00000002   Code   RO          186    i.DebugMon_Handler  stm32f4xx_it.o
    0x080009ca   0x00000002   PAD
    0x080009cc   0x00000010   Code   RO           12    i.Delay             main.o
    0x080009dc   0x000004ae   Code   RO          380    i.EXTI0_IRQHandler  imu_adis16xxx.o
    0x08000e8a   0x00000002   PAD
    0x08000e8c   0x0000000c   Code   RO         1763    i.EXTI_ClearITPendingBit  stm32f4xx_exti.o
    0x08000e98   0x00000020   Code   RO         1767    i.EXTI_GetITStatus  stm32f4xx_exti.o
    0x08000eb8   0x00000074   Code   RO         1768    i.EXTI_Init         stm32f4xx_exti.o
    0x08000f2c   0x0000006c   Code   RO          381    i.EXTI_init         imu_adis16xxx.o
    0x08000f98   0x0000007c   Code   RO         2147    i.GPIO_Init         stm32f4xx_gpio.o
    0x08001014   0x00000020   Code   RO         2148    i.GPIO_PinAFConfig  stm32f4xx_gpio.o
    0x08001034   0x0000000e   Code   RO         2151    i.GPIO_ReadInputDataBit  stm32f4xx_gpio.o
    0x08001042   0x00000004   Code   RO         2154    i.GPIO_ResetBits    stm32f4xx_gpio.o
    0x08001046   0x00000004   Code   RO         2155    i.GPIO_SetBits      stm32f4xx_gpio.o
    0x0800104a   0x00000002   PAD
    0x0800104c   0x00000128   Code   RO          539    i.GPS_init          gps.o
    0x08001174   0x00000002   Code   RO          187    i.HardFault_Handler  stm32f4xx_it.o
    0x08001176   0x00000002   PAD
    0x08001178   0x00000078   Code   RO          383    i.IMU_init          imu_adis16xxx.o
    0x080011f0   0x00000048   Code   RO          599    i.KEY_init          key.o
    0x08001238   0x000002a4   Code   RO          635    i.MadgwickAHRSupdateIMU  madgwickahrs.o
    0x080014dc   0x00000002   Code   RO          188    i.MemManage_Handler  stm32f4xx_it.o
    0x080014de   0x00000002   Code   RO          189    i.NMI_Handler       stm32f4xx_it.o
    0x080014e0   0x00000064   Code   RO          671    i.NVIC_Init         misc.o
    0x08001544   0x00000014   Code   RO          672    i.NVIC_PriorityGroupConfig  misc.o
    0x08001558   0x00000018   Code   RO         2760    i.RCC_AHB1PeriphClockCmd  stm32f4xx_rcc.o
    0x08001570   0x00000018   Code   RO         2769    i.RCC_APB1PeriphClockCmd  stm32f4xx_rcc.o
    0x08001588   0x00000018   Code   RO         2771    i.RCC_APB1PeriphResetCmd  stm32f4xx_rcc.o
    0x080015a0   0x00000018   Code   RO         2772    i.RCC_APB2PeriphClockCmd  stm32f4xx_rcc.o
    0x080015b8   0x00000018   Code   RO         2774    i.RCC_APB2PeriphResetCmd  stm32f4xx_rcc.o
    0x080015d0   0x00000098   Code   RO         2781    i.RCC_GetClocksFreq  stm32f4xx_rcc.o
    0x08001668   0x00000024   Code   RO          384    i.RST_IMU           imu_adis16xxx.o
    0x0800168c   0x0000003c   Code   RO          385    i.RST_init          imu_adis16xxx.o
    0x080016c8   0x00000014   Code   RO         3656    i.SPI_Cmd           stm32f4xx_spi.o
    0x080016dc   0x00000054   Code   RO         3663    i.SPI_I2S_DeInit    stm32f4xx_spi.o
    0x08001730   0x0000000e   Code   RO         3664    i.SPI_I2S_GetFlagStatus  stm32f4xx_spi.o
    0x0800173e   0x00000004   Code   RO         3667    i.SPI_I2S_ReceiveData  stm32f4xx_spi.o
    0x08001742   0x00000004   Code   RO         3668    i.SPI_I2S_SendData  stm32f4xx_spi.o
    0x08001746   0x00000038   Code   RO         3669    i.SPI_Init          stm32f4xx_spi.o
    0x0800177e   0x00000018   Code   RO         3672    i.SPI_StructInit    stm32f4xx_spi.o
    0x08001796   0x00000002   Code   RO          191    i.SVC_Handler       stm32f4xx_it.o
    0x08001798   0x00000028   Code   RO         3817    i.SYSCFG_EXTILineConfig  stm32f4xx_syscfg.o
    0x080017c0   0x0000009c   Code   RO          260    i.SetSysClock       system_stm32f4xx.o
    0x0800185c   0x00000004   Code   RO          192    i.SysTick_Handler   stm32f4xx_it.o
    0x08001860   0x0000005c   Code   RO          262    i.SystemInit        system_stm32f4xx.o
    0x080018bc   0x00000080   Code   RO          297    i.TIM2_Configuration  timer.o
    0x0800193c   0x00000088   Code   RO          298    i.TIM2_IRQHandler   timer.o
    0x080019c4   0x00000024   Code   RO          299    i.TIM3_IRQHandler   timer.o
    0x080019e8   0x00000006   Code   RO         3872    i.TIM_ClearFlag     stm32f4xx_tim.o
    0x080019ee   0x00000006   Code   RO         3873    i.TIM_ClearITPendingBit  stm32f4xx_tim.o
    0x080019f4   0x00000014   Code   RO         3878    i.TIM_Cmd           stm32f4xx_tim.o
    0x08001a08   0x00000150   Code   RO         3883    i.TIM_DeInit        stm32f4xx_tim.o
    0x08001b58   0x00000016   Code   RO         3899    i.TIM_GetITStatus   stm32f4xx_tim.o
    0x08001b6e   0x00000010   Code   RO         3903    i.TIM_ITConfig      stm32f4xx_tim.o
    0x08001b7e   0x00000002   PAD
    0x08001b80   0x00000080   Code   RO         3950    i.TIM_TimeBaseInit  stm32f4xx_tim.o
    0x08001c00   0x00000014   Code   RO           13    i.TimingDelay_Decrement  main.o
    0x08001c14   0x00000158   Code   RO          540    i.USART1_IRQHandler  gps.o
    0x08001d6c   0x0000001c   Code   RO          338    i.USART2_IRQHandler  usart.o
    0x08001d88   0x00000014   Code   RO         4415    i.USART_Cmd         stm32f4xx_usart.o
    0x08001d9c   0x0000000e   Code   RO         4418    i.USART_GetFlagStatus  stm32f4xx_usart.o
    0x08001daa   0x0000003e   Code   RO         4419    i.USART_GetITStatus  stm32f4xx_usart.o
    0x08001de8   0x00000030   Code   RO         4421    i.USART_ITConfig    stm32f4xx_usart.o
    0x08001e18   0x000000b8   Code   RO         4422    i.USART_Init        stm32f4xx_usart.o
    0x08001ed0   0x00000008   Code   RO         4429    i.USART_ReceiveData  stm32f4xx_usart.o
    0x08001ed8   0x00000008   Code   RO         4432    i.USART_SendData    stm32f4xx_usart.o
    0x08001ee0   0x00000002   Code   RO          193    i.UsageFault_Handler  stm32f4xx_it.o
    0x08001ee2   0x00000002   PAD
    0x08001ee4   0x00000020   Code   RO         5038    i.__0printf         mc_w.l(printfa.o)
    0x08001f04   0x00000030   Code   RO         5100    i.__ARM_fpclassify  m_wm.l(fpclassify.o)
    0x08001f34   0x00000004   PAD
    0x08001f38   0x00000370   Code   RO         4756    i.__hardfp_asin     m_wm.l(asin.o)
    0x080022a8   0x000002e8   Code   RO         5078    i.__hardfp_atan     m_wm.l(atan.o)
    0x08002590   0x000001e8   Code   RO         4770    i.__hardfp_atan2    m_wm.l(atan2.o)
    0x08002778   0x000000f8   Code   RO         5102    i.__kernel_poly     m_wm.l(poly.o)
    0x08002870   0x00000020   Code   RO         5092    i.__mathlib_dbl_underflow  m_wm.l(dunder.o)
    0x08002890   0x0000000e   Code   RO         5147    i.__scatterload_copy  mc_w.l(handlers.o)
    0x0800289e   0x00000002   Code   RO         5148    i.__scatterload_null  mc_w.l(handlers.o)
    0x080028a0   0x0000000e   Code   RO         5149    i.__scatterload_zeroinit  mc_w.l(handlers.o)
    0x080028ae   0x00000002   PAD
    0x080028b0   0x0000000c   Code   RO         5123    i.__set_errno       mc_w.l(errno.o)
    0x080028bc   0x00000158   Code   RO         5045    i._fp_digits        mc_w.l(printfa.o)
    0x08002a14   0x00000704   Code   RO         5046    i._printf_core      mc_w.l(printfa.o)
    0x08003118   0x00000026   Code   RO         5047    i._printf_post_padding  mc_w.l(printfa.o)
    0x0800313e   0x00000030   Code   RO         5048    i._printf_pre_padding  mc_w.l(printfa.o)
    0x0800316e   0x00000002   PAD
    0x08003170   0x000000e4   Code   RO         4694    i.arm_cos_f32       arm_cos_f32.o
    0x08003254   0x000000e4   Code   RO         4716    i.arm_sin_f32       arm_sin_f32.o
    0x08003338   0x000000a8   Code   RO         4738    i.arm_var_f32       arm_var_f32.o
    0x080033e0   0x00000010   Code   RO         5080    i.atan              m_wm.l(atan.o)
    0x080033f0   0x00000020   Code   RO         5096    i.fabs              m_wm.l(fabs.o)
    0x08003410   0x00000024   Code   RO          339    i.fputc             usart.o
    0x08003434   0x0000000c   Code   RO          600    i.get_PV            key.o
    0x08003440   0x0000002c   Code   RO          636    i.invSqrt           madgwickahrs.o
    0x0800346c   0x00000078   Code   RO           14    i.main              main.o
    0x080034e4   0x00000012   Code   RO          386    i.map_14bits_to_16bits  imu_adis16xxx.o
    0x080034f6   0x00000002   PAD
    0x080034f8   0x000000a8   Code   RO          387    i.spi2_init         imu_adis16xxx.o
    0x080035a0   0x0000006c   Code   RO         4784    i.sqrt              m_wm.l(sqrt.o)
    0x0800360c   0x000000ac   Code   RO          340    i.usart1_init       usart.o
    0x080036b8   0x000000c0   Code   RO          341    i.usart2_init       usart.o
    0x08003778   0x00000410   Data   RO         4695    .constdata          arm_cos_f32.o
    0x08003b88   0x0000040c   Data   RO         4717    .constdata          arm_sin_f32.o
    0x08003f94   0x00000004   PAD
    0x08003f98   0x00000050   Data   RO         4759    .constdata          m_wm.l(asin.o)
    0x08003fe8   0x00000098   Data   RO         5081    .constdata          m_wm.l(atan.o)
    0x08004080   0x00000008   Data   RO         5104    .constdata          m_wm.l(qnan.o)
    0x08004088   0x00000020   Data   RO         5145    Region$$Table       anon$$obj.o


    Execution Region RW_IRAM1 (Base: 0x20000000, Size: 0x00000600, Max: 0x00020000, ABSOLUTE)

    Base Addr    Size         Type   Attr      Idx    E Section Name        Object

    0x20000000   0x00000004   Data   RW           15    .data               main.o
    0x20000004   0x00000024   Data   RW          389    .data               imu_adis16xxx.o
    0x20000028   0x00000004   Data   RW          542    .data               gps.o
    0x2000002c   0x00000014   Data   RW          637    .data               madgwickahrs.o
    0x20000040   0x00000010   Data   RW         2804    .data               stm32f4xx_rcc.o
    0x20000050   0x00000004   Data   RW         5112    .data               mc_w.l(stdout.o)
    0x20000054   0x00000004   Data   RW         5124    .data               mc_w.l(errno.o)
    0x20000058   0x0000001e   Zero   RW          388    .bss                imu_adis16xxx.o
    0x20000076   0x00000002   PAD
    0x20000078   0x00000188   Zero   RW          541    .bss                gps.o
    0x20000200   0x00000400   Zero   RW            1    STACK               startup_stm32f4xx.o


==============================================================================

Image component sizes


      Code (inc. data)   RO Data    RW Data    ZI Data      Debug   Object Name

       228         22       1040          0          0       1582   arm_cos_f32.o
       228         22       1036          0          0       1582   arm_sin_f32.o
       168          4          0          0          0        858   arm_var_f32.o
        60          4          0          0          0       1559   crc_gps.o
       640        104          0          4        392       2801   gps.o
      1896        112          0         36         30      18124   imu_adis16xxx.o
        84         10          0          0          0        912   key.o
       720         12          0         20          0       2393   madgwickahrs.o
       156         36          0          4          0     297838   main.o
       120         18          0          0          0       1539   misc.o
        52         14        392          0       1024        816   startup_stm32f4xx.o
       160         14          0          0          0       2224   stm32f4xx_exti.o
       178          0          0          0          0       3575   stm32f4xx_gpio.o
        18          0          0          0          0       3305   stm32f4xx_it.o
       272         44          0         16          0       5689   stm32f4xx_rcc.o
       206         12          0          0          0       4756   stm32f4xx_spi.o
        40          6          0          0          0        676   stm32f4xx_syscfg.o
       534         80          0          0          0       6226   stm32f4xx_tim.o
       344         10          0          0          0       5569   stm32f4xx_usart.o
       248         34          0          0          0       1409   system_stm32f4xx.o
       300         52          0          0          0       1629   timer.o
       428         28          0          0          0       2328   usart.o

    ----------------------------------------------------------------------
      7096        638       2504         80       1448     367390   Object Totals
         0          0         32          0          0          0   (incl. Generated)
        16          0          4          0          2          0   (incl. Padding)

    ----------------------------------------------------------------------

      Code (inc. data)   RO Data    RW Data    ZI Data      Debug   Library Member Name

       880        106         80          0          0        200   asin.o
       760        108        152          0          0        344   atan.o
       488         66          0          0          0        160   atan2.o
        32          8          0          0          0        124   dunder.o
        32          0          0          0          0        124   fabs.o
        48          0          0          0          0        124   fpclassify.o
       248          0          0          0          0        152   poly.o
         0          0          8          0          0          0   qnan.o
       108          0          0          0          0        148   sqrt.o
         0          0          0          0          0          0   entry.o
         8          4          0          0          0          0   entry2.o
         4          0          0          0          0          0   entry5.o
         0          0          0          0          0          0   entry7b.o
         8          4          0          0          0          0   entry8.o
        12          6          0          4          0         68   errno.o
        30          0          0          0          0          0   handlers.o
        36          8          0          0          0         68   init.o
         0          0          0          0          0          0   iusefp.o
        30          0          0          0          0         68   llshl.o
        36          0          0          0          0         68   llsshr.o
        32          0          0          0          0         68   llushr.o
        36          0          0          0          0         68   memcpya.o
      2258         88          0          0          0        444   printfa.o
         8          0          0          0          0         68   siabs.o
         0          0          0          4          0          0   stdout.o
        44          0          0          0          0         80   uidiv.o
        98          0          0          0          0         92   uldiv.o
        40          2          0          0          0         68   cdcmple.o
        40          2          0          0          0         68   cdrcmple.o
        56          0          0          0          0         88   d2f.o
       332          0          0          0          0        148   dadd.o
       222          0          0          0          0        100   ddiv.o
       190          0          0          0          0        176   depilogue.o
        48          0          0          0          0         68   dfixul.o
       224          0          0          0          0         96   dmul.o
       162          0          0          0          0        100   dsqrt.o
        44          0          0          0          0         68   f2d.o
       108          0          0          0          0        168   fepilogue.o

    ----------------------------------------------------------------------
      6712        402        240          8          0       3616   Library Totals
        10          0          0          0          0          0   (incl. Padding)

    ----------------------------------------------------------------------

      Code (inc. data)   RO Data    RW Data    ZI Data      Debug   Library Name

      2596        288        240          0          0       1376   m_wm.l
      2640        110          0          8          0       1092   mc_w.l
      1466          4          0          0          0       1148   mf_w.l

    ----------------------------------------------------------------------
      6712        402        240          8          0       3616   Library Totals

    ----------------------------------------------------------------------

==============================================================================


      Code (inc. data)   RO Data    RW Data    ZI Data      Debug   

     13808       1040       2744         88       1448     362362   Grand Totals
     13808       1040       2744         88       1448     362362   ELF Image Totals
     13808       1040       2744         88          0          0   ROM Totals

==============================================================================

    Total RO  Size (Code + RO Data)                16552 (  16.16kB)
    Total RW  Size (RW Data + ZI Data)              1536 (   1.50kB)
    Total ROM Size (Code + RO Data + RW Data)      16640 (  16.25kB)

==============================================================================

