ARM Linker, 4.1 [Build 894] [Standard]

==============================================================================

Section Cross References

    main.o(.text) refers to stm32f4xx_rcc.o(.text) for RCC_GetClocksFreq
    main.o(.text) refers to key.o(.text) for KEY_init
    main.o(.text) refers to misc.o(.text) for NVIC_PriorityGroupConfig
    main.o(.text) refers to usart.o(.text) for usart2_init
    main.o(.text) refers to printfb.o(i.__0printf$bare) for __2printf
    main.o(.text) refers to imu_adis16xxx.o(.text) for IMU_init
    main.o(.text) refers to time.o(.text) for TIM2_Configuration
    main.o(.text) refers to main.o(.data) for TimingDelay
    stm32f4xx_it.o(.text) refers to main.o(.text) for TimingDelay_Decrement
    system_stm32f4xx.o(.text) refers to system_stm32f4xx.o(.data) for SystemCoreClock
    usart.o(.text) refers to stm32f4xx_rcc.o(.text) for RCC_AHB1PeriphClockCmd
    usart.o(.text) refers to stm32f4xx_gpio.o(.text) for GPIO_Init
    usart.o(.text) refers to stm32f4xx_usart.o(.text) for USART_Init
    usart.o(.text) refers to main.o(.text) for Delay
    usart.o(.text) refers to misc.o(.text) for NVIC_Init
    gps.o(.text) refers to memcpya.o(.text) for __aeabi_memcpy4
    gps.o(.text) refers to stm32f4xx_rcc.o(.text) for RCC_AHB1PeriphClockCmd
    gps.o(.text) refers to stm32f4xx_gpio.o(.text) for GPIO_Init
    gps.o(.text) refers to usart.o(.text) for usart1_init
    gps.o(.text) refers to main.o(.text) for Delay
    gps.o(.text) refers to stm32f4xx_usart.o(.text) for USART_GetFlagStatus
    gps.o(.text) refers to misc.o(.text) for NVIC_Init
    gps.o(.text) refers to crc_gps.o(.text) for CalculateBlockCRC32
    gps.o(.text) refers to gps.o(.bss) for GPS_Buff
    gps.o(.text) refers to gps.o(.data) for GPS_Buff_ptr
    imu_adis16xxx.o(.text) refers to stm32f4xx_spi.o(.text) for SPI_I2S_GetFlagStatus
    imu_adis16xxx.o(.text) refers to stm32f4xx_exti.o(.text) for EXTI_GetITStatus
    imu_adis16xxx.o(.text) refers to fflti.o(.text) for __aeabi_i2f
    imu_adis16xxx.o(.text) refers to fdiv.o(.text) for __aeabi_fdiv
    imu_adis16xxx.o(.text) refers to stm32f4xx_gpio.o(.text) for GPIO_SetBits
    imu_adis16xxx.o(.text) refers to mahonyahrs.o(.text) for MahonyAHRSupdateIMU
    imu_adis16xxx.o(.text) refers to fmul.o(.text) for __aeabi_fmul
    imu_adis16xxx.o(.text) refers to fadd.o(.text) for __aeabi_fadd
    imu_adis16xxx.o(.text) refers to f2d.o(.text) for __aeabi_f2d
    imu_adis16xxx.o(.text) refers to atan2.o(i.atan2) for atan2
    imu_adis16xxx.o(.text) refers to d2f.o(.text) for __aeabi_d2f
    imu_adis16xxx.o(.text) refers to asin.o(i.asin) for asin
    imu_adis16xxx.o(.text) refers to stm32f4xx_rcc.o(.text) for RCC_AHB1PeriphClockCmd
    imu_adis16xxx.o(.text) refers to stm32f4xx_syscfg.o(.text) for SYSCFG_EXTILineConfig
    imu_adis16xxx.o(.text) refers to misc.o(.text) for NVIC_Init
    imu_adis16xxx.o(.text) refers to main.o(.text) for Delay
    imu_adis16xxx.o(.text) refers to imu_adis16xxx.o(.data) for gx
    imu_adis16xxx.o(.text) refers to mahonyahrs.o(.data) for q3
    key.o(.text) refers to stm32f4xx_rcc.o(.text) for RCC_AHB1PeriphClockCmd
    key.o(.text) refers to stm32f4xx_gpio.o(.text) for GPIO_Init
    time.o(.text) refers to stm32f4xx_rcc.o(.text) for RCC_APB1PeriphClockCmd
    time.o(.text) refers to stm32f4xx_tim.o(.text) for TIM_DeInit
    time.o(.text) refers to misc.o(.text) for NVIC_Init
    time.o(.text) refers to fmul.o(.text) for __aeabi_fmul
    time.o(.text) refers to fdiv.o(.text) for __aeabi_fdiv
    time.o(.text) refers to ffixi.o(.text) for __aeabi_f2iz
    time.o(.text) refers to reportimu.o(.text) for UART_ReportIMU
    time.o(.text) refers to stm32f4xx_usart.o(.text) for USART_GetFlagStatus
    time.o(.text) refers to system_stm32f4xx.o(.data) for SystemCoreClock
    time.o(.text) refers to time.o(.data) for counter
    time.o(.text) refers to imu_adis16xxx.o(.data) for roll
    reportimu.o(.text) refers to stm32f4xx_usart.o(.text) for USART_SendData
    mahonyahrs.o(.text) refers to fmul.o(.text) for __aeabi_fmul
    mahonyahrs.o(.text) refers to fadd.o(.text) for __aeabi_frsub
    mahonyahrs.o(.text) refers to cfcmple.o(.text) for __aeabi_cfcmpeq
    mahonyahrs.o(.text) refers to cfrcmple.o(.text) for __aeabi_cfrcmple
    mahonyahrs.o(.text) refers to mahonyahrs.o(.data) for q2
    mahonyahrs.o(.text) refers to f2d.o(.text) for __aeabi_f2d
    mahonyahrs.o(.text) refers to sqrt.o(i.sqrt) for sqrt
    mahonyahrs.o(.text) refers to d2f.o(.text) for __aeabi_d2f
    stm32f4xx_adc.o(.text) refers to stm32f4xx_rcc.o(.text) for RCC_APB2PeriphResetCmd
    stm32f4xx_can.o(.text) refers to stm32f4xx_rcc.o(.text) for RCC_APB1PeriphResetCmd
    stm32f4xx_cryp.o(.text) refers to stm32f4xx_rcc.o(.text) for RCC_AHB2PeriphResetCmd
    stm32f4xx_cryp_aes.o(.text) refers to stm32f4xx_cryp.o(.text) for CRYP_KeyStructInit
    stm32f4xx_cryp_des.o(.text) refers to stm32f4xx_cryp.o(.text) for CRYP_KeyStructInit
[...]
    printfa.o(i._fp_digits) refers to dmul.o(.text) for __aeabi_dmul
    printfa.o(i._fp_digits) refers to ddiv.o(.text) for __aeabi_ddiv
    printfa.o(i._fp_digits) refers to cdrcmple.o(.text) for __aeabi_cdrcmple
    printfa.o(i._fp_digits) refers to dadd.o(.text) for __aeabi_dadd
    printfa.o(i._fp_digits) refers to dfixul.o(.text) for __aeabi_d2ulz
    printfa.o(i._fp_digits) refers to uldiv.o(.text) for __aeabi_uldivmod
    printfa.o(i._printf_core) refers (Special) to iusefp.o(.text) for __I$use$fp
    printfa.o(i._printf_core) refers to printfa.o(i._printf_pre_padding) for _printf_pre_padding
    printfa.o(i._printf_core) refers to uldiv.o(.text) for __aeabi_uldivmod
    printfa.o(i._printf_core) refers to printfa.o(i._printf_post_padding) for _printf_post_padding
    printfa.o(i._printf_core) refers to printfa.o(i._fp_digits) for _fp_digits
    printfa.o(i._printf_core) refers to uidiv.o(.text) for __aeabi_uidivmod
    printfa.o(i._printf_post_padding) refers (Special) to iusefp.o(.text) for __I$use$fp
    printfa.o(i._printf_pre_padding) refers (Special) to iusefp.o(.text) for __I$use$fp
    printfa.o(i._snputc) refers (Special) to iusefp.o(.text) for __I$use$fp
    printfa.o(i._sputc) refers (Special) to iusefp.o(.text) for __I$use$fp
    fadd.o(.text) refers (Special) to iusefp.o(.text) for __I$use$fp
    fadd.o(.text) refers to fepilogue.o(.text) for _float_epilogue
    fmul.o(.text) refers (Special) to iusefp.o(.text) for __I$use$fp
    fdiv.o(.text) refers (Special) to iusefp.o(.text) for __I$use$fp
    fdiv.o(.text) refers to fepilogue.o(.text) for _float_round
    fflti.o(.text) refers (Special) to iusefp.o(.text) for __I$use$fp
    fflti.o(.text) refers to fepilogue.o(.text) for _float_epilogue
    ffixi.o(.text) refers (Special) to iusefp.o(.text) for __I$use$fp
    f2d.o(.text) refers (Special) to iusefp.o(.text) for __I$use$fp
    d2f.o(.text) refers (Special) to iusefp.o(.text) for __I$use$fp
    d2f.o(.text) refers to fepilogue.o(.text) for _float_round
    cfcmple.o(.text) refers (Special) to iusefp.o(.text) for __I$use$fp
    cfrcmple.o(.text) refers (Special) to iusefp.o(.text) for __I$use$fp
    atan.o(i.__softfp_atan) refers (Special) to iusefp.o(.text) for __I$use$fp
    atan.o(i.__softfp_atan) refers to atan.o(i.atan) for atan
    atan.o(i.atan) refers (Special) to iusefp.o(.text) for __I$use$fp
    atan.o(i.atan) refers to dscalb.o(.text) for __ARM_scalbn
    atan.o(i.atan) refers to fpclassify.o(i.__ARM_fpclassify) for __ARM_fpclassify
    atan.o(i.atan) refers to dunder.o(i.__mathlib_dbl_underflow) for __mathlib_dbl_underflow
    atan.o(i.atan) refers to dadd.o(.text) for __aeabi_dadd
    atan.o(i.atan) refers to ddiv.o(.text) for __aeabi_ddiv
    atan.o(i.atan) refers to dmul.o(.text) for __aeabi_dmul
    atan.o(i.atan) refers to poly.o(i.__kernel_poly) for __kernel_poly
    atan.o(i.atan) refers to atan.o(.constdata) for .constdata
    atan.o(.constdata) refers (Special) to iusefp.o(.text) for __I$use$fp
    atan_x.o(i.____softfp_atan$lsc) refers (Special) to iusefp.o(.text) for __I$use$fp
    atan_x.o(i.____softfp_atan$lsc) refers to atan_x.o(i.__atan$lsc) for __atan$lsc
    atan_x.o(i.__atan$lsc) refers (Special) to iusefp.o(.text) for __I$use$fp
    atan_x.o(i.__atan$lsc) refers to dscalb.o(.text) for __ARM_scalbn
    atan_x.o(i.__atan$lsc) refers to dadd.o(.text) for __aeabi_dadd
    atan_x.o(i.__atan$lsc) refers to ddiv.o(.text) for __aeabi_ddiv
    atan_x.o(i.__atan$lsc) refers to dmul.o(.text) for __aeabi_dmul
    atan_x.o(i.__atan$lsc) refers to poly.o(i.__kernel_poly) for __kernel_poly
    atan_x.o(i.__atan$lsc) refers to atan_x.o(.constdata) for .constdata
    atan_x.o(.constdata) refers (Special) to iusefp.o(.text) for __I$use$fp
    dunder.o(i.__mathlib_dbl_underflow) refers to dscalb.o(.text) for __ARM_scalbn
    fpclassify.o(i.__ARM_fpclassify) refers (Special) to iusefp.o(.text) for __I$use$fp
    poly.o(i.__kernel_poly) refers (Special) to iusefp.o(.text) for __I$use$fp
    poly.o(i.__kernel_poly) refers to dmul.o(.text) for __aeabi_dmul
    poly.o(i.__kernel_poly) refers to dadd.o(.text) for __aeabi_dadd
    qnan.o(.constdata) refers (Special) to iusefp.o(.text) for __I$use$fp
    entry2.o(.ARM.Collect$$$$00000001) refers to entry2.o(.ARM.Collect$$$$00002712) for __lit__00000000
    entry2.o(.ARM.Collect$$$$00002712) refers to startup_stm32f4xx.o(STACK) for __initial_sp
    entry2.o(__vectab_stack_and_reset_area) refers to startup_stm32f4xx.o(STACK) for __initial_sp
    entry2.o(__vectab_stack_and_reset_area) refers to entry.o(.ARM.Collect$$$$00000000) for __main
    entry5.o(.ARM.Collect$$$$00000004) refers to init.o(.text) for __scatterload
    entry8.o(.ARM.Collect$$$$00000009) refers to main.o(.text) for main
    uldiv.o(.text) refers to llushr.o(.text) for __aeabi_llsr
    uldiv.o(.text) refers to llshl.o(.text) for __aeabi_llsl
    errno.o(i.__aeabi_errno_addr) refers to errno.o(.data) for .data
    errno.o(i.__read_errno) refers to errno.o(.data) for .data
    errno.o(i.__set_errno) refers to errno.o(.data) for .data
    dadd.o(.text) refers to llshl.o(.text) for __aeabi_llsl
    dadd.o(.text) refers to llsshr.o(.text) for __aeabi_lasr
    dadd.o(.text) refers to depilogue.o(.text) for _double_epilogue
    dmul.o(.text) refers to depilogue.o(.text) for _double_epilogue
    ddiv.o(.text) refers to depilogue.o(.text) for _double_round
    dsqrt.o(.text) refers to llushr.o(.text) for __aeabi_llsr
    dsqrt.o(.text) refers to depilogue.o(.text) for _double_round
    dfixul.o(.text) refers to llushr.o(.text) for __aeabi_llsr
    dfixul.o(.text) refers to llshl.o(.text) for __aeabi_llsl
    init.o(.text) refers to entry5.o(.ARM.Collect$$$$00000004) for __main_after_scatterload
    depilogue.o(.text) refers to llshl.o(.text) for __aeabi_llsl
    depilogue.o(.text) refers to llushr.o(.text) for __aeabi_llsr


==============================================================================

Removing Unused input sections from the image.

    Removing main.o(.rev16_text), (4 bytes).
    Removing main.o(.revsh_text), (4 bytes).
    Removing stm32f4xx_it.o(.rev16_text), (4 bytes).
    Removing stm32f4xx_it.o(.revsh_text), (4 bytes).
    Removing system_stm32f4xx.o(.rev16_text), (4 bytes).
    Removing system_stm32f4xx.o(.revsh_text), (4 bytes).
    Removing usart.o(.rev16_text), (4 bytes).
    Removing usart.o(.revsh_text), (4 bytes).
    Removing gps.o(.rev16_text), (4 bytes).
    Removing gps.o(.revsh_text), (4 bytes).
    Removing imu_adis16xxx.o(.rev16_text), (4 bytes).
    Removing imu_adis16xxx.o(.revsh_text), (4 bytes).
    Removing key.o(.rev16_text), (4 bytes).
    Removing key.o(.revsh_text), (4 bytes).
    Removing time.o(.rev16_text), (4 bytes).
    Removing time.o(.revsh_text), (4 bytes).
    Removing reportimu.o(.rev16_text), (4 bytes).
    Removing reportimu.o(.revsh_text), (4 bytes).
    Removing misc.o(.rev16_text), (4 bytes).
    Removing misc.o(.revsh_text), (4 bytes).
    Removing stm32f4xx_adc.o(.rev16_text), (4 bytes).
    Removing stm32f4xx_adc.o(.revsh_text), (4 bytes).
    Removing stm32f4xx_adc.o(.text), (1118 bytes).
    Removing stm32f4xx_can.o(.rev16_text), (4 bytes).
    Removing stm32f4xx_can.o(.revsh_text), (4 bytes).
    Removing stm32f4xx_can.o(.text), (2548 bytes).
    Removing stm32f4xx_crc.o(.rev16_text), (4 bytes).
    Removing stm32f4xx_crc.o(.revsh_text), (4 bytes).
    Removing stm32f4xx_crc.o(.text), (72 bytes).
    Removing stm32f4xx_cryp.o(.rev16_text), (4 bytes).
    Removing stm32f4xx_cryp.o(.revsh_text), (4 bytes).
    Removing stm32f4xx_cryp.o(.text), (648 bytes).
    Removing stm32f4xx_cryp_aes.o(.rev16_text), (4 bytes).
    Removing stm32f4xx_cryp_aes.o(.revsh_text), (4 bytes).
    Removing stm32f4xx_cryp_aes.o(.text), (1508 bytes).
    Removing stm32f4xx_cryp_des.o(.rev16_text), (4 bytes).
    Removing stm32f4xx_cryp_des.o(.revsh_text), (4 bytes).
    Removing stm32f4xx_cryp_des.o(.text), (464 bytes).
    Removing stm32f4xx_cryp_tdes.o(.rev16_text), (4 bytes).
    Removing stm32f4xx_cryp_tdes.o(.revsh_text), (4 bytes).
    Removing stm32f4xx_cryp_tdes.o(.text), (528 bytes).
    Removing stm32f4xx_dac.o(.rev16_text), (4 bytes).
    Removing stm32f4xx_dac.o(.revsh_text), (4 bytes).
    Removing stm32f4xx_dac.o(.text), (492 bytes).
    Removing stm32f4xx_dbgmcu.o(.rev16_text), (4 bytes).
    Removing stm32f4xx_dbgmcu.o(.revsh_text), (4 bytes).
    Removing stm32f4xx_dbgmcu.o(.text), (100 bytes).
    Removing stm32f4xx_dcmi.o(.rev16_text), (4 bytes).
    Removing stm32f4xx_dcmi.o(.revsh_text), (4 bytes).
    Removing stm32f4xx_dcmi.o(.text), (396 bytes).
    Removing stm32f4xx_dma.o(.rev16_text), (4 bytes).
    Removing stm32f4xx_dma.o(.revsh_text), (4 bytes).
    Removing stm32f4xx_dma.o(.text), (932 bytes).
    Removing stm32f4xx_exti.o(.rev16_text), (4 bytes).
    Removing stm32f4xx_exti.o(.revsh_text), (4 bytes).
    Removing stm32f4xx_flash.o(.rev16_text), (4 bytes).
    Removing stm32f4xx_flash.o(.revsh_text), (4 bytes).
    Removing stm32f4xx_flash.o(.text), (1204 bytes).
    Removing stm32f4xx_fsmc.o(.rev16_text), (4 bytes).
    Removing stm32f4xx_fsmc.o(.revsh_text), (4 bytes).
    Removing stm32f4xx_fsmc.o(.text), (1564 bytes).
    Removing stm32f4xx_gpio.o(.rev16_text), (4 bytes).
    Removing stm32f4xx_gpio.o(.revsh_text), (4 bytes).
    Removing stm32f4xx_hash.o(.rev16_text), (4 bytes).
    Removing stm32f4xx_hash.o(.revsh_text), (4 bytes).
    Removing stm32f4xx_hash.o(.text), (496 bytes).
    Removing stm32f4xx_hash_md5.o(.rev16_text), (4 bytes).
    Removing stm32f4xx_hash_md5.o(.revsh_text), (4 bytes).
    Removing stm32f4xx_hash_md5.o(.text), (502 bytes).
    Removing stm32f4xx_hash_sha1.o(.rev16_text), (4 bytes).
    Removing stm32f4xx_hash_sha1.o(.revsh_text), (4 bytes).
    Removing stm32f4xx_hash_sha1.o(.text), (516 bytes).
    Removing stm32f4xx_i2c.o(.rev16_text), (4 bytes).
    Removing stm32f4xx_i2c.o(.revsh_text), (4 bytes).
    Removing stm32f4xx_i2c.o(.text), (1044 bytes).
    Removing stm32f4xx_iwdg.o(.rev16_text), (4 bytes).
    Removing stm32f4xx_iwdg.o(.revsh_text), (4 bytes).
    Removing stm32f4xx_iwdg.o(.text), (64 bytes).
    Removing stm32f4xx_pwr.o(.rev16_text), (4 bytes).
    Removing stm32f4xx_pwr.o(.revsh_text), (4 bytes).
    Removing stm32f4xx_pwr.o(.text), (252 bytes).
    Removing stm32f4xx_rcc.o(.rev16_text), (4 bytes).
    Removing stm32f4xx_rcc.o(.revsh_text), (4 bytes).
    Removing stm32f4xx_rng.o(.rev16_text), (4 bytes).
    Removing stm32f4xx_rng.o(.revsh_text), (4 bytes).
    Removing stm32f4xx_rng.o(.text), (160 bytes).
    Removing stm32f4xx_rtc.o(.rev16_text), (4 bytes).
    Removing stm32f4xx_rtc.o(.revsh_text), (4 bytes).
    Removing stm32f4xx_rtc.o(.text), (3364 bytes).
    Removing stm32f4xx_sdio.o(.rev16_text), (4 bytes).
    Removing stm32f4xx_sdio.o(.revsh_text), (4 bytes).
    Removing stm32f4xx_sdio.o(.text), (476 bytes).
    Removing stm32f4xx_spi.o(.rev16_text), (4 bytes).
    Removing stm32f4xx_spi.o(.revsh_text), (4 bytes).
    Removing stm32f4xx_syscfg.o(.rev16_text), (4 bytes).
    Removing stm32f4xx_syscfg.o(.revsh_text), (4 bytes).
    Removing stm32f4xx_tim.o(.rev16_text), (4 bytes).
    Removing stm32f4xx_tim.o(.revsh_text), (4 bytes).
    Removing stm32f4xx_usart.o(.rev16_text), (4 bytes).
    Removing stm32f4xx_usart.o(.revsh_text), (4 bytes).
    Removing stm32f4xx_wwdg.o(.rev16_text), (4 bytes).
    Removing stm32f4xx_wwdg.o(.revsh_text), (4 bytes).
    Removing stm32f4xx_wwdg.o(.text), (132 bytes).
    Removing startup_stm32f4xx.o(HEAP), (512 bytes).
    Removing dfixul.o(.text), (48 bytes).
    Removing cdcmple.o(.text), (40 bytes).
    Removing cdrcmple.o(.text), (40 bytes).

107 unused section(s) (total 19540 bytes) removed from the image.

==============================================================================

Image Symbol Table

    Local Symbols

    Symbol Name                              Value     Ov Type        Size  Object(Section)

    ../../asin.c                             0x00000000   Number         0  asin.o ABSOLUTE
    ../../asin.c                             0x00000000   Number         0  asin_x.o ABSOLUTE
    ../../atan.c                             0x00000000   Number         0  atan_x.o ABSOLUTE
    ../../atan.c                             0x00000000   Number         0  atan.o ABSOLUTE
    ../../atan2.c                            0x00000000   Number         0  atan2.o ABSOLUTE
    ../../atan2.c                            0x00000000   Number         0  atan2_x.o ABSOLUTE
    ../../dunder.c                           0x00000000   Number         0  dunder.o ABSOLUTE
    ../../fpclassify.c                       0x00000000   Number         0  fpclassify.o ABSOLUTE
    ../../microlib/d2f.c                     0x00000000   Number         0  d2f.o ABSOLUTE
    ../../microlib/division.c                0x00000000   Number         0  uldiv.o ABSOLUTE
    ../../microlib/division.c                0x00000000   Number         0  uidiv.o ABSOLUTE
    ../../microlib/errno.c                   0x00000000   Number         0  errno.o ABSOLUTE
    ../../microlib/f2d.c                     0x00000000   Number         0  f2d.o ABSOLUTE
    ../../microlib/fpadd.c                   0x00000000   Number         0  fadd.o ABSOLUTE
    ../../microlib/fpadd.c                   0x00000000   Number         0  dadd.o ABSOLUTE
    ../../microlib/fpdiv.c                   0x00000000   Number         0  ddiv.o ABSOLUTE
    ../../microlib/fpdiv.c                   0x00000000   Number         0  fdiv.o ABSOLUTE
    ../../microlib/fpepilogue.c              0x00000000   Number         0  fepilogue.o ABSOLUTE
    ../../microlib/fpepilogue.c              0x00000000   Number         0  depilogue.o ABSOLUTE
    ../../microlib/fpfix.c                   0x00000000   Number         0  dfixul.o ABSOLUTE
    ../../microlib/fpfix.c                   0x00000000   Number         0  ffixi.o ABSOLUTE
    ../../microlib/fpflt.c                   0x00000000   Number         0  fflti.o ABSOLUTE
    ../../microlib/fpmul.c                   0x00000000   Number         0  fmul.o ABSOLUTE
    ../../microlib/fpmul.c                   0x00000000   Number         0  dmul.o ABSOLUTE
    ../../microlib/fpscalb.c                 0x00000000   Number         0  dscalb.o ABSOLUTE
    ../../microlib/fpsqrt.c                  0x00000000   Number         0  dsqrt.o ABSOLUTE
    ../../microlib/init/entry.s              0x00000000   Number         0  entry7a.o ABSOLUTE
    ../../microlib/init/entry.s              0x00000000   Number         0  entry5.o ABSOLUTE
    ../../microlib/init/entry.s              0x00000000   Number         0  entry.o ABSOLUTE
    ../../microlib/init/entry.s              0x00000000   Number         0  entry2.o ABSOLUTE
    ../../microlib/init/entry.s              0x00000000   Number         0  entry7b.o ABSOLUTE
    ../../microlib/init/entry.s              0x00000000   Number         0  entry8.o ABSOLUTE
    ../../microlib/longlong.c                0x00000000   Number         0  llsshr.o ABSOLUTE
    ../../microlib/longlong.c                0x00000000   Number         0  llshl.o ABSOLUTE
    ../../microlib/longlong.c                0x00000000   Number         0  llushr.o ABSOLUTE
    ../../microlib/printf/printf.c           0x00000000   Number         0  printfb.o ABSOLUTE
    ../../microlib/printf/printf.c           0x00000000   Number         0  printf8.o ABSOLUTE
    ../../microlib/printf/printf.c           0x00000000   Number         0  printfa.o ABSOLUTE
    ../../microlib/printf/printf.c           0x00000000   Number         0  printf4.o ABSOLUTE
    ../../microlib/printf/printf.c           0x00000000   Number         0  printf7.o ABSOLUTE
    ../../microlib/printf/printf.c           0x00000000   Number         0  printf0.o ABSOLUTE
    ../../microlib/printf/printf.c           0x00000000   Number         0  printf6.o ABSOLUTE
    ../../microlib/printf/printf.c           0x00000000   Number         0  printf5.o ABSOLUTE
    ../../microlib/printf/printf.c           0x00000000   Number         0  printf3.o ABSOLUTE
    ../../microlib/printf/printf.c           0x00000000   Number         0  printf1.o ABSOLUTE
    ../../microlib/printf/printf.c           0x00000000   Number         0  printf2.o ABSOLUTE
    ../../microlib/stdio/streams.c           0x00000000   Number         0  stdout.o ABSOLUTE
    ../../microlib/string/memcpy.c           0x00000000   Number         0  memcpyb.o ABSOLUTE
    ../../microlib/string/memcpy.c           0x00000000   Number         0  memcpya.o ABSOLUTE
    ../../microlib/stubs.s                   0x00000000   Number         0  iusefp.o ABSOLUTE
    ../../poly.c                             0x00000000   Number         0  poly.o ABSOLUTE
    ../../qnan.c                             0x00000000   Number         0  qnan.o ABSOLUTE
    ../../sqrt.c                             0x00000000   Number         0  sqrt.o ABSOLUTE
    ../../sqrt.c                             0x00000000   Number         0  sqrt_x.o ABSOLUTE
    ..\CMSIS\startup_stm32f4xx.s             0x00000000   Number         0  startup_stm32f4xx.o ABSOLUTE
    ..\STM32F4xx_StdPeriph_Driver\src\misc.c 0x00000000   Number         0  misc.o ABSOLUTE
    ..\STM32F4xx_StdPeriph_Driver\src\stm32f4xx_adc.c 0x00000000   Number         0  stm32f4xx_adc.o ABSOLUTE
    ..\STM32F4xx_StdPeriph_Driver\src\stm32f4xx_can.c 0x00000000   Number         0  stm32f4xx_can.o ABSOLUTE
    ..\STM32F4xx_StdPeriph_Driver\src\stm32f4xx_crc.c 0x00000000   Number         0  stm32f4xx_crc.o ABSOLUTE
    ..\STM32F4xx_StdPeriph_Driver\src\stm32f4xx_cryp.c 0x00000000   Number         0  stm32f4xx_cryp.o ABSOLUTE
    ..\STM32F4xx_StdPeriph_Driver\src\stm32f4xx_cryp_aes.c 0x00000000   Number         0  stm32f4xx_cryp_aes.o ABSOLUTE
    ..\STM32F4xx_StdPeriph_Driver\src\stm32f4xx_cryp_des.c 0x00000000   Number         0  stm32f4xx_cryp_des.o ABSOLUTE
    ..\STM32F4xx_StdPeriph_Driver\src\stm32f4xx_cryp_tdes.c 0x00000000   Number         0  stm32f4xx_cryp_tdes.o ABSOLUTE
    ..\STM32F4xx_StdPeriph_Driver\src\stm32f4xx_dac.c 0x00000000   Number         0  stm32f4xx_dac.o ABSOLUTE
    ..\STM32F4xx_StdPeriph_Driver\src\stm32f4xx_dbgmcu.c 0x00000000   Number         0  stm32f4xx_dbgmcu.o ABSOLUTE
    ..\STM32F4xx_StdPeriph_Driver\src\stm32f4xx_dcmi.c 0x00000000   Number         0  stm32f4xx_dcmi.o ABSOLUTE
    ..\STM32F4xx_StdPeriph_Driver\src\stm32f4xx_dma.c 0x00000000   Number         0  stm32f4xx_dma.o ABSOLUTE
    ..\STM32F4xx_StdPeriph_Driver\src\stm32f4xx_exti.c 0x00000000   Number         0  stm32f4xx_exti.o ABSOLUTE
    ..\STM32F4xx_StdPeriph_Driver\src\stm32f4xx_flash.c 0x00000000   Number         0  stm32f4xx_flash.o ABSOLUTE
    ..\STM32F4xx_StdPeriph_Driver\src\stm32f4xx_fsmc.c 0x00000000   Number         0  stm32f4xx_fsmc.o ABSOLUTE
    ..\STM32F4xx_StdPeriph_Driver\src\stm32f4xx_gpio.c 0x00000000   Number         0  stm32f4xx_gpio.o ABSOLUTE
    ..\STM32F4xx_StdPeriph_Driver\src\stm32f4xx_hash.c 0x00000000   Number         0  stm32f4xx_hash.o ABSOLUTE
    ..\STM32F4xx_StdPeriph_Driver\src\stm32f4xx_hash_md5.c 0x00000000   Number         0  stm32f4xx_hash_md5.o ABSOLUTE
    ..\STM32F4xx_StdPeriph_Driver\src\stm32f4xx_hash_sha1.c 0x00000000   Number         0  stm32f4xx_hash_sha1.o ABSOLUTE
    ..\STM32F4xx_StdPeriph_Driver\src\stm32f4xx_i2c.c 0x00000000   Number         0  stm32f4xx_i2c.o ABSOLUTE
    ..\STM32F4xx_StdPeriph_Driver\src\stm32f4xx_iwdg.c 0x00000000   Number         0  stm32f4xx_iwdg.o ABSOLUTE
    ..\STM32F4xx_StdPeriph_Driver\src\stm32f4xx_pwr.c 0x00000000   Number         0  stm32f4xx_pwr.o ABSOLUTE
    ..\STM32F4xx_StdPeriph_Driver\src\stm32f4xx_rcc.c 0x00000000   Number         0  stm32f4xx_rcc.o ABSOLUTE
    ..\STM32F4xx_StdPeriph_Driver\src\stm32f4xx_rng.c 0x00000000   Number         0  stm32f4xx_rng.o ABSOLUTE
    ..\STM32F4xx_StdPeriph_Driver\src\stm32f4xx_rtc.c 0x00000000   Number         0  stm32f4xx_rtc.o ABSOLUTE
    ..\STM32F4xx_StdPeriph_Driver\src\stm32f4xx_sdio.c 0x00000000   Number         0  stm32f4xx_sdio.o ABSOLUTE
    ..\STM32F4xx_StdPeriph_Driver\src\stm32f4xx_spi.c 0x00000000   Number         0  stm32f4xx_spi.o ABSOLUTE
    ..\STM32F4xx_StdPeriph_Driver\src\stm32f4xx_syscfg.c 0x00000000   Number         0  stm32f4xx_syscfg.o ABSOLUTE
    ..\STM32F4xx_StdPeriph_Driver\src\stm32f4xx_tim.c 0x00000000   Number         0  stm32f4xx_tim.o ABSOLUTE
    ..\STM32F4xx_StdPeriph_Driver\src\stm32f4xx_usart.c 0x00000000   Number         0  stm32f4xx_usart.o ABSOLUTE
    ..\STM32F4xx_StdPeriph_Driver\src\stm32f4xx_wwdg.c 0x00000000   Number         0  stm32f4xx_wwdg.o ABSOLUTE
    ..\\STM32F4xx_StdPeriph_Driver\\src\\misc.c 0x00000000   Number         0  misc.o ABSOLUTE
    ..\\STM32F4xx_StdPeriph_Driver\\src\\stm32f4xx_adc.c 0x00000000   Number         0  stm32f4xx_adc.o ABSOLUTE
    ..\\STM32F4xx_StdPeriph_Driver\\src\\stm32f4xx_can.c 0x00000000   Number         0  stm32f4xx_can.o ABSOLUTE
    ..\\STM32F4xx_StdPeriph_Driver\\src\\stm32f4xx_crc.c 0x00000000   Number         0  stm32f4xx_crc.o ABSOLUTE
    ..\\STM32F4xx_StdPeriph_Driver\\src\\stm32f4xx_cryp.c 0x00000000   Number         0  stm32f4xx_cryp.o ABSOLUTE
    ..\\STM32F4xx_StdPeriph_Driver\\src\\stm32f4xx_cryp_aes.c 0x00000000   Number         0  stm32f4xx_cryp_aes.o ABSOLUTE
    ..\\STM32F4xx_StdPeriph_Driver\\src\\stm32f4xx_cryp_des.c 0x00000000   Number         0  stm32f4xx_cryp_des.o ABSOLUTE
    ..\\STM32F4xx_StdPeriph_Driver\\src\\stm32f4xx_cryp_tdes.c 0x00000000   Number         0  stm32f4xx_cryp_tdes.o ABSOLUTE
    ..\\STM32F4xx_StdPeriph_Driver\\src\\stm32f4xx_dac.c 0x00000000   Number         0  stm32f4xx_dac.o ABSOLUTE
    ..\\STM32F4xx_StdPeriph_Driver\\src\\stm32f4xx_dbgmcu.c 0x00000000   Number         0  stm32f4xx_dbgmcu.o ABSOLUTE
    ..\\STM32F4xx_StdPeriph_Driver\\src\\stm32f4xx_dcmi.c 0x00000000   Number         0  stm32f4xx_dcmi.o ABSOLUTE
    ..\\STM32F4xx_StdPeriph_Driver\\src\\stm32f4xx_dma.c 0x00000000   Number         0  stm32f4xx_dma.o ABSOLUTE
    ..\\STM32F4xx_StdPeriph_Driver\\src\\stm32f4xx_exti.c 0x00000000   Number         0  stm32f4xx_exti.o ABSOLUTE
    ..\\STM32F4xx_StdPeriph_Driver\\src\\stm32f4xx_flash.c 0x00000000   Number         0  stm32f4xx_flash.o ABSOLUTE
    ..\\STM32F4xx_StdPeriph_Driver\\src\\stm32f4xx_fsmc.c 0x00000000   Number         0  stm32f4xx_fsmc.o ABSOLUTE
    ..\\STM32F4xx_StdPeriph_Driver\\src\\stm32f4xx_gpio.c 0x00000000   Number         0  stm32f4xx_gpio.o ABSOLUTE
    ..\\STM32F4xx_StdPeriph_Driver\\src\\stm32f4xx_hash.c 0x00000000   Number         0  stm32f4xx_hash.o ABSOLUTE
    ..\\STM32F4xx_StdPeriph_Driver\\src\\stm32f4xx_hash_md5.c 0x00000000   Number         0  stm32f4xx_hash_md5.o ABSOLUTE
    ..\\STM32F4xx_StdPeriph_Driver\\src\\stm32f4xx_hash_sha1.c 0x00000000   Number         0  stm32f4xx_hash_sha1.o ABSOLUTE
    ..\\STM32F4xx_StdPeriph_Driver\\src\\stm32f4xx_i2c.c 0x00000000   Number         0  stm32f4xx_i2c.o ABSOLUTE
    ..\\STM32F4xx_StdPeriph_Driver\\src\\stm32f4xx_iwdg.c 0x00000000   Number         0  stm32f4xx_iwdg.o ABSOLUTE
    ..\\STM32F4xx_StdPeriph_Driver\\src\\stm32f4xx_pwr.c 0x00000000   Number         0  stm32f4xx_pwr.o ABSOLUTE
    ..\\STM32F4xx_StdPeriph_Driver\\src\\stm32f4xx_rcc.c 0x00000000   Number         0  stm32f4xx_rcc.o ABSOLUTE
    ..\\STM32F4xx_StdPeriph_Driver\\src\\stm32f4xx_rng.c 0x00000000   Number         0  stm32f4xx_rng.o ABSOLUTE
    ..\\STM32F4xx_StdPeriph_Driver\\src\\stm32f4xx_rtc.c 0x00000000   Number         0  stm32f4xx_rtc.o ABSOLUTE
    ..\\STM32F4xx_StdPeriph_Driver\\src\\stm32f4xx_sdio.c 0x00000000   Number         0  stm32f4xx_sdio.o ABSOLUTE
    ..\\STM32F4xx_StdPeriph_Driver\\src\\stm32f4xx_spi.c 0x00000000   Number         0  stm32f4xx_spi.o ABSOLUTE
    ..\\STM32F4xx_StdPeriph_Driver\\src\\stm32f4xx_syscfg.c 0x00000000   Number         0  stm32f4xx_syscfg.o ABSOLUTE
    ..\\STM32F4xx_StdPeriph_Driver\\src\\stm32f4xx_tim.c 0x00000000   Number         0  stm32f4xx_tim.o ABSOLUTE
    ..\\STM32F4xx_StdPeriph_Driver\\src\\stm32f4xx_usart.c 0x00000000   Number         0  stm32f4xx_usart.o ABSOLUTE
    ..\\STM32F4xx_StdPeriph_Driver\\src\\stm32f4xx_wwdg.c 0x00000000   Number         0  stm32f4xx_wwdg.o ABSOLUTE
    CRC_GPS.c                                0x00000000   Number         0  crc_gps.o ABSOLUTE
    GPS.c                                    0x00000000   Number         0  gps.o ABSOLUTE
    GPS.c                                    0x00000000   Number         0  gps.o ABSOLUTE
    IMU_ADIS16xxx.c                          0x00000000   Number         0  imu_adis16xxx.o ABSOLUTE
    IMU_ADIS16xxx.c                          0x00000000   Number         0  imu_adis16xxx.o ABSOLUTE
    MahonyAHRS.c                             0x00000000   Number         0  mahonyahrs.o ABSOLUTE
    ReportIMU.c                              0x00000000   Number         0  reportimu.o ABSOLUTE
    ReportIMU.c                              0x00000000   Number         0  reportimu.o ABSOLUTE
    cdcmple.s                                0x00000000   Number         0  cdcmple.o ABSOLUTE
    cdrcmple.s                               0x00000000   Number         0  cdrcmple.o ABSOLUTE
    cfcmple.s                                0x00000000   Number         0  cfcmple.o ABSOLUTE
    cfrcmple.s                               0x00000000   Number         0  cfrcmple.o ABSOLUTE
    dc.s                                     0x00000000   Number         0  dc.o ABSOLUTE
    handlers.s                               0x00000000   Number         0  handlers.o ABSOLUTE
    init.s                                   0x00000000   Number         0  init.o ABSOLUTE
    key.c                                    0x00000000   Number         0  key.o ABSOLUTE
    key.c                                    0x00000000   Number         0  key.o ABSOLUTE
    main.c                                   0x00000000   Number         0  main.o ABSOLUTE
    main.c                                   0x00000000   Number         0  main.o ABSOLUTE
    stm32f4xx_it.c                           0x00000000   Number         0  stm32f4xx_it.o ABSOLUTE
    stm32f4xx_it.c                           0x00000000   Number         0  stm32f4xx_it.o ABSOLUTE
    system_stm32f4xx.c                       0x00000000   Number         0  system_stm32f4xx.o ABSOLUTE
    system_stm32f4xx.c                       0x00000000   Number         0  system_stm32f4xx.o ABSOLUTE
    time.c                                   0x00000000   Number         0  time.o ABSOLUTE
    time.c                                   0x00000000   Number         0  time.o ABSOLUTE
    usart.c                                  0x00000000   Number         0  usart.o ABSOLUTE
    usart.c                                  0x00000000   Number         0  usart.o ABSOLUTE
    RESET                                    0x08000000   Section      392  startup_stm32f4xx.o(RESET)
    .ARM.Collect$$$$00000000                 0x08000188   Section        0  entry.o(.ARM.Collect$$$$00000000)
    .ARM.Collect$$$$00000001                 0x08000188   Section        4  entry2.o(.ARM.Collect$$$$00000001)
    .ARM.Collect$$$$00000004                 0x0800018c   Section        4  entry5.o(.ARM.Collect$$$$00000004)
    .ARM.Collect$$$$00000008                 0x08000190   Section        0  entry7b.o(.ARM.Collect$$$$00000008)
    .ARM.Collect$$$$00000009                 0x08000190   Section        8  entry8.o(.ARM.Collect$$$$00000009)
    .ARM.Collect$$$$00002712                 0x08000198   Section        4  entry2.o(.ARM.Collect$$$$00002712)
    __lit__00000000                          0x08000198   Data           4  entry2.o(.ARM.Collect$$$$00002712)
    .text                                    0x0800019c   Section        0  main.o(.text)
    .text                                    0x0800027c   Section        0  stm32f4xx_it.o(.text)
    .text                                    0x080002a0   Section        0  system_stm32f4xx.o(.text)
    SetSysClock                              0x080002a1   Thumb Code   198  system_stm32f4xx.o(.text)
    .text                                    0x0800048c   Section        0  usart.o(.text)
    .text                                    0x0800063c   Section        0  gps.o(.text)
    .text                                    0x08000814   Section        0  imu_adis16xxx.o(.text)
    .text                                    0x08000de8   Section        0  key.o(.text)
    .text                                    0x08000e64   Section        0  time.o(.text)
    .text                                    0x08001028   Section        0  crc_gps.o(.text)
    .text                                    0x08001080   Section        0  reportimu.o(.text)
    .text                                    0x080011b0   Section        0  mahonyahrs.o(.text)
    .text                                    0x08001f24   Section        0  misc.o(.text)
    .text                                    0x08002008   Section        0  stm32f4xx_exti.o(.text)
    .text                                    0x08002124   Section        0  stm32f4xx_gpio.o(.text)
    .text                                    0x08002370   Section        0  stm32f4xx_rcc.o(.text)
    .text                                    0x080028f4   Section        0  stm32f4xx_spi.o(.text)
    .text                                    0x08002cec   Section        0  stm32f4xx_syscfg.o(.text)
    .text                                    0x08002d78   Section        0  stm32f4xx_tim.o(.text)
    TI4_Config                               0x080034cf   Thumb Code    68  stm32f4xx_tim.o(.text)
    TI3_Config                               0x08003525   Thumb Code    64  stm32f4xx_tim.o(.text)
    TI2_Config                               0x0800357b   Thumb Code    68  stm32f4xx_tim.o(.text)
    TI1_Config                               0x080035d1   Thumb Code    68  stm32f4xx_tim.o(.text)
    .text                                    0x080039b4   Section        0  stm32f4xx_usart.o(.text)
    .text                                    0x08003dd4   Section       36  startup_stm32f4xx.o(.text)
    .text                                    0x08003df8   Section        0  memcpya.o(.text)
    .text                                    0x08003e1c   Section        0  fadd.o(.text)
    .text                                    0x08003ecc   Section        0  fmul.o(.text)
    .text                                    0x08003f38   Section        0  fdiv.o(.text)
    .text                                    0x08003fb8   Section        0  fflti.o(.text)
    .text                                    0x08003fca   Section        0  ffixi.o(.text)
    .text                                    0x08003ffc   Section        0  f2d.o(.text)
    .text                                    0x08004028   Section        0  d2f.o(.text)
    .text                                    0x08004060   Section       20  cfcmple.o(.text)
    .text                                    0x08004074   Section       20  cfrcmple.o(.text)
    .text                                    0x08004088   Section        0  iusefp.o(.text)
    .text                                    0x08004088   Section        0  fepilogue.o(.text)
    .text                                    0x080040f4   Section        0  dadd.o(.text)
    .text                                    0x08004240   Section        0  dmul.o(.text)
    .text                                    0x08004320   Section        0  ddiv.o(.text)
    .text                                    0x080043fe   Section        0  dscalb.o(.text)
    .text                                    0x0800442c   Section        0  dsqrt.o(.text)
    .text                                    0x080044d0   Section       36  init.o(.text)
    .text                                    0x080044f4   Section        0  llshl.o(.text)
    .text                                    0x08004512   Section        0  llushr.o(.text)
    .text                                    0x08004532   Section        0  llsshr.o(.text)
    .text                                    0x08004556   Section        0  depilogue.o(.text)
    i.__0printf$bare                         0x08004614   Section        0  printfb.o(i.__0printf$bare)
    i.__ARM_fpclassify                       0x08004624   Section        0  fpclassify.o(i.__ARM_fpclassify)
    i.__kernel_poly                          0x0800464c   Section        0  poly.o(i.__kernel_poly)
    i.__mathlib_dbl_underflow                0x080046f8   Section        0  dunder.o(i.__mathlib_dbl_underflow)
    i.__scatterload_copy                     0x08004708   Section       14  handlers.o(i.__scatterload_copy)
    i.__scatterload_null                     0x08004716   Section        2  handlers.o(i.__scatterload_null)
    i.__scatterload_zeroinit                 0x08004718   Section       14  handlers.o(i.__scatterload_zeroinit)
    i.__set_errno                            0x08004728   Section        0  errno.o(i.__set_errno)
    i._printf_core                           0x08004734   Section        0  printfb.o(i._printf_core)
    _printf_core                             0x08004735   Thumb Code    34  printfb.o(i._printf_core)
    i.asin                                   0x08004758   Section        0  asin.o(i.asin)
    i.atan                                   0x080049d4   Section        0  atan.o(i.atan)
    i.atan2                                  0x08004bf8   Section        0  atan2.o(i.atan2)
    i.sqrt                                   0x08004d78   Section        0  sqrt.o(i.sqrt)
    .constdata                               0x08004dc8   Section       80  asin.o(.constdata)
    pS                                       0x08004dc8   Data          48  asin.o(.constdata)
    qS                                       0x08004df8   Data          32  asin.o(.constdata)
    .constdata                               0x08004e18   Section      152  atan.o(.constdata)
    atanhi                                   0x08004e18   Data          32  atan.o(.constdata)
    atanlo                                   0x08004e38   Data          32  atan.o(.constdata)
    aTodd                                    0x08004e58   Data          40  atan.o(.constdata)
    aTeven                                   0x08004e80   Data          48  atan.o(.constdata)
    .constdata                               0x08004eb0   Section        8  qnan.o(.constdata)
    .data                                    0x20000000   Section        4  main.o(.data)
    TimingDelay                              0x20000000   Data           4  main.o(.data)
    .data                                    0x20000004   Section       20  system_stm32f4xx.o(.data)
    .data                                    0x20000018   Section       10  gps.o(.data)
    .data                                    0x20000024   Section       34  imu_adis16xxx.o(.data)
    count                                    0x20000024   Data           2  imu_adis16xxx.o(.data)
    .data                                    0x20000046   Section        4  time.o(.data)
    .data                                    0x2000004c   Section       36  mahonyahrs.o(.data)
    .data                                    0x20000070   Section       16  stm32f4xx_rcc.o(.data)
    APBAHBPrescTable                         0x20000070   Data          16  stm32f4xx_rcc.o(.data)
    .data                                    0x20000080   Section        4  stdout.o(.data)
    .data                                    0x20000084   Section        4  errno.o(.data)
    _errno                                   0x20000084   Data           4  errno.o(.data)
    .bss                                     0x20000088   Section     1208  gps.o(.bss)
    STACK                                    0x20000540   Section     1024  startup_stm32f4xx.o(STACK)

    Global Symbols

    Symbol Name                              Value     Ov Type        Size  Object(Section)

    BuildAttributes$$THM_ISAv4$E$P$D$K$B$S$7EM$PE$A:L22UL41UL21$X:L11$S22US41US21$IEEE1$IW$USESV6$~STKCKD$USESV7$~SHL$OTIME$ROPI$IEEEX$EBA8$MICROLIB$REQ8$PRES8$EABIv2 0x00000000   Number         0  anon$$obj.o ABSOLUTE
    __ARM_use_no_argv                        0x00000000   Number         0  main.o ABSOLUTE
    __decompress                              - Undefined Weak Reference
    _clock_init                               - Undefined Weak Reference
    __Vectors_Size                           0x00000188   Number         0  startup_stm32f4xx.o ABSOLUTE
    __Vectors                                0x08000000   Data           4  startup_stm32f4xx.o(RESET)
    __Vectors_End                            0x08000188   Data           0  startup_stm32f4xx.o(RESET)
    __main                                   0x08000189   Thumb Code     0  entry.o(.ARM.Collect$$$$00000000)
    _main_stk                                0x08000189   Thumb Code     0  entry2.o(.ARM.Collect$$$$00000001)
    _main_scatterload                        0x0800018d   Thumb Code     0  entry5.o(.ARM.Collect$$$$00000004)
    __main_after_scatterload                 0x08000191   Thumb Code     0  entry5.o(.ARM.Collect$$$$00000004)
    _main_clock                              0x08000191   Thumb Code     0  entry7b.o(.ARM.Collect$$$$00000008)
    _main_init                               0x08000191   Thumb Code     0  entry8.o(.ARM.Collect$$$$00000009)
    Delay                                    0x0800019d   Thumb Code    16  main.o(.text)
    main                                     0x080001ad   Thumb Code   124  main.o(.text)
    TimingDelay_Decrement                    0x08000229   Thumb Code    18  main.o(.text)
    ddelay                                   0x0800023b   Thumb Code    26  main.o(.text)
    NMI_Handler                              0x0800027d   Thumb Code     2  stm32f4xx_it.o(.text)
    HardFault_Handler                        0x0800027f   Thumb Code     4  stm32f4xx_it.o(.text)
    MemManage_Handler                        0x08000283   Thumb Code     4  stm32f4xx_it.o(.text)
    BusFault_Handler                         0x08000287   Thumb Code     4  stm32f4xx_it.o(.text)
    UsageFault_Handler                       0x0800028b   Thumb Code     4  stm32f4xx_it.o(.text)
    SVC_Handler                              0x0800028f   Thumb Code     2  stm32f4xx_it.o(.text)
    DebugMon_Handler                         0x08000291   Thumb Code     2  stm32f4xx_it.o(.text)
    PendSV_Handler                           0x08000293   Thumb Code     2  stm32f4xx_it.o(.text)
    SysTick_Handler                          0x08000295   Thumb Code     8  stm32f4xx_it.o(.text)
    USART3_IRQHandler                        0x0800029d   Thumb Code     4  stm32f4xx_it.o(.text)
    SystemInit                               0x08000367   Thumb Code    74  system_stm32f4xx.o(.text)
    SystemCoreClockUpdate                    0x080003b1   Thumb Code   174  system_stm32f4xx.o(.text)
    usart2_init                              0x0800048d   Thumb Code   192  usart.o(.text)
    usart1_init                              0x0800054d   Thumb Code   166  usart.o(.text)
    USART2_IRQHandler                        0x080005f3   Thumb Code    30  usart.o(.text)
    fputc                                    0x08000611   Thumb Code    32  usart.o(.text)
    GPS_int                                  0x0800063d   Thumb Code   192  gps.o(.text)
    get_PV                                   0x080006fd   Thumb Code    12  gps.o(.text)
    USART1_IRQHandler                        0x08000709   Thumb Code   196  gps.o(.text)
    map_14bits_to_16bits                     0x08000815   Thumb Code    22  imu_adis16xxx.o(.text)
    ADI_BurstReadMode                        0x0800082b   Thumb Code   218  imu_adis16xxx.o(.text)
    EXTI0_IRQHandler                         0x08000905   Thumb Code   634  imu_adis16xxx.o(.text)
    EXTI_init                                0x08000b7f   Thumb Code   114  imu_adis16xxx.o(.text)
    RST_IMU                                  0x08000bf1   Thumb Code    26  imu_adis16xxx.o(.text)
    RST_init                                 0x08000c0b   Thumb Code   138  imu_adis16xxx.o(.text)
    spi2_init                                0x08000c95   Thumb Code   164  imu_adis16xxx.o(.text)
    IMU_init                                 0x08000d39   Thumb Code   120  imu_adis16xxx.o(.text)
    IMU_BE10                                 0x08000db1   Thumb Code    48  imu_adis16xxx.o(.text)
    KEY_init                                 0x08000de9   Thumb Code    88  key.o(.text)
    get_mode                                 0x08000e41   Thumb Code    28  key.o(.text)
    TIM2_Configuration                       0x08000e65   Thumb Code   122  time.o(.text)
    TIM3_Init                                0x08000edf   Thumb Code    98  time.o(.text)
    TIM2_IRQHandler                          0x08000f41   Thumb Code   148  time.o(.text)
    TIM3_IRQHandler                          0x08000fd5   Thumb Code    44  time.o(.text)
    CRC32Value                               0x08001029   Thumb Code    32  crc_gps.o(.text)
    CalculateBlockCRC32                      0x08001049   Thumb Code    52  crc_gps.o(.text)
    UART1_Put_Char                           0x08001081   Thumb Code    26  reportimu.o(.text)
    UART_ReportIMU                           0x0800109b   Thumb Code   274  reportimu.o(.text)
    invSqrt                                  0x080011b1   Thumb Code    72  mahonyahrs.o(.text)
    MahonyAHRSupdateIMU                      0x080011f9   Thumb Code  1034  mahonyahrs.o(.text)
    MahonyAHRSupdate                         0x08001603   Thumb Code  1772  mahonyahrs.o(.text)
    IMU_update                               0x08001cef   Thumb Code   548  mahonyahrs.o(.text)
    NVIC_PriorityGroupConfig                 0x08001f25   Thumb Code    10  misc.o(.text)
    NVIC_Init                                0x08001f2f   Thumb Code   108  misc.o(.text)
    NVIC_SetVectorTable                      0x08001f9b   Thumb Code    14  misc.o(.text)
    NVIC_SystemLPConfig                      0x08001fa9   Thumb Code    34  misc.o(.text)
    SysTick_CLKSourceConfig                  0x08001fcb   Thumb Code    40  misc.o(.text)
    EXTI_DeInit                              0x08002009   Thumb Code    28  stm32f4xx_exti.o(.text)
    EXTI_Init                                0x08002025   Thumb Code   142  stm32f4xx_exti.o(.text)
    EXTI_StructInit                          0x080020b3   Thumb Code    16  stm32f4xx_exti.o(.text)
    EXTI_GenerateSWInterrupt                 0x080020c3   Thumb Code    16  stm32f4xx_exti.o(.text)
    EXTI_GetFlagStatus                       0x080020d3   Thumb Code    22  stm32f4xx_exti.o(.text)
    EXTI_ClearFlag                           0x080020e9   Thumb Code     8  stm32f4xx_exti.o(.text)
    EXTI_GetITStatus                         0x080020f1   Thumb Code    34  stm32f4xx_exti.o(.text)
    EXTI_ClearITPendingBit                   0x08002113   Thumb Code     8  stm32f4xx_exti.o(.text)
    GPIO_DeInit                              0x08002125   Thumb Code   220  stm32f4xx_gpio.o(.text)
    GPIO_Init                                0x08002201   Thumb Code   144  stm32f4xx_gpio.o(.text)
    GPIO_StructInit                          0x08002291   Thumb Code    18  stm32f4xx_gpio.o(.text)
    GPIO_PinLockConfig                       0x080022a3   Thumb Code    18  stm32f4xx_gpio.o(.text)
    GPIO_ReadInputDataBit                    0x080022b5   Thumb Code    18  stm32f4xx_gpio.o(.text)
    GPIO_ReadInputData                       0x080022c7   Thumb Code     8  stm32f4xx_gpio.o(.text)
    GPIO_ReadOutputDataBit                   0x080022cf   Thumb Code    18  stm32f4xx_gpio.o(.text)
    GPIO_ReadOutputData                      0x080022e1   Thumb Code     8  stm32f4xx_gpio.o(.text)
    GPIO_SetBits                             0x080022e9   Thumb Code     4  stm32f4xx_gpio.o(.text)
    GPIO_ResetBits                           0x080022ed   Thumb Code     4  stm32f4xx_gpio.o(.text)
    GPIO_WriteBit                            0x080022f1   Thumb Code    10  stm32f4xx_gpio.o(.text)
    GPIO_Write                               0x080022fb   Thumb Code     4  stm32f4xx_gpio.o(.text)
    GPIO_ToggleBits                          0x080022ff   Thumb Code     8  stm32f4xx_gpio.o(.text)
    GPIO_PinAFConfig                         0x08002307   Thumb Code    70  stm32f4xx_gpio.o(.text)
    RCC_DeInit                               0x08002371   Thumb Code    60  stm32f4xx_rcc.o(.text)
    RCC_HSEConfig                            0x080023ad   Thumb Code    14  stm32f4xx_rcc.o(.text)
    RCC_GetFlagStatus                        0x080023bb   Thumb Code    60  stm32f4xx_rcc.o(.text)
    RCC_WaitForHSEStartUp                    0x080023f7   Thumb Code    48  stm32f4xx_rcc.o(.text)
    RCC_AdjustHSICalibrationValue            0x08002427   Thumb Code    20  stm32f4xx_rcc.o(.text)
    RCC_HSICmd                               0x0800243b   Thumb Code     6  stm32f4xx_rcc.o(.text)
    RCC_LSEConfig                            0x08002441   Thumb Code    46  stm32f4xx_rcc.o(.text)
    RCC_LSICmd                               0x0800246f   Thumb Code     6  stm32f4xx_rcc.o(.text)
    RCC_PLLConfig                            0x08002475   Thumb Code    32  stm32f4xx_rcc.o(.text)
    RCC_PLLCmd                               0x08002495   Thumb Code     6  stm32f4xx_rcc.o(.text)
    RCC_PLLI2SConfig                         0x0800249b   Thumb Code    14  stm32f4xx_rcc.o(.text)
    RCC_PLLI2SCmd                            0x080024a9   Thumb Code     6  stm32f4xx_rcc.o(.text)
    RCC_ClockSecuritySystemCmd               0x080024af   Thumb Code     6  stm32f4xx_rcc.o(.text)
    RCC_MCO1Config                           0x080024b5   Thumb Code    28  stm32f4xx_rcc.o(.text)
    RCC_MCO2Config                           0x080024d1   Thumb Code    28  stm32f4xx_rcc.o(.text)
    RCC_SYSCLKConfig                         0x080024ed   Thumb Code    20  stm32f4xx_rcc.o(.text)
    RCC_GetSYSCLKSource                      0x08002501   Thumb Code    12  stm32f4xx_rcc.o(.text)
    RCC_HCLKConfig                           0x0800250d   Thumb Code    20  stm32f4xx_rcc.o(.text)
    RCC_PCLK1Config                          0x08002521   Thumb Code    20  stm32f4xx_rcc.o(.text)
    RCC_PCLK2Config                          0x08002535   Thumb Code    22  stm32f4xx_rcc.o(.text)
    RCC_GetClocksFreq                        0x0800254b   Thumb Code   222  stm32f4xx_rcc.o(.text)
    RCC_RTCCLKConfig                         0x08002629   Thumb Code    54  stm32f4xx_rcc.o(.text)
    RCC_RTCCLKCmd                            0x0800265f   Thumb Code     8  stm32f4xx_rcc.o(.text)
    RCC_BackupResetCmd                       0x08002667   Thumb Code     8  stm32f4xx_rcc.o(.text)
    RCC_I2SCLKConfig                         0x0800266f   Thumb Code     6  stm32f4xx_rcc.o(.text)
    RCC_AHB1PeriphClockCmd                   0x08002675   Thumb Code    34  stm32f4xx_rcc.o(.text)
    RCC_AHB2PeriphClockCmd                   0x08002697   Thumb Code    34  stm32f4xx_rcc.o(.text)
    RCC_AHB3PeriphClockCmd                   0x080026b9   Thumb Code    34  stm32f4xx_rcc.o(.text)
    RCC_APB1PeriphClockCmd                   0x080026db   Thumb Code    34  stm32f4xx_rcc.o(.text)
    RCC_APB2PeriphClockCmd                   0x080026fd   Thumb Code    34  stm32f4xx_rcc.o(.text)
    RCC_AHB1PeriphResetCmd                   0x0800271f   Thumb Code    34  stm32f4xx_rcc.o(.text)
    RCC_AHB2PeriphResetCmd                   0x08002741   Thumb Code    72  stm32f4xx_rcc.o(.text)
    RCC_AHB3PeriphResetCmd                   0x08002789   Thumb Code    34  stm32f4xx_rcc.o(.text)
    RCC_APB1PeriphResetCmd                   0x080027ab   Thumb Code    34  stm32f4xx_rcc.o(.text)
    RCC_APB2PeriphResetCmd                   0x080027cd   Thumb Code    34  stm32f4xx_rcc.o(.text)
    RCC_AHB1PeriphClockLPModeCmd             0x080027ef   Thumb Code    34  stm32f4xx_rcc.o(.text)
    RCC_AHB2PeriphClockLPModeCmd             0x08002811   Thumb Code    34  stm32f4xx_rcc.o(.text)
    RCC_AHB3PeriphClockLPModeCmd             0x08002833   Thumb Code    34  stm32f4xx_rcc.o(.text)
    RCC_APB1PeriphClockLPModeCmd             0x08002855   Thumb Code    34  stm32f4xx_rcc.o(.text)
    RCC_APB2PeriphClockLPModeCmd             0x08002877   Thumb Code    34  stm32f4xx_rcc.o(.text)
    RCC_ITConfig                             0x08002899   Thumb Code    38  stm32f4xx_rcc.o(.text)
    RCC_ClearFlag                            0x080028bf   Thumb Code    18  stm32f4xx_rcc.o(.text)
    RCC_GetITStatus                          0x080028d1   Thumb Code    22  stm32f4xx_rcc.o(.text)
    RCC_ClearITPendingBit                    0x080028e7   Thumb Code     8  stm32f4xx_rcc.o(.text)
    SPI_I2S_DeInit                           0x080028f5   Thumb Code    76  stm32f4xx_spi.o(.text)
    SPI_Init                                 0x08002941   Thumb Code    60  stm32f4xx_spi.o(.text)
    I2S_Init                                 0x0800297d   Thumb Code   340  stm32f4xx_spi.o(.text)
    SPI_StructInit                           0x08002ad1   Thumb Code    24  stm32f4xx_spi.o(.text)
    I2S_StructInit                           0x08002ae9   Thumb Code    20  stm32f4xx_spi.o(.text)
    SPI_Cmd                                  0x08002afd   Thumb Code    24  stm32f4xx_spi.o(.text)
    I2S_Cmd                                  0x08002b15   Thumb Code    24  stm32f4xx_spi.o(.text)
    SPI_DataSizeConfig                       0x08002b2d   Thumb Code    18  stm32f4xx_spi.o(.text)
    SPI_BiDirectionalLineConfig              0x08002b3f   Thumb Code    28  stm32f4xx_spi.o(.text)
    SPI_NSSInternalSoftwareConfig            0x08002b5b   Thumb Code    30  stm32f4xx_spi.o(.text)
    SPI_SSOutputCmd                          0x08002b79   Thumb Code    24  stm32f4xx_spi.o(.text)
    SPI_TIModeCmd                            0x08002b91   Thumb Code    24  stm32f4xx_spi.o(.text)
    I2S_FullDuplexConfig                     0x08002ba9   Thumb Code    80  stm32f4xx_spi.o(.text)
    SPI_I2S_ReceiveData                      0x08002bf9   Thumb Code     6  stm32f4xx_spi.o(.text)
    SPI_I2S_SendData                         0x08002bff   Thumb Code     4  stm32f4xx_spi.o(.text)
    SPI_CalculateCRC                         0x08002c03   Thumb Code    24  stm32f4xx_spi.o(.text)
    SPI_TransmitCRC                          0x08002c1b   Thumb Code    10  stm32f4xx_spi.o(.text)
    SPI_GetCRC                               0x08002c25   Thumb Code    16  stm32f4xx_spi.o(.text)
    SPI_GetCRCPolynomial                     0x08002c35   Thumb Code     6  stm32f4xx_spi.o(.text)
    SPI_I2S_DMACmd                           0x08002c3b   Thumb Code    24  stm32f4xx_spi.o(.text)
    SPI_I2S_ITConfig                         0x08002c53   Thumb Code    36  stm32f4xx_spi.o(.text)
    SPI_I2S_GetFlagStatus                    0x08002c77   Thumb Code    18  stm32f4xx_spi.o(.text)
    SPI_I2S_ClearFlag                        0x08002c89   Thumb Code     6  stm32f4xx_spi.o(.text)
    SPI_I2S_GetITStatus                      0x08002c8f   Thumb Code    52  stm32f4xx_spi.o(.text)
    SPI_I2S_ClearITPendingBit                0x08002cc3   Thumb Code    42  stm32f4xx_spi.o(.text)
    SYSCFG_DeInit                            0x08002ced   Thumb Code    22  stm32f4xx_syscfg.o(.text)
    SYSCFG_MemoryRemapConfig                 0x08002d03   Thumb Code     6  stm32f4xx_syscfg.o(.text)
    SYSCFG_EXTILineConfig                    0x08002d09   Thumb Code    66  stm32f4xx_syscfg.o(.text)
    SYSCFG_ETH_MediaInterfaceConfig          0x08002d4b   Thumb Code     6  stm32f4xx_syscfg.o(.text)
    SYSCFG_CompensationCellCmd               0x08002d51   Thumb Code     6  stm32f4xx_syscfg.o(.text)
    SYSCFG_GetCompensationCellStatus         0x08002d57   Thumb Code    22  stm32f4xx_syscfg.o(.text)
    TIM_DeInit                               0x08002d79   Thumb Code   346  stm32f4xx_tim.o(.text)
    TIM_TimeBaseInit                         0x08002ed3   Thumb Code   104  stm32f4xx_tim.o(.text)
    TIM_TimeBaseStructInit                   0x08002f3b   Thumb Code    18  stm32f4xx_tim.o(.text)
    TIM_PrescalerConfig                      0x08002f4d   Thumb Code     6  stm32f4xx_tim.o(.text)
    TIM_CounterModeConfig                    0x08002f53   Thumb Code    18  stm32f4xx_tim.o(.text)
    TIM_SetCounter                           0x08002f65   Thumb Code     4  stm32f4xx_tim.o(.text)
    TIM_SetAutoreload                        0x08002f69   Thumb Code     4  stm32f4xx_tim.o(.text)
    TIM_GetCounter                           0x08002f6d   Thumb Code     6  stm32f4xx_tim.o(.text)
    TIM_GetPrescaler                         0x08002f73   Thumb Code     6  stm32f4xx_tim.o(.text)
    TIM_UpdateDisableConfig                  0x08002f79   Thumb Code    24  stm32f4xx_tim.o(.text)
    TIM_UpdateRequestConfig                  0x08002f91   Thumb Code    24  stm32f4xx_tim.o(.text)
    TIM_ARRPreloadConfig                     0x08002fa9   Thumb Code    24  stm32f4xx_tim.o(.text)
    TIM_SelectOnePulseMode                   0x08002fc1   Thumb Code    18  stm32f4xx_tim.o(.text)
    TIM_SetClockDivision                     0x08002fd3   Thumb Code    18  stm32f4xx_tim.o(.text)
    TIM_Cmd                                  0x08002fe5   Thumb Code    24  stm32f4xx_tim.o(.text)
    TIM_OC1Init                              0x08002ffd   Thumb Code   114  stm32f4xx_tim.o(.text)
    TIM_OC2Init                              0x0800306f   Thumb Code   146  stm32f4xx_tim.o(.text)
    TIM_OC3Init                              0x08003101   Thumb Code   196  stm32f4xx_tim.o(.text)
    TIM_OC4Init                              0x080031c5   Thumb Code   104  stm32f4xx_tim.o(.text)
    TIM_OCStructInit                         0x0800322d   Thumb Code    20  stm32f4xx_tim.o(.text)
    TIM_SelectOCxM                           0x08003241   Thumb Code    86  stm32f4xx_tim.o(.text)
    TIM_SetCompare1                          0x08003297   Thumb Code     4  stm32f4xx_tim.o(.text)
    TIM_SetCompare2                          0x0800329b   Thumb Code     4  stm32f4xx_tim.o(.text)
    TIM_SetCompare3                          0x0800329f   Thumb Code     4  stm32f4xx_tim.o(.text)
    TIM_SetCompare4                          0x080032a3   Thumb Code     4  stm32f4xx_tim.o(.text)
    TIM_ForcedOC1Config                      0x080032a7   Thumb Code    18  stm32f4xx_tim.o(.text)
    TIM_ForcedOC2Config                      0x080032b9   Thumb Code    22  stm32f4xx_tim.o(.text)
    TIM_ForcedOC3Config                      0x080032cf   Thumb Code    18  stm32f4xx_tim.o(.text)
    TIM_ForcedOC4Config                      0x080032e1   Thumb Code    22  stm32f4xx_tim.o(.text)
    TIM_OC1PreloadConfig                     0x080032f7   Thumb Code    18  stm32f4xx_tim.o(.text)
    TIM_OC2PreloadConfig                     0x08003309   Thumb Code    22  stm32f4xx_tim.o(.text)
    TIM_OC3PreloadConfig                     0x0800331f   Thumb Code    18  stm32f4xx_tim.o(.text)
    TIM_OC4PreloadConfig                     0x08003331   Thumb Code    22  stm32f4xx_tim.o(.text)
    TIM_OC1FastConfig                        0x08003347   Thumb Code    18  stm32f4xx_tim.o(.text)
    TIM_OC2FastConfig                        0x08003359   Thumb Code    22  stm32f4xx_tim.o(.text)
    TIM_OC3FastConfig                        0x0800336f   Thumb Code    18  stm32f4xx_tim.o(.text)
    TIM_OC4FastConfig                        0x08003381   Thumb Code    22  stm32f4xx_tim.o(.text)
    TIM_ClearOC1Ref                          0x08003397   Thumb Code    18  stm32f4xx_tim.o(.text)
    TIM_ClearOC2Ref                          0x080033a9   Thumb Code    20  stm32f4xx_tim.o(.text)
    TIM_ClearOC3Ref                          0x080033bd   Thumb Code    18  stm32f4xx_tim.o(.text)
    TIM_ClearOC4Ref                          0x080033cf   Thumb Code    20  stm32f4xx_tim.o(.text)
    TIM_OC1PolarityConfig                    0x080033e3   Thumb Code    18  stm32f4xx_tim.o(.text)
    TIM_OC1NPolarityConfig                   0x080033f5   Thumb Code    18  stm32f4xx_tim.o(.text)
    TIM_OC2PolarityConfig                    0x08003407   Thumb Code    22  stm32f4xx_tim.o(.text)
    TIM_OC2NPolarityConfig                   0x0800341d   Thumb Code    22  stm32f4xx_tim.o(.text)
    TIM_OC3PolarityConfig                    0x08003433   Thumb Code    22  stm32f4xx_tim.o(.text)
    TIM_OC3NPolarityConfig                   0x08003449   Thumb Code    22  stm32f4xx_tim.o(.text)
    TIM_OC4PolarityConfig                    0x0800345f   Thumb Code    22  stm32f4xx_tim.o(.text)
    TIM_CCxCmd                               0x08003475   Thumb Code    34  stm32f4xx_tim.o(.text)
    TIM_CCxNCmd                              0x08003497   Thumb Code    34  stm32f4xx_tim.o(.text)
    TIM_SetIC4Prescaler                      0x080034b9   Thumb Code    22  stm32f4xx_tim.o(.text)
    TIM_SetIC3Prescaler                      0x08003513   Thumb Code    18  stm32f4xx_tim.o(.text)
    TIM_SetIC2Prescaler                      0x08003565   Thumb Code    22  stm32f4xx_tim.o(.text)
    TIM_SetIC1Prescaler                      0x080035bf   Thumb Code    18  stm32f4xx_tim.o(.text)
    TIM_ICInit                               0x08003615   Thumb Code   110  stm32f4xx_tim.o(.text)
    TIM_ICStructInit                         0x08003683   Thumb Code    18  stm32f4xx_tim.o(.text)
    TIM_PWMIConfig                           0x08003695   Thumb Code   124  stm32f4xx_tim.o(.text)
    TIM_GetCapture1                          0x08003711   Thumb Code     6  stm32f4xx_tim.o(.text)
    TIM_GetCapture2                          0x08003717   Thumb Code     6  stm32f4xx_tim.o(.text)
    TIM_GetCapture3                          0x0800371d   Thumb Code     6  stm32f4xx_tim.o(.text)
    TIM_GetCapture4                          0x08003723   Thumb Code     6  stm32f4xx_tim.o(.text)
    TIM_BDTRConfig                           0x08003729   Thumb Code    32  stm32f4xx_tim.o(.text)
    TIM_BDTRStructInit                       0x08003749   Thumb Code    18  stm32f4xx_tim.o(.text)
    TIM_CtrlPWMOutputs                       0x0800375b   Thumb Code    30  stm32f4xx_tim.o(.text)
    TIM_SelectCOM                            0x08003779   Thumb Code    24  stm32f4xx_tim.o(.text)
    TIM_CCPreloadControl                     0x08003791   Thumb Code    24  stm32f4xx_tim.o(.text)
    TIM_ITConfig                             0x080037a9   Thumb Code    24  stm32f4xx_tim.o(.text)
    TIM_GenerateEvent                        0x080037c1   Thumb Code     4  stm32f4xx_tim.o(.text)
    TIM_GetFlagStatus                        0x080037c5   Thumb Code    18  stm32f4xx_tim.o(.text)
    TIM_ClearFlag                            0x080037d7   Thumb Code     6  stm32f4xx_tim.o(.text)
    TIM_GetITStatus                          0x080037dd   Thumb Code    34  stm32f4xx_tim.o(.text)
    TIM_ClearITPendingBit                    0x080037ff   Thumb Code     6  stm32f4xx_tim.o(.text)
    TIM_DMAConfig                            0x08003805   Thumb Code    10  stm32f4xx_tim.o(.text)
    TIM_DMACmd                               0x0800380f   Thumb Code    24  stm32f4xx_tim.o(.text)
    TIM_SelectCCDMA                          0x08003827   Thumb Code    24  stm32f4xx_tim.o(.text)
    TIM_InternalClockConfig                  0x0800383f   Thumb Code    12  stm32f4xx_tim.o(.text)
    TIM_SelectInputTrigger                   0x0800384b   Thumb Code    18  stm32f4xx_tim.o(.text)
    TIM_ITRxExternalClockConfig              0x0800385d   Thumb Code    24  stm32f4xx_tim.o(.text)
    TIM_TIxExternalClockConfig               0x08003875   Thumb Code    62  stm32f4xx_tim.o(.text)
    TIM_ETRConfig                            0x080038b3   Thumb Code    24  stm32f4xx_tim.o(.text)
    TIM_ETRClockMode1Config                  0x080038cb   Thumb Code    54  stm32f4xx_tim.o(.text)
    TIM_ETRClockMode2Config                  0x08003901   Thumb Code    32  stm32f4xx_tim.o(.text)
    TIM_SelectOutputTrigger                  0x08003921   Thumb Code    18  stm32f4xx_tim.o(.text)
    TIM_SelectSlaveMode                      0x08003933   Thumb Code    18  stm32f4xx_tim.o(.text)
    TIM_SelectMasterSlaveMode                0x08003945   Thumb Code    18  stm32f4xx_tim.o(.text)
    TIM_EncoderInterfaceConfig               0x08003957   Thumb Code    62  stm32f4xx_tim.o(.text)
    TIM_SelectHallSensor                     0x08003995   Thumb Code    24  stm32f4xx_tim.o(.text)
    TIM_RemapConfig                          0x080039ad   Thumb Code     6  stm32f4xx_tim.o(.text)
    USART_DeInit                             0x080039b5   Thumb Code   156  stm32f4xx_usart.o(.text)
    USART_Init                               0x08003a51   Thumb Code   204  stm32f4xx_usart.o(.text)
    USART_StructInit                         0x08003b1d   Thumb Code    24  stm32f4xx_usart.o(.text)
    USART_ClockInit                          0x08003b35   Thumb Code    32  stm32f4xx_usart.o(.text)
    USART_ClockStructInit                    0x08003b55   Thumb Code    12  stm32f4xx_usart.o(.text)
    USART_Cmd                                0x08003b61   Thumb Code    24  stm32f4xx_usart.o(.text)
    USART_SetPrescaler                       0x08003b79   Thumb Code    16  stm32f4xx_usart.o(.text)
    USART_OverSampling8Cmd                   0x08003b89   Thumb Code    22  stm32f4xx_usart.o(.text)
    USART_OneBitMethodCmd                    0x08003b9f   Thumb Code    24  stm32f4xx_usart.o(.text)
    USART_SendData                           0x08003bb7   Thumb Code     8  stm32f4xx_usart.o(.text)
    USART_ReceiveData                        0x08003bbf   Thumb Code    10  stm32f4xx_usart.o(.text)
    USART_SetAddress                         0x08003bc9   Thumb Code    18  stm32f4xx_usart.o(.text)
    USART_ReceiverWakeUpCmd                  0x08003bdb   Thumb Code    24  stm32f4xx_usart.o(.text)
    USART_WakeUpConfig                       0x08003bf3   Thumb Code    18  stm32f4xx_usart.o(.text)
    USART_LINBreakDetectLengthConfig         0x08003c05   Thumb Code    18  stm32f4xx_usart.o(.text)
    USART_LINCmd                             0x08003c17   Thumb Code    24  stm32f4xx_usart.o(.text)
    USART_SendBreak                          0x08003c2f   Thumb Code    10  stm32f4xx_usart.o(.text)
    USART_HalfDuplexCmd                      0x08003c39   Thumb Code    24  stm32f4xx_usart.o(.text)
    USART_SetGuardTime                       0x08003c51   Thumb Code    16  stm32f4xx_usart.o(.text)
    USART_SmartCardCmd                       0x08003c61   Thumb Code    24  stm32f4xx_usart.o(.text)
    USART_SmartCardNACKCmd                   0x08003c79   Thumb Code    24  stm32f4xx_usart.o(.text)
    USART_IrDAConfig                         0x08003c91   Thumb Code    18  stm32f4xx_usart.o(.text)
    USART_IrDACmd                            0x08003ca3   Thumb Code    24  stm32f4xx_usart.o(.text)
    USART_DMACmd                             0x08003cbb   Thumb Code    24  stm32f4xx_usart.o(.text)
    USART_ITConfig                           0x08003cd3   Thumb Code    74  stm32f4xx_usart.o(.text)
    USART_GetFlagStatus                      0x08003d1d   Thumb Code    26  stm32f4xx_usart.o(.text)
    USART_ClearFlag                          0x08003d37   Thumb Code    18  stm32f4xx_usart.o(.text)
    USART_GetITStatus                        0x08003d49   Thumb Code   108  stm32f4xx_usart.o(.text)
    USART_ClearITPendingBit                  0x08003db5   Thumb Code    30  stm32f4xx_usart.o(.text)
    Reset_Handler                            0x08003dd5   Thumb Code     8  startup_stm32f4xx.o(.text)
    ADC_IRQHandler                           0x08003def   Thumb Code     0  startup_stm32f4xx.o(.text)
    CAN1_RX0_IRQHandler                      0x08003def   Thumb Code     0  startup_stm32f4xx.o(.text)
    CAN1_RX1_IRQHandler                      0x08003def   Thumb Code     0  startup_stm32f4xx.o(.text)
    CAN1_SCE_IRQHandler                      0x08003def   Thumb Code     0  startup_stm32f4xx.o(.text)
    CAN1_TX_IRQHandler                       0x08003def   Thumb Code     0  startup_stm32f4xx.o(.text)
    CAN2_RX0_IRQHandler                      0x08003def   Thumb Code     0  startup_stm32f4xx.o(.text)
    CAN2_RX1_IRQHandler                      0x08003def   Thumb Code     0  startup_stm32f4xx.o(.text)
    CAN2_SCE_IRQHandler                      0x08003def   Thumb Code     0  startup_stm32f4xx.o(.text)
    CAN2_TX_IRQHandler                       0x08003def   Thumb Code     0  startup_stm32f4xx.o(.text)
    CRYP_IRQHandler                          0x08003def   Thumb Code     0  startup_stm32f4xx.o(.text)
    DCMI_IRQHandler                          0x08003def   Thumb Code     0  startup_stm32f4xx.o(.text)
    DMA1_Stream0_IRQHandler                  0x08003def   Thumb Code     0  startup_stm32f4xx.o(.text)
    DMA1_Stream1_IRQHandler                  0x08003def   Thumb Code     0  startup_stm32f4xx.o(.text)
    DMA1_Stream2_IRQHandler                  0x08003def   Thumb Code     0  startup_stm32f4xx.o(.text)
    DMA1_Stream3_IRQHandler                  0x08003def   Thumb Code     0  startup_stm32f4xx.o(.text)
    DMA1_Stream4_IRQHandler                  0x08003def   Thumb Code     0  startup_stm32f4xx.o(.text)
    DMA1_Stream5_IRQHandler                  0x08003def   Thumb Code     0  startup_stm32f4xx.o(.text)
    DMA1_Stream6_IRQHandler                  0x08003def   Thumb Code     0  startup_stm32f4xx.o(.text)
    DMA1_Stream7_IRQHandler                  0x08003def   Thumb Code     0  startup_stm32f4xx.o(.text)
    DMA2_Stream0_IRQHandler                  0x08003def   Thumb Code     0  startup_stm32f4xx.o(.text)
    DMA2_Stream1_IRQHandler                  0x08003def   Thumb Code     0  startup_stm32f4xx.o(.text)
    DMA2_Stream2_IRQHandler                  0x08003def   Thumb Code     0  startup_stm32f4xx.o(.text)
    DMA2_Stream3_IRQHandler                  0x08003def   Thumb Code     0  startup_stm32f4xx.o(.text)
    DMA2_Stream4_IRQHandler                  0x08003def   Thumb Code     0  startup_stm32f4xx.o(.text)
    DMA2_Stream5_IRQHandler                  0x08003def   Thumb Code     0  startup_stm32f4xx.o(.text)
    DMA2_Stream6_IRQHandler                  0x08003def   Thumb Code     0  startup_stm32f4xx.o(.text)
    DMA2_Stream7_IRQHandler                  0x08003def   Thumb Code     0  startup_stm32f4xx.o(.text)
    ETH_IRQHandler                           0x08003def   Thumb Code     0  startup_stm32f4xx.o(.text)
    ETH_WKUP_IRQHandler                      0x08003def   Thumb Code     0  startup_stm32f4xx.o(.text)
    EXTI15_10_IRQHandler                     0x08003def   Thumb Code     0  startup_stm32f4xx.o(.text)
    EXTI1_IRQHandler                         0x08003def   Thumb Code     0  startup_stm32f4xx.o(.text)
    EXTI2_IRQHandler                         0x08003def   Thumb Code     0  startup_stm32f4xx.o(.text)
    EXTI3_IRQHandler                         0x08003def   Thumb Code     0  startup_stm32f4xx.o(.text)
    EXTI4_IRQHandler                         0x08003def   Thumb Code     0  startup_stm32f4xx.o(.text)
    EXTI9_5_IRQHandler                       0x08003def   Thumb Code     0  startup_stm32f4xx.o(.text)
    FLASH_IRQHandler                         0x08003def   Thumb Code     0  startup_stm32f4xx.o(.text)
    FPU_IRQHandler                           0x08003def   Thumb Code     0  startup_stm32f4xx.o(.text)
    FSMC_IRQHandler                          0x08003def   Thumb Code     0  startup_stm32f4xx.o(.text)
    HASH_RNG_IRQHandler                      0x08003def   Thumb Code     0  startup_stm32f4xx.o(.text)
    I2C1_ER_IRQHandler                       0x08003def   Thumb Code     0  startup_stm32f4xx.o(.text)
    I2C1_EV_IRQHandler                       0x08003def   Thumb Code     0  startup_stm32f4xx.o(.text)
    I2C2_ER_IRQHandler                       0x08003def   Thumb Code     0  startup_stm32f4xx.o(.text)
    I2C2_EV_IRQHandler                       0x08003def   Thumb Code     0  startup_stm32f4xx.o(.text)
    I2C3_ER_IRQHandler                       0x08003def   Thumb Code     0  startup_stm32f4xx.o(.text)
    I2C3_EV_IRQHandler                       0x08003def   Thumb Code     0  startup_stm32f4xx.o(.text)
    OTG_FS_IRQHandler                        0x08003def   Thumb Code     0  startup_stm32f4xx.o(.text)
    OTG_FS_WKUP_IRQHandler                   0x08003def   Thumb Code     0  startup_stm32f4xx.o(.text)
    OTG_HS_EP1_IN_IRQHandler                 0x08003def   Thumb Code     0  startup_stm32f4xx.o(.text)
    OTG_HS_EP1_OUT_IRQHandler                0x08003def   Thumb Code     0  startup_stm32f4xx.o(.text)
    OTG_HS_IRQHandler                        0x08003def   Thumb Code     0  startup_stm32f4xx.o(.text)
    OTG_HS_WKUP_IRQHandler                   0x08003def   Thumb Code     0  startup_stm32f4xx.o(.text)
    PVD_IRQHandler                           0x08003def   Thumb Code     0  startup_stm32f4xx.o(.text)
    RCC_IRQHandler                           0x08003def   Thumb Code     0  startup_stm32f4xx.o(.text)
    RTC_Alarm_IRQHandler                     0x08003def   Thumb Code     0  startup_stm32f4xx.o(.text)
    RTC_WKUP_IRQHandler                      0x08003def   Thumb Code     0  startup_stm32f4xx.o(.text)
    SDIO_IRQHandler                          0x08003def   Thumb Code     0  startup_stm32f4xx.o(.text)
    SPI1_IRQHandler                          0x08003def   Thumb Code     0  startup_stm32f4xx.o(.text)
    SPI2_IRQHandler                          0x08003def   Thumb Code     0  startup_stm32f4xx.o(.text)
    SPI3_IRQHandler                          0x08003def   Thumb Code     0  startup_stm32f4xx.o(.text)
    TAMP_STAMP_IRQHandler                    0x08003def   Thumb Code     0  startup_stm32f4xx.o(.text)
    TIM1_BRK_TIM9_IRQHandler                 0x08003def   Thumb Code     0  startup_stm32f4xx.o(.text)
    TIM1_CC_IRQHandler                       0x08003def   Thumb Code     0  startup_stm32f4xx.o(.text)
    TIM1_TRG_COM_TIM11_IRQHandler            0x08003def   Thumb Code     0  startup_stm32f4xx.o(.text)
    TIM1_UP_TIM10_IRQHandler                 0x08003def   Thumb Code     0  startup_stm32f4xx.o(.text)
    TIM4_IRQHandler                          0x08003def   Thumb Code     0  startup_stm32f4xx.o(.text)
    TIM5_IRQHandler                          0x08003def   Thumb Code     0  startup_stm32f4xx.o(.text)
    TIM6_DAC_IRQHandler                      0x08003def   Thumb Code     0  startup_stm32f4xx.o(.text)
    TIM7_IRQHandler                          0x08003def   Thumb Code     0  startup_stm32f4xx.o(.text)
    TIM8_BRK_TIM12_IRQHandler                0x08003def   Thumb Code     0  startup_stm32f4xx.o(.text)
    TIM8_CC_IRQHandler                       0x08003def   Thumb Code     0  startup_stm32f4xx.o(.text)
    TIM8_TRG_COM_TIM14_IRQHandler            0x08003def   Thumb Code     0  startup_stm32f4xx.o(.text)
    TIM8_UP_TIM13_IRQHandler                 0x08003def   Thumb Code     0  startup_stm32f4xx.o(.text)
    UART4_IRQHandler                         0x08003def   Thumb Code     0  startup_stm32f4xx.o(.text)
    UART5_IRQHandler                         0x08003def   Thumb Code     0  startup_stm32f4xx.o(.text)
    USART6_IRQHandler                        0x08003def   Thumb Code     0  startup_stm32f4xx.o(.text)
    WWDG_IRQHandler                          0x08003def   Thumb Code     0  startup_stm32f4xx.o(.text)
    __aeabi_memcpy                           0x08003df9   Thumb Code    36  memcpya.o(.text)
    __aeabi_memcpy4                          0x08003df9   Thumb Code     0  memcpya.o(.text)
    __aeabi_memcpy8                          0x08003df9   Thumb Code     0  memcpya.o(.text)
    __aeabi_fadd                             0x08003e1d   Thumb Code   164  fadd.o(.text)
    __aeabi_fsub                             0x08003ec1   Thumb Code     6  fadd.o(.text)
    __aeabi_frsub                            0x08003ec7   Thumb Code     6  fadd.o(.text)
    __aeabi_fmul                             0x08003ecd   Thumb Code   108  fmul.o(.text)
    __aeabi_fdiv                             0x08003f39   Thumb Code   128  fdiv.o(.text)
    __aeabi_i2f                              0x08003fb9   Thumb Code    18  fflti.o(.text)
    __aeabi_f2iz                             0x08003fcb   Thumb Code    50  ffixi.o(.text)
    __aeabi_f2d                              0x08003ffd   Thumb Code    44  f2d.o(.text)
    __aeabi_d2f                              0x08004029   Thumb Code    56  d2f.o(.text)
    __aeabi_cfcmpeq                          0x08004061   Thumb Code     0  cfcmple.o(.text)
    __aeabi_cfcmple                          0x08004061   Thumb Code    20  cfcmple.o(.text)
    __aeabi_cfrcmple                         0x08004075   Thumb Code    20  cfrcmple.o(.text)
    __I$use$fp                               0x08004089   Thumb Code     0  iusefp.o(.text)
    _float_round                             0x08004089   Thumb Code    18  fepilogue.o(.text)
    _float_epilogue                          0x0800409b   Thumb Code    90  fepilogue.o(.text)
    __aeabi_dadd                             0x080040f5   Thumb Code   320  dadd.o(.text)
    __aeabi_dsub                             0x08004235   Thumb Code     6  dadd.o(.text)
    __aeabi_drsub                            0x0800423b   Thumb Code     6  dadd.o(.text)
    __aeabi_dmul                             0x08004241   Thumb Code   224  dmul.o(.text)
    __aeabi_ddiv                             0x08004321   Thumb Code   222  ddiv.o(.text)
    __ARM_scalbn                             0x080043ff   Thumb Code    46  dscalb.o(.text)
    scalbn                                   0x080043ff   Thumb Code     0  dscalb.o(.text)
    _dsqrt                                   0x0800442d   Thumb Code   162  dsqrt.o(.text)
    __scatterload                            0x080044d1   Thumb Code    28  init.o(.text)
    __scatterload_rt2                        0x080044d1   Thumb Code     0  init.o(.text)
    __aeabi_llsl                             0x080044f5   Thumb Code    30  llshl.o(.text)
    _ll_shift_l                              0x080044f5   Thumb Code     0  llshl.o(.text)
    __aeabi_llsr                             0x08004513   Thumb Code    32  llushr.o(.text)
    _ll_ushift_r                             0x08004513   Thumb Code     0  llushr.o(.text)
    __aeabi_lasr                             0x08004533   Thumb Code    36  llsshr.o(.text)
    _ll_sshift_r                             0x08004533   Thumb Code     0  llsshr.o(.text)
    _double_round                            0x08004557   Thumb Code    26  depilogue.o(.text)
    _double_epilogue                         0x08004571   Thumb Code   164  depilogue.o(.text)
    __0printf$bare                           0x08004615   Thumb Code     8  printfb.o(i.__0printf$bare)
    __1printf$bare                           0x08004615   Thumb Code     0  printfb.o(i.__0printf$bare)
    __2printf                                0x08004615   Thumb Code     0  printfb.o(i.__0printf$bare)
    __ARM_fpclassify                         0x08004625   Thumb Code    40  fpclassify.o(i.__ARM_fpclassify)
    __kernel_poly                            0x0800464d   Thumb Code   170  poly.o(i.__kernel_poly)
    __mathlib_dbl_underflow                  0x080046f9   Thumb Code    10  dunder.o(i.__mathlib_dbl_underflow)
    __scatterload_copy                       0x08004709   Thumb Code    14  handlers.o(i.__scatterload_copy)
    __scatterload_null                       0x08004717   Thumb Code     2  handlers.o(i.__scatterload_null)
    __scatterload_zeroinit                   0x08004719   Thumb Code    14  handlers.o(i.__scatterload_zeroinit)
    __set_errno                              0x08004729   Thumb Code     6  errno.o(i.__set_errno)
    asin                                     0x08004759   Thumb Code   584  asin.o(i.asin)
    atan                                     0x080049d5   Thumb Code   478  atan.o(i.atan)
    atan2                                    0x08004bf9   Thumb Code   346  atan2.o(i.atan2)
    sqrt                                     0x08004d79   Thumb Code    76  sqrt.o(i.sqrt)
    __mathlib_zero                           0x08004eb0   Data           8  qnan.o(.constdata)
    Region$$Table$$Base                      0x08004eb8   Number         0  anon$$obj.o(Region$$Table)
    Region$$Table$$Limit                     0x08004ed8   Number         0  anon$$obj.o(Region$$Table)
    SystemCoreClock                          0x20000004   Data           4  system_stm32f4xx.o(.data)
    AHBPrescTable                            0x20000008   Data          16  system_stm32f4xx.o(.data)
    GPS_Buff_ptr                             0x20000018   Data           1  gps.o(.data)
    Length_Header                            0x20000019   Data           1  gps.o(.data)
    GPS_flag                                 0x2000001a   Data           1  gps.o(.data)
    CRCValue                                 0x2000001c   Data           4  gps.o(.data)
    pos_des_ptr                              0x20000020   Data           1  gps.o(.data)
    pos_des_num                              0x20000021   Data           1  gps.o(.data)
    roll                                     0x20000028   Data           4  imu_adis16xxx.o(.data)
    pitch                                    0x2000002c   Data           4  imu_adis16xxx.o(.data)
    yaw                                      0x20000030   Data           4  imu_adis16xxx.o(.data)
    ax                                       0x20000034   Data           2  imu_adis16xxx.o(.data)
    ay                                       0x20000036   Data           2  imu_adis16xxx.o(.data)
    az                                       0x20000038   Data           2  imu_adis16xxx.o(.data)
    gx                                       0x2000003a   Data           2  imu_adis16xxx.o(.data)
    gy                                       0x2000003c   Data           2  imu_adis16xxx.o(.data)
    gz                                       0x2000003e   Data           2  imu_adis16xxx.o(.data)
    mx                                       0x20000040   Data           2  imu_adis16xxx.o(.data)
    my                                       0x20000042   Data           2  imu_adis16xxx.o(.data)
    mz                                       0x20000044   Data           2  imu_adis16xxx.o(.data)
    count_record                             0x20000046   Data           1  time.o(.data)
    flag_record                              0x20000047   Data           1  time.o(.data)
    counter                                  0x20000048   Data           1  time.o(.data)
    count_reportIMU                          0x20000049   Data           1  time.o(.data)
    twoKp                                    0x2000004c   Data           4  mahonyahrs.o(.data)
    twoKi                                    0x20000050   Data           4  mahonyahrs.o(.data)
    q0                                       0x20000054   Data           4  mahonyahrs.o(.data)
    q1                                       0x20000058   Data           4  mahonyahrs.o(.data)
    q2                                       0x2000005c   Data           4  mahonyahrs.o(.data)
    q3                                       0x20000060   Data           4  mahonyahrs.o(.data)
    integralFBx                              0x20000064   Data           4  mahonyahrs.o(.data)
    integralFBy                              0x20000068   Data           4  mahonyahrs.o(.data)
    integralFBz                              0x2000006c   Data           4  mahonyahrs.o(.data)
    __stdout                                 0x20000080   Data           4  stdout.o(.data)
    GPS_Buff                                 0x20000088   Data         256  gps.o(.bss)
    GPS_CRC_buck                             0x20000188   Data         128  gps.o(.bss)
    pos_now                                  0x20000208   Data          24  gps.o(.bss)
    pos_des                                  0x20000220   Data         800  gps.o(.bss)
    __initial_sp                             0x20000940   Data           0  startup_stm32f4xx.o(STACK)



==============================================================================

Memory Map of the image

  Image Entry point : 0x08000189

  Load Region LR_IROM1 (Base: 0x08000000, Size: 0x00004f60, Max: 0x00100000, ABSOLUTE)

    Execution Region ER_IROM1 (Base: 0x08000000, Size: 0x00004ed8, Max: 0x00100000, ABSOLUTE)

    Base Addr    Size         Type   Attr      Idx    E Section Name        Object

    0x08000000   0x00000188   Data   RO         1007    RESET               startup_stm32f4xx.o
    0x08000188   0x00000000   Code   RO         1038  * .ARM.Collect$$$$00000000  mc_w.l(entry.o)
    0x08000188   0x00000004   Code   RO         1340    .ARM.Collect$$$$00000001  mc_w.l(entry2.o)
    0x0800018c   0x00000004   Code   RO         1343    .ARM.Collect$$$$00000004  mc_w.l(entry5.o)
    0x08000190   0x00000000   Code   RO         1345    .ARM.Collect$$$$00000008  mc_w.l(entry7b.o)
    0x08000190   0x00000008   Code   RO         1346    .ARM.Collect$$$$00000009  mc_w.l(entry8.o)
    0x08000198   0x00000004   Code   RO         1341    .ARM.Collect$$$$00002712  mc_w.l(entry2.o)
    0x0800019c   0x000000e0   Code   RO            3    .text               main.o
    0x0800027c   0x00000024   Code   RO          165    .text               stm32f4xx_it.o
    0x080002a0   0x000001ec   Code   RO          192    .text               system_stm32f4xx.o
    0x0800048c   0x000001b0   Code   RO          218    .text               usart.o
    0x0800063c   0x000001d8   Code   RO          238    .text               gps.o
    0x08000814   0x000005d4   Code   RO          262    .text               imu_adis16xxx.o
    0x08000de8   0x0000007c   Code   RO          292    .text               key.o
    0x08000e64   0x000001c4   Code   RO          312    .text               time.o
    0x08001028   0x00000058   Code   RO          333    .text               crc_gps.o
    0x08001080   0x00000130   Code   RO          347    .text               reportimu.o
    0x080011b0   0x00000d74   Code   RO          365    .text               mahonyahrs.o
    0x08001f24   0x000000e4   Code   RO          385    .text               misc.o
    0x08002008   0x0000011c   Code   RO          625    .text               stm32f4xx_exti.o
    0x08002124   0x0000024c   Code   RO          685    .text               stm32f4xx_gpio.o
    0x08002370   0x00000584   Code   RO          825    .text               stm32f4xx_rcc.o
    0x080028f4   0x000003f8   Code   RO          907    .text               stm32f4xx_spi.o
    0x08002cec   0x0000008c   Code   RO          927    .text               stm32f4xx_syscfg.o
    0x08002d78   0x00000c3a   Code   RO          947    .text               stm32f4xx_tim.o
    0x080039b2   0x00000002   PAD
    0x080039b4   0x0000041e   Code   RO          967    .text               stm32f4xx_usart.o
    0x08003dd2   0x00000002   PAD
    0x08003dd4   0x00000024   Code   RO         1008    .text               startup_stm32f4xx.o
    0x08003df8   0x00000024   Code   RO         1041    .text               mc_w.l(memcpya.o)
    0x08003e1c   0x000000b0   Code   RO         1305    .text               mf_w.l(fadd.o)
    0x08003ecc   0x0000006c   Code   RO         1307    .text               mf_w.l(fmul.o)
    0x08003f38   0x00000080   Code   RO         1309    .text               mf_w.l(fdiv.o)
    0x08003fb8   0x00000012   Code   RO         1311    .text               mf_w.l(fflti.o)
    0x08003fca   0x00000032   Code   RO         1313    .text               mf_w.l(ffixi.o)
    0x08003ffc   0x0000002c   Code   RO         1315    .text               mf_w.l(f2d.o)
    0x08004028   0x00000038   Code   RO         1317    .text               mf_w.l(d2f.o)
    0x08004060   0x00000014   Code   RO         1319    .text               mf_w.l(cfcmple.o)
    0x08004074   0x00000014   Code   RO         1321    .text               mf_w.l(cfrcmple.o)
    0x08004088   0x00000000   Code   RO         1359    .text               mc_w.l(iusefp.o)
    0x08004088   0x0000006c   Code   RO         1360    .text               mf_w.l(fepilogue.o)
    0x080040f4   0x0000014c   Code   RO         1362    .text               mf_w.l(dadd.o)
    0x08004240   0x000000e0   Code   RO         1364    .text               mf_w.l(dmul.o)
    0x08004320   0x000000de   Code   RO         1366    .text               mf_w.l(ddiv.o)
    0x080043fe   0x0000002e   Code   RO         1368    .text               mf_w.l(dscalb.o)
    0x0800442c   0x000000a2   Code   RO         1370    .text               mf_w.l(dsqrt.o)
    0x080044ce   0x00000002   PAD
    0x080044d0   0x00000024   Code   RO         1378    .text               mc_w.l(init.o)
    0x080044f4   0x0000001e   Code   RO         1380    .text               mc_w.l(llshl.o)
    0x08004512   0x00000020   Code   RO         1382    .text               mc_w.l(llushr.o)
    0x08004532   0x00000024   Code   RO         1384    .text               mc_w.l(llsshr.o)
    0x08004556   0x000000be   Code   RO         1386    .text               mf_w.l(depilogue.o)
    0x08004614   0x00000010   Code   RO         1046    i.__0printf$bare    mc_w.l(printfb.o)
    0x08004624   0x00000028   Code   RO         1335    i.__ARM_fpclassify  m_ws.l(fpclassify.o)
    0x0800464c   0x000000aa   Code   RO         1337    i.__kernel_poly     m_ws.l(poly.o)
    0x080046f6   0x00000002   PAD
    0x080046f8   0x00000010   Code   RO         1333    i.__mathlib_dbl_underflow  m_ws.l(dunder.o)
    0x08004708   0x0000000e   Code   RO         1390    i.__scatterload_copy  mc_w.l(handlers.o)
    0x08004716   0x00000002   Code   RO         1391    i.__scatterload_null  mc_w.l(handlers.o)
    0x08004718   0x0000000e   Code   RO         1392    i.__scatterload_zeroinit  mc_w.l(handlers.o)
    0x08004726   0x00000002   PAD
    0x08004728   0x0000000c   Code   RO         1354    i.__set_errno       mc_w.l(errno.o)
    0x08004734   0x00000022   Code   RO         1053    i._printf_core      mc_w.l(printfb.o)
    0x08004756   0x00000002   PAD
    0x08004758   0x0000027c   Code   RO         1013    i.asin              m_ws.l(asin.o)
    0x080049d4   0x00000224   Code   RO         1324    i.atan              m_ws.l(atan.o)
    0x08004bf8   0x00000180   Code   RO         1023    i.atan2             m_ws.l(atan2.o)
    0x08004d78   0x0000004c   Code   RO         1031    i.sqrt              m_ws.l(sqrt.o)
    0x08004dc4   0x00000004   PAD
    0x08004dc8   0x00000050   Data   RO         1014    .constdata          m_ws.l(asin.o)
    0x08004e18   0x00000098   Data   RO         1325    .constdata          m_ws.l(atan.o)
    0x08004eb0   0x00000008   Data   RO         1339    .constdata          m_ws.l(qnan.o)
    0x08004eb8   0x00000020   Data   RO         1388    Region$$Table       anon$$obj.o


    Execution Region RW_IRAM1 (Base: 0x20000000, Size: 0x00000940, Max: 0x00020000, ABSOLUTE)

    Base Addr    Size         Type   Attr      Idx    E Section Name        Object

    0x20000000   0x00000004   Data   RW            4    .data               main.o
    0x20000004   0x00000014   Data   RW          193    .data               system_stm32f4xx.o
    0x20000018   0x0000000a   Data   RW          240    .data               gps.o
    0x20000022   0x00000002   PAD
    0x20000024   0x00000022   Data   RW          263    .data               imu_adis16xxx.o
    0x20000046   0x00000004   Data   RW          313    .data               time.o
    0x2000004a   0x00000002   PAD
    0x2000004c   0x00000024   Data   RW          366    .data               mahonyahrs.o
    0x20000070   0x00000010   Data   RW          826    .data               stm32f4xx_rcc.o
    0x20000080   0x00000004   Data   RW         1347    .data               mc_w.l(stdout.o)
    0x20000084   0x00000004   Data   RW         1355    .data               mc_w.l(errno.o)
    0x20000088   0x000004b8   Zero   RW          239    .bss                gps.o
    0x20000540   0x00000400   Zero   RW         1005    STACK               startup_stm32f4xx.o


==============================================================================

Image component sizes


      Code (inc. data)   RO Data    RW Data    ZI Data      Debug   Object Name

        88          4          0          0          0        813   crc_gps.o
       472         72          0         10       1208       1828   gps.o
      1492         88          0         34          0       3625   imu_adis16xxx.o
       124          8          0          0          0        564   key.o
      3444        126          0         36          0       4244   mahonyahrs.o
       224         40          0          4          0     297533   main.o
       228         22          0          0          0       1773   misc.o
       304          4          0          0          0       1136   reportimu.o
        36          8        392          0       1024        740   startup_stm32f4xx.o
       284         10          0          0          0       2227   stm32f4xx_exti.o
       588         36          0          0          0       3917   stm32f4xx_gpio.o
        36          0          0          0          0       1328   stm32f4xx_it.o
      1412         48          0         16          0      10887   stm32f4xx_rcc.o
      1016         22          0          0          0       6669   stm32f4xx_spi.o
       140         12          0          0          0       1495   stm32f4xx_syscfg.o
      3130         62          0          0          0      22868   stm32f4xx_tim.o
      1054         24          0          0          0       7680   stm32f4xx_usart.o
       492         46          0         20          0       1559   system_stm32f4xx.o
       452         40          0          4          0       1438   time.o
       432         12          0          0          0       1258   usart.o

    ----------------------------------------------------------------------
     15452        684        424        128       2232     373582   Object Totals
         0          0         32          0          0          0   (incl. Generated)
         4          0          0          4          0          0   (incl. Padding)

    ----------------------------------------------------------------------

      Code (inc. data)   RO Data    RW Data    ZI Data      Debug   Library Member Name

       636         52         80          0          0        176   asin.o
       548         70        152          0          0        128   atan.o
       384         38          0          0          0        144   atan2.o
        16          6          0          0          0         68   dunder.o
        40          0          0          0          0         68   fpclassify.o
       170          0          0          0          0         96   poly.o
         0          0          8          0          0          0   qnan.o
        76          0          0          0          0         84   sqrt.o
         0          0          0          0          0          0   entry.o
         8          4          0          0          0          0   entry2.o
         4          0          0          0          0          0   entry5.o
         0          0          0          0          0          0   entry7b.o
         8          4          0          0          0          0   entry8.o
        12          6          0          4          0         68   errno.o
        30          0          0          0          0          0   handlers.o
        36          8          0          0          0         68   init.o
         0          0          0          0          0          0   iusefp.o
        30          0          0          0          0         68   llshl.o
        36          0          0          0          0         68   llsshr.o
        32          0          0          0          0         68   llushr.o
        36          0          0          0          0         68   memcpya.o
        50          8          0          0          0        152   printfb.o
         0          0          0          4          0          0   stdout.o
        20          0          0          0          0         68   cfcmple.o
        20          0          0          0          0         68   cfrcmple.o
        56          0          0          0          0         88   d2f.o
       332          0          0          0          0        148   dadd.o
       222          0          0          0          0        100   ddiv.o
       190          0          0          0          0        176   depilogue.o
       224          0          0          0          0         96   dmul.o
        46          0          0          0          0         80   dscalb.o
       162          0          0          0          0        100   dsqrt.o
        44          0          0          0          0         68   f2d.o
       176          0          0          0          0        140   fadd.o
       128          0          0          0          0         88   fdiv.o
       108          0          0          0          0        168   fepilogue.o
        50          0          0          0          0         68   ffixi.o
        18          0          0          0          0         68   fflti.o
       108          0          0          0          0         76   fmul.o

    ----------------------------------------------------------------------
      4068        196        240          8          0       2924   Library Totals
        12          0          0          0          0          0   (incl. Padding)

    ----------------------------------------------------------------------

      Code (inc. data)   RO Data    RW Data    ZI Data      Debug   Library Name

      1870        166        240          0          0        764   m_ws.l
       282         30          0          8          0        560   mc_w.l
      1904          0          0          0          0       1600   mf_w.l

    ----------------------------------------------------------------------
      4068        196        240          8          0       2924   Library Totals

    ----------------------------------------------------------------------

==============================================================================


      Code (inc. data)   RO Data    RW Data    ZI Data      Debug   

     19520        880        664        136       2232     373282   Grand Totals
     19520        880        664        136       2232     373282   ELF Image Totals
     19520        880        664        136          0          0   ROM Totals

==============================================================================

    Total RO  Size (Code + RO Data)                20184 (  19.71kB)
    Total RW  Size (RW Data + ZI Data)              2368 (   2.31kB)
    Total ROM Size (Code + RO Data + RW Data)      20320 (  19.84kB)

==============================================================================

